Warning: Design 'dc_top' has '1' unresolved references. For more detailed information, use the "link" command. (UID-341)
 
****************************************
check_design summary:
Version:     T-2022.03-SP3
Date:        Mon Nov 11 14:09:38 2024
****************************************

                   Name                                            Total
--------------------------------------------------------------------------------
Inputs/Outputs                                                     34
    Multiply driven inputs (LINT-6)                                34

Nets                                                                2
    Multiply driven net with constant driver (LINT-54)              2

Tristate                                                            2
    A tristate bus has a non tri-state driver (LINT-34)             2
--------------------------------------------------------------------------------

Warning: In design 'dc_top', input port 'clk' drives wired logic; the port direction may have been specified incorrectly. (LINT-6)
Warning: In design 'dc_top', input port 'reset' drives wired logic; the port direction may have been specified incorrectly. (LINT-6)
Warning: In design 'dc_top', input port 'x0[15]' drives wired logic; the port direction may have been specified incorrectly. (LINT-6)
Warning: In design 'dc_top', input port 'x0[14]' drives wired logic; the port direction may have been specified incorrectly. (LINT-6)
Warning: In design 'dc_top', input port 'x0[13]' drives wired logic; the port direction may have been specified incorrectly. (LINT-6)
Warning: In design 'dc_top', input port 'x0[12]' drives wired logic; the port direction may have been specified incorrectly. (LINT-6)
Warning: In design 'dc_top', input port 'x0[11]' drives wired logic; the port direction may have been specified incorrectly. (LINT-6)
Warning: In design 'dc_top', input port 'x0[10]' drives wired logic; the port direction may have been specified incorrectly. (LINT-6)
Warning: In design 'dc_top', input port 'x0[9]' drives wired logic; the port direction may have been specified incorrectly. (LINT-6)
Warning: In design 'dc_top', input port 'x0[8]' drives wired logic; the port direction may have been specified incorrectly. (LINT-6)
Warning: In design 'dc_top', input port 'x0[7]' drives wired logic; the port direction may have been specified incorrectly. (LINT-6)
Warning: In design 'dc_top', input port 'x0[6]' drives wired logic; the port direction may have been specified incorrectly. (LINT-6)
Warning: In design 'dc_top', input port 'x0[5]' drives wired logic; the port direction may have been specified incorrectly. (LINT-6)
Warning: In design 'dc_top', input port 'x0[4]' drives wired logic; the port direction may have been specified incorrectly. (LINT-6)
Warning: In design 'dc_top', input port 'x0[3]' drives wired logic; the port direction may have been specified incorrectly. (LINT-6)
Warning: In design 'dc_top', input port 'x0[2]' drives wired logic; the port direction may have been specified incorrectly. (LINT-6)
Warning: In design 'dc_top', input port 'x0[1]' drives wired logic; the port direction may have been specified incorrectly. (LINT-6)
Warning: In design 'dc_top', input port 'x0[0]' drives wired logic; the port direction may have been specified incorrectly. (LINT-6)
Warning: In design 'dc_top', input port 'x1[15]' drives wired logic; the port direction may have been specified incorrectly. (LINT-6)
Warning: In design 'dc_top', input port 'x1[14]' drives wired logic; the port direction may have been specified incorrectly. (LINT-6)
Warning: In design 'dc_top', input port 'x1[13]' drives wired logic; the port direction may have been specified incorrectly. (LINT-6)
Warning: In design 'dc_top', input port 'x1[12]' drives wired logic; the port direction may have been specified incorrectly. (LINT-6)
Warning: In design 'dc_top', input port 'x1[11]' drives wired logic; the port direction may have been specified incorrectly. (LINT-6)
Warning: In design 'dc_top', input port 'x1[10]' drives wired logic; the port direction may have been specified incorrectly. (LINT-6)
Warning: In design 'dc_top', input port 'x1[9]' drives wired logic; the port direction may have been specified incorrectly. (LINT-6)
Warning: In design 'dc_top', input port 'x1[8]' drives wired logic; the port direction may have been specified incorrectly. (LINT-6)
Warning: In design 'dc_top', input port 'x1[7]' drives wired logic; the port direction may have been specified incorrectly. (LINT-6)
Warning: In design 'dc_top', input port 'x1[6]' drives wired logic; the port direction may have been specified incorrectly. (LINT-6)
Warning: In design 'dc_top', input port 'x1[5]' drives wired logic; the port direction may have been specified incorrectly. (LINT-6)
Warning: In design 'dc_top', input port 'x1[4]' drives wired logic; the port direction may have been specified incorrectly. (LINT-6)
Warning: In design 'dc_top', input port 'x1[3]' drives wired logic; the port direction may have been specified incorrectly. (LINT-6)
Warning: In design 'dc_top', input port 'x1[2]' drives wired logic; the port direction may have been specified incorrectly. (LINT-6)
Warning: In design 'dc_top', input port 'x1[1]' drives wired logic; the port direction may have been specified incorrectly. (LINT-6)
Warning: In design 'dc_top', input port 'x1[0]' drives wired logic; the port direction may have been specified incorrectly. (LINT-6)
Warning: In design 'dc_top', three-state bus '*Logic0*' has non three-state driver 'U2/**logic_0**'. (LINT-34)
Warning: In design 'dc_top', three-state bus '*Logic1*' has non three-state driver 'U1/**logic_1**'. (LINT-34)
Warning: In design 'dc_top', multiply-driven net '*Logic0*' is driven by constant 0. (LINT-54)
Warning: In design 'dc_top', multiply-driven net '*Logic1*' is driven by constant 1. (LINT-54)
1
