Warning: Design 'dc_top' has '1' unresolved references. For more detailed information, use the "link" command. (UID-341)
 
****************************************
Report : area
Design : dc_top
Version: T-2022.03-SP3
Date   : Mon Nov 11 14:10:13 2024
****************************************

Library(s) Used:

    No libraries used.

Number of ports:                           67
Number of nets:                           169
Number of cells:                            7
Number of combinational cells:              0
Number of sequential cells:                 4
Number of macros/black boxes:               0
Number of buf/inv:                          0
Number of references:                       4

Combinational area:                  0.000000
Buf/Inv area:                        0.000000
Noncombinational area:               0.000000
Macro/Black Box area:                0.000000
Net Interconnect area:              46.548764

Total cell area:                     0.000000
Total area:                         46.548764

Information: This design contains black box (unknown) components. (RPT-8)
1
