Information: Propagating switching activity (low effort zero delay simulation). (PWR-6)
Warning: Design has unannotated primary inputs. (PWR-414)
Warning: Design has unannotated sequential cell outputs. (PWR-415)
 
****************************************
Report : power
        -analysis_effort low
Design : delay
Version: T-2022.03-SP3
Date   : Sun Nov 10 20:52:55 2024
****************************************


Library(s) Used:

    saed32rvt_tt1p05v25c (File: /afs/umich.edu/class/eecs598-002/SAED32/SAED32_EDK/lib/stdcell_rvt/db_ccs/saed32rvt_tt1p05v25c.db)


Operating Conditions: tt1p05v25c   Library: saed32rvt_tt1p05v25c
Wire Load Model Mode: enclosed

Design        Wire Load Model            Library
------------------------------------------------
delay                  8000              saed32rvt_tt1p05v25c


Global Operating Voltage = 1.05 
Power-specific unit information :
    Voltage Units = 1V
    Capacitance Units = 1.000000ff
    Time Units = 1ns
    Dynamic Power Units = 1uW    (derived from V,C,T units)
    Leakage Power Units = 1pW


Attributes
----------
i - Including register clock pin internal power


  Cell Internal Power  = 149.2388 uW   (96%)
  Net Switching Power  =   6.9964 uW    (4%)
                         ---------
Total Dynamic Power    = 156.2352 uW  (100%)

Cell Leakage Power     =   8.3365 uW


                 Internal         Switching           Leakage            Total
Power Group      Power            Power               Power              Power   (   %    )  Attrs
--------------------------------------------------------------------------------------------------
io_pad             0.0000            0.0000            0.0000            0.0000  (   0.00%)
memory             0.0000            0.0000            0.0000            0.0000  (   0.00%)
black_box          0.0000            0.0000            0.0000            0.0000  (   0.00%)
clock_network    144.8111            0.0000            0.0000          144.8111  (  87.99%)  i
register           2.5728            2.0330        5.3869e+06            9.9927  (   6.07%)
sequential         0.0000            0.0000            0.0000            0.0000  (   0.00%)
combinational      1.8549            4.9634        2.9496e+06            9.7678  (   5.94%)
--------------------------------------------------------------------------------------------------
Total            149.2388 uW         6.9964 uW     8.3365e+06 pW       164.5717 uW
1
