 
****************************************
check_design summary:
Version:     T-2022.03-SP3
Date:        Tue Nov 26 18:18:21 2024
****************************************

                   Name                                            Total
--------------------------------------------------------------------------------
Inputs/Outputs                                                     80
    Feedthrough (LINT-29)                                          64
    Shorted outputs (LINT-31)                                      16

Cells                                                               1
    Cells do not drive (LINT-1)                                     1

Nets                                                              120
    Unloaded nets (LINT-2)                                        120
--------------------------------------------------------------------------------

Warning: In design 'fft_N_rad2', cell 'B_6' does not drive any nets. (LINT-1)
Warning: In design 'fft_N_rad2', net 'genblk1[1].butterfly_inst/net2974' driven by pin 'genblk1[1].butterfly_inst/sub_80/Z_0' has no loads. (LINT-2)
Warning: In design 'fft_N_rad2', net 'genblk1[1].butterfly_inst/net2973' driven by pin 'genblk1[1].butterfly_inst/sub_80/Z_1' has no loads. (LINT-2)
Warning: In design 'fft_N_rad2', net 'genblk1[1].butterfly_inst/net2972' driven by pin 'genblk1[1].butterfly_inst/sub_80/Z_2' has no loads. (LINT-2)
Warning: In design 'fft_N_rad2', net 'genblk1[1].butterfly_inst/net2971' driven by pin 'genblk1[1].butterfly_inst/sub_80/Z_3' has no loads. (LINT-2)
Warning: In design 'fft_N_rad2', net 'genblk1[1].butterfly_inst/net2970' driven by pin 'genblk1[1].butterfly_inst/sub_80/Z_4' has no loads. (LINT-2)
Warning: In design 'fft_N_rad2', net 'genblk1[1].butterfly_inst/net2969' driven by pin 'genblk1[1].butterfly_inst/sub_80/Z_5' has no loads. (LINT-2)
Warning: In design 'fft_N_rad2', net 'genblk1[1].butterfly_inst/net2968' driven by pin 'genblk1[1].butterfly_inst/sub_80/Z_6' has no loads. (LINT-2)
Warning: In design 'fft_N_rad2', net 'genblk1[1].butterfly_inst/net2967' driven by pin 'genblk1[1].butterfly_inst/sub_80/Z_7' has no loads. (LINT-2)
Warning: In design 'fft_N_rad2', net 'genblk1[1].butterfly_inst/net2966' driven by pin 'genblk1[1].butterfly_inst/add_81/Z_0' has no loads. (LINT-2)
Warning: In design 'fft_N_rad2', net 'genblk1[1].butterfly_inst/net2965' driven by pin 'genblk1[1].butterfly_inst/add_81/Z_1' has no loads. (LINT-2)
Warning: In design 'fft_N_rad2', net 'genblk1[1].butterfly_inst/net2964' driven by pin 'genblk1[1].butterfly_inst/add_81/Z_2' has no loads. (LINT-2)
Warning: In design 'fft_N_rad2', net 'genblk1[1].butterfly_inst/net2963' driven by pin 'genblk1[1].butterfly_inst/add_81/Z_3' has no loads. (LINT-2)
Warning: In design 'fft_N_rad2', net 'genblk1[1].butterfly_inst/net2962' driven by pin 'genblk1[1].butterfly_inst/add_81/Z_4' has no loads. (LINT-2)
Warning: In design 'fft_N_rad2', net 'genblk1[1].butterfly_inst/net2961' driven by pin 'genblk1[1].butterfly_inst/add_81/Z_5' has no loads. (LINT-2)
Warning: In design 'fft_N_rad2', net 'genblk1[1].butterfly_inst/net2960' driven by pin 'genblk1[1].butterfly_inst/add_81/Z_6' has no loads. (LINT-2)
Warning: In design 'fft_N_rad2', net 'genblk1[1].butterfly_inst/net2959' driven by pin 'genblk1[1].butterfly_inst/add_81/Z_7' has no loads. (LINT-2)
Warning: In design 'fft_N_rad2', net 'genblk1[2].butterfly_inst/net5456' driven by pin 'genblk1[2].butterfly_inst/sub_80/Z_0' has no loads. (LINT-2)
Warning: In design 'fft_N_rad2', net 'genblk1[2].butterfly_inst/net5455' driven by pin 'genblk1[2].butterfly_inst/sub_80/Z_1' has no loads. (LINT-2)
Warning: In design 'fft_N_rad2', net 'genblk1[2].butterfly_inst/net5454' driven by pin 'genblk1[2].butterfly_inst/sub_80/Z_2' has no loads. (LINT-2)
Warning: In design 'fft_N_rad2', net 'genblk1[2].butterfly_inst/net5453' driven by pin 'genblk1[2].butterfly_inst/sub_80/Z_3' has no loads. (LINT-2)
Warning: In design 'fft_N_rad2', net 'genblk1[2].butterfly_inst/net5452' driven by pin 'genblk1[2].butterfly_inst/sub_80/Z_4' has no loads. (LINT-2)
Warning: In design 'fft_N_rad2', net 'genblk1[2].butterfly_inst/net5451' driven by pin 'genblk1[2].butterfly_inst/sub_80/Z_5' has no loads. (LINT-2)
Warning: In design 'fft_N_rad2', net 'genblk1[2].butterfly_inst/net5450' driven by pin 'genblk1[2].butterfly_inst/sub_80/Z_6' has no loads. (LINT-2)
Warning: In design 'fft_N_rad2', net 'genblk1[2].butterfly_inst/net5449' driven by pin 'genblk1[2].butterfly_inst/sub_80/Z_7' has no loads. (LINT-2)
Warning: In design 'fft_N_rad2', net 'genblk1[2].butterfly_inst/net5448' driven by pin 'genblk1[2].butterfly_inst/add_81/Z_0' has no loads. (LINT-2)
Warning: In design 'fft_N_rad2', net 'genblk1[2].butterfly_inst/net5447' driven by pin 'genblk1[2].butterfly_inst/add_81/Z_1' has no loads. (LINT-2)
Warning: In design 'fft_N_rad2', net 'genblk1[2].butterfly_inst/net5446' driven by pin 'genblk1[2].butterfly_inst/add_81/Z_2' has no loads. (LINT-2)
Warning: In design 'fft_N_rad2', net 'genblk1[2].butterfly_inst/net5445' driven by pin 'genblk1[2].butterfly_inst/add_81/Z_3' has no loads. (LINT-2)
Warning: In design 'fft_N_rad2', net 'genblk1[2].butterfly_inst/net5444' driven by pin 'genblk1[2].butterfly_inst/add_81/Z_4' has no loads. (LINT-2)
Warning: In design 'fft_N_rad2', net 'genblk1[2].butterfly_inst/net5443' driven by pin 'genblk1[2].butterfly_inst/add_81/Z_5' has no loads. (LINT-2)
Warning: In design 'fft_N_rad2', net 'genblk1[2].butterfly_inst/net5442' driven by pin 'genblk1[2].butterfly_inst/add_81/Z_6' has no loads. (LINT-2)
Warning: In design 'fft_N_rad2', net 'genblk1[2].butterfly_inst/net5441' driven by pin 'genblk1[2].butterfly_inst/add_81/Z_7' has no loads. (LINT-2)
Warning: In design 'fft_N_rad2', net 'genblk1[3].butterfly_inst/net7938' driven by pin 'genblk1[3].butterfly_inst/sub_80/Z_0' has no loads. (LINT-2)
Warning: In design 'fft_N_rad2', net 'genblk1[3].butterfly_inst/net7937' driven by pin 'genblk1[3].butterfly_inst/sub_80/Z_1' has no loads. (LINT-2)
Warning: In design 'fft_N_rad2', net 'genblk1[3].butterfly_inst/net7936' driven by pin 'genblk1[3].butterfly_inst/sub_80/Z_2' has no loads. (LINT-2)
Warning: In design 'fft_N_rad2', net 'genblk1[3].butterfly_inst/net7935' driven by pin 'genblk1[3].butterfly_inst/sub_80/Z_3' has no loads. (LINT-2)
Warning: In design 'fft_N_rad2', net 'genblk1[3].butterfly_inst/net7934' driven by pin 'genblk1[3].butterfly_inst/sub_80/Z_4' has no loads. (LINT-2)
Warning: In design 'fft_N_rad2', net 'genblk1[3].butterfly_inst/net7933' driven by pin 'genblk1[3].butterfly_inst/sub_80/Z_5' has no loads. (LINT-2)
Warning: In design 'fft_N_rad2', net 'genblk1[3].butterfly_inst/net7932' driven by pin 'genblk1[3].butterfly_inst/sub_80/Z_6' has no loads. (LINT-2)
Warning: In design 'fft_N_rad2', net 'genblk1[3].butterfly_inst/net7931' driven by pin 'genblk1[3].butterfly_inst/sub_80/Z_7' has no loads. (LINT-2)
Warning: In design 'fft_N_rad2', net 'genblk1[3].butterfly_inst/net7930' driven by pin 'genblk1[3].butterfly_inst/add_81/Z_0' has no loads. (LINT-2)
Warning: In design 'fft_N_rad2', net 'genblk1[3].butterfly_inst/net7929' driven by pin 'genblk1[3].butterfly_inst/add_81/Z_1' has no loads. (LINT-2)
Warning: In design 'fft_N_rad2', net 'genblk1[3].butterfly_inst/net7928' driven by pin 'genblk1[3].butterfly_inst/add_81/Z_2' has no loads. (LINT-2)
Warning: In design 'fft_N_rad2', net 'genblk1[3].butterfly_inst/net7927' driven by pin 'genblk1[3].butterfly_inst/add_81/Z_3' has no loads. (LINT-2)
Warning: In design 'fft_N_rad2', net 'genblk1[3].butterfly_inst/net7926' driven by pin 'genblk1[3].butterfly_inst/add_81/Z_4' has no loads. (LINT-2)
Warning: In design 'fft_N_rad2', net 'genblk1[3].butterfly_inst/net7925' driven by pin 'genblk1[3].butterfly_inst/add_81/Z_5' has no loads. (LINT-2)
Warning: In design 'fft_N_rad2', net 'genblk1[3].butterfly_inst/net7924' driven by pin 'genblk1[3].butterfly_inst/add_81/Z_6' has no loads. (LINT-2)
Warning: In design 'fft_N_rad2', net 'genblk1[3].butterfly_inst/net7923' driven by pin 'genblk1[3].butterfly_inst/add_81/Z_7' has no loads. (LINT-2)
Warning: In design 'fft_N_rad2', net 'genblk1[4].butterfly_inst/net10420' driven by pin 'genblk1[4].butterfly_inst/sub_80/Z_0' has no loads. (LINT-2)
Warning: In design 'fft_N_rad2', net 'genblk1[4].butterfly_inst/net10419' driven by pin 'genblk1[4].butterfly_inst/sub_80/Z_1' has no loads. (LINT-2)
Warning: In design 'fft_N_rad2', net 'genblk1[4].butterfly_inst/net10418' driven by pin 'genblk1[4].butterfly_inst/sub_80/Z_2' has no loads. (LINT-2)
Warning: In design 'fft_N_rad2', net 'genblk1[4].butterfly_inst/net10417' driven by pin 'genblk1[4].butterfly_inst/sub_80/Z_3' has no loads. (LINT-2)
Warning: In design 'fft_N_rad2', net 'genblk1[4].butterfly_inst/net10416' driven by pin 'genblk1[4].butterfly_inst/sub_80/Z_4' has no loads. (LINT-2)
Warning: In design 'fft_N_rad2', net 'genblk1[4].butterfly_inst/net10415' driven by pin 'genblk1[4].butterfly_inst/sub_80/Z_5' has no loads. (LINT-2)
Warning: In design 'fft_N_rad2', net 'genblk1[4].butterfly_inst/net10414' driven by pin 'genblk1[4].butterfly_inst/sub_80/Z_6' has no loads. (LINT-2)
Warning: In design 'fft_N_rad2', net 'genblk1[4].butterfly_inst/net10413' driven by pin 'genblk1[4].butterfly_inst/sub_80/Z_7' has no loads. (LINT-2)
Warning: In design 'fft_N_rad2', net 'genblk1[4].butterfly_inst/net10412' driven by pin 'genblk1[4].butterfly_inst/add_81/Z_0' has no loads. (LINT-2)
Warning: In design 'fft_N_rad2', net 'genblk1[4].butterfly_inst/net10411' driven by pin 'genblk1[4].butterfly_inst/add_81/Z_1' has no loads. (LINT-2)
Warning: In design 'fft_N_rad2', net 'genblk1[4].butterfly_inst/net10410' driven by pin 'genblk1[4].butterfly_inst/add_81/Z_2' has no loads. (LINT-2)
Warning: In design 'fft_N_rad2', net 'genblk1[4].butterfly_inst/net10409' driven by pin 'genblk1[4].butterfly_inst/add_81/Z_3' has no loads. (LINT-2)
Warning: In design 'fft_N_rad2', net 'genblk1[4].butterfly_inst/net10408' driven by pin 'genblk1[4].butterfly_inst/add_81/Z_4' has no loads. (LINT-2)
Warning: In design 'fft_N_rad2', net 'genblk1[4].butterfly_inst/net10407' driven by pin 'genblk1[4].butterfly_inst/add_81/Z_5' has no loads. (LINT-2)
Warning: In design 'fft_N_rad2', net 'genblk1[4].butterfly_inst/net10406' driven by pin 'genblk1[4].butterfly_inst/add_81/Z_6' has no loads. (LINT-2)
Warning: In design 'fft_N_rad2', net 'genblk1[4].butterfly_inst/net10405' driven by pin 'genblk1[4].butterfly_inst/add_81/Z_7' has no loads. (LINT-2)
Warning: In design 'fft_N_rad2', net 'butterfly_final/net12902' driven by pin 'butterfly_final/sub_80/Z_0' has no loads. (LINT-2)
Warning: In design 'fft_N_rad2', net 'butterfly_final/net12901' driven by pin 'butterfly_final/sub_80/Z_1' has no loads. (LINT-2)
Warning: In design 'fft_N_rad2', net 'butterfly_final/net12900' driven by pin 'butterfly_final/sub_80/Z_2' has no loads. (LINT-2)
Warning: In design 'fft_N_rad2', net 'butterfly_final/net12899' driven by pin 'butterfly_final/sub_80/Z_3' has no loads. (LINT-2)
Warning: In design 'fft_N_rad2', net 'butterfly_final/net12898' driven by pin 'butterfly_final/sub_80/Z_4' has no loads. (LINT-2)
Warning: In design 'fft_N_rad2', net 'butterfly_final/net12897' driven by pin 'butterfly_final/sub_80/Z_5' has no loads. (LINT-2)
Warning: In design 'fft_N_rad2', net 'butterfly_final/net12896' driven by pin 'butterfly_final/sub_80/Z_6' has no loads. (LINT-2)
Warning: In design 'fft_N_rad2', net 'butterfly_final/net12895' driven by pin 'butterfly_final/sub_80/Z_7' has no loads. (LINT-2)
Warning: In design 'fft_N_rad2', net 'butterfly_final/net12894' driven by pin 'butterfly_final/add_81/Z_0' has no loads. (LINT-2)
Warning: In design 'fft_N_rad2', net 'butterfly_final/net12893' driven by pin 'butterfly_final/add_81/Z_1' has no loads. (LINT-2)
Warning: In design 'fft_N_rad2', net 'butterfly_final/net12892' driven by pin 'butterfly_final/add_81/Z_2' has no loads. (LINT-2)
Warning: In design 'fft_N_rad2', net 'butterfly_final/net12891' driven by pin 'butterfly_final/add_81/Z_3' has no loads. (LINT-2)
Warning: In design 'fft_N_rad2', net 'butterfly_final/net12890' driven by pin 'butterfly_final/add_81/Z_4' has no loads. (LINT-2)
Warning: In design 'fft_N_rad2', net 'butterfly_final/net12889' driven by pin 'butterfly_final/add_81/Z_5' has no loads. (LINT-2)
Warning: In design 'fft_N_rad2', net 'butterfly_final/net12888' driven by pin 'butterfly_final/add_81/Z_6' has no loads. (LINT-2)
Warning: In design 'fft_N_rad2', net 'butterfly_final/net12887' driven by pin 'butterfly_final/add_81/Z_7' has no loads. (LINT-2)
Warning: In design 'fft_N_rad2', net 'genblk1[0].butterfly_inst/net492' driven by pin 'genblk1[0].butterfly_inst/sub_80/Z_0' has no loads. (LINT-2)
Warning: In design 'fft_N_rad2', net 'genblk1[0].butterfly_inst/net491' driven by pin 'genblk1[0].butterfly_inst/sub_80/Z_1' has no loads. (LINT-2)
Warning: In design 'fft_N_rad2', net 'genblk1[0].butterfly_inst/net490' driven by pin 'genblk1[0].butterfly_inst/sub_80/Z_2' has no loads. (LINT-2)
Warning: In design 'fft_N_rad2', net 'genblk1[0].butterfly_inst/net489' driven by pin 'genblk1[0].butterfly_inst/sub_80/Z_3' has no loads. (LINT-2)
Warning: In design 'fft_N_rad2', net 'genblk1[0].butterfly_inst/net488' driven by pin 'genblk1[0].butterfly_inst/sub_80/Z_4' has no loads. (LINT-2)
Warning: In design 'fft_N_rad2', net 'genblk1[0].butterfly_inst/net487' driven by pin 'genblk1[0].butterfly_inst/sub_80/Z_5' has no loads. (LINT-2)
Warning: In design 'fft_N_rad2', net 'genblk1[0].butterfly_inst/net486' driven by pin 'genblk1[0].butterfly_inst/sub_80/Z_6' has no loads. (LINT-2)
Warning: In design 'fft_N_rad2', net 'genblk1[0].butterfly_inst/net485' driven by pin 'genblk1[0].butterfly_inst/sub_80/Z_7' has no loads. (LINT-2)
Warning: In design 'fft_N_rad2', net 'genblk1[0].butterfly_inst/net484' driven by pin 'genblk1[0].butterfly_inst/add_81/Z_0' has no loads. (LINT-2)
Warning: In design 'fft_N_rad2', net 'genblk1[0].butterfly_inst/net483' driven by pin 'genblk1[0].butterfly_inst/add_81/Z_1' has no loads. (LINT-2)
Warning: In design 'fft_N_rad2', net 'genblk1[0].butterfly_inst/net482' driven by pin 'genblk1[0].butterfly_inst/add_81/Z_2' has no loads. (LINT-2)
Warning: In design 'fft_N_rad2', net 'genblk1[0].butterfly_inst/net481' driven by pin 'genblk1[0].butterfly_inst/add_81/Z_3' has no loads. (LINT-2)
Warning: In design 'fft_N_rad2', net 'genblk1[0].butterfly_inst/net480' driven by pin 'genblk1[0].butterfly_inst/add_81/Z_4' has no loads. (LINT-2)
Warning: In design 'fft_N_rad2', net 'genblk1[0].butterfly_inst/net479' driven by pin 'genblk1[0].butterfly_inst/add_81/Z_5' has no loads. (LINT-2)
Warning: In design 'fft_N_rad2', net 'genblk1[0].butterfly_inst/net478' driven by pin 'genblk1[0].butterfly_inst/add_81/Z_6' has no loads. (LINT-2)
Warning: In design 'fft_N_rad2', net 'genblk1[0].butterfly_inst/net477' driven by pin 'genblk1[0].butterfly_inst/add_81/Z_7' has no loads. (LINT-2)
Warning: In design 'fft_N_rad2', net 'genblk1[0].dc_2/delay_y0/net15481' driven by pin 'genblk1[0].dc_2/delay_y0/C1103/Z' has no loads. (LINT-2)
Warning: In design 'fft_N_rad2', net 'genblk1[0].dc_2/delay_y0/net15480' driven by pin 'genblk1[0].dc_2/delay_y0/C1100/Z' has no loads. (LINT-2)
Warning: In design 'fft_N_rad2', net 'genblk1[0].dc_2/out_valid' driven by pin 'genblk1[0].dc_2/delay_x1/out_valid' has no loads. (LINT-2)
Warning: In design 'fft_N_rad2', net 'genblk1[1].dc_2/delay_y0/net15535' driven by pin 'genblk1[1].dc_2/delay_y0/C585/Z' has no loads. (LINT-2)
Warning: In design 'fft_N_rad2', net 'genblk1[1].dc_2/delay_y0/net15534' driven by pin 'genblk1[1].dc_2/delay_y0/C582/Z' has no loads. (LINT-2)
Warning: In design 'fft_N_rad2', net 'genblk1[1].dc_2/out_valid' driven by pin 'genblk1[1].dc_2/delay_x1/out_valid' has no loads. (LINT-2)
Warning: In design 'fft_N_rad2', net 'genblk1[2].dc_2/delay_y0/net15581' driven by pin 'genblk1[2].dc_2/delay_y0/C323/Z' has no loads. (LINT-2)
Warning: In design 'fft_N_rad2', net 'genblk1[2].dc_2/delay_y0/net15580' driven by pin 'genblk1[2].dc_2/delay_y0/C320/Z' has no loads. (LINT-2)
Warning: In design 'fft_N_rad2', net 'genblk1[2].dc_2/out_valid' driven by pin 'genblk1[2].dc_2/delay_x1/out_valid' has no loads. (LINT-2)
Warning: In design 'fft_N_rad2', net 'genblk1[3].dc_2/delay_y0/net15619' driven by pin 'genblk1[3].dc_2/delay_y0/C189/Z' has no loads. (LINT-2)
Warning: In design 'fft_N_rad2', net 'genblk1[3].dc_2/delay_y0/net15618' driven by pin 'genblk1[3].dc_2/delay_y0/C186/Z' has no loads. (LINT-2)
Warning: In design 'fft_N_rad2', net 'genblk1[3].dc_2/out_valid' driven by pin 'genblk1[3].dc_2/delay_x1/out_valid' has no loads. (LINT-2)
Warning: In design 'fft_N_rad2', net 'genblk1[4].dc_2/out_valid' driven by pin 'genblk1[4].dc_2/delay_x1/out_valid' has no loads. (LINT-2)
Warning: In design 'fft_N_rad2', net 'deserializer_inst/net15368' driven by pin 'deserializer_inst/C12908/Z' has no loads. (LINT-2)
Warning: In design 'fft_N_rad2', net 'input_folding_inst/delay_inst/net15419' driven by pin 'input_folding_inst/delay_inst/C2133/Z' has no loads. (LINT-2)
Warning: In design 'fft_N_rad2', net 'input_folding_inst/delay_inst/net15418' driven by pin 'input_folding_inst/delay_inst/C2130/Z' has no loads. (LINT-2)
Warning: In design 'fft_N_rad2', net 'genblk1[0].dc_2/delay_x1/net15452' driven by pin 'genblk1[0].dc_2/delay_x1/C1103/Z' has no loads. (LINT-2)
Warning: In design 'fft_N_rad2', net 'genblk1[0].dc_2/delay_x1/net15451' driven by pin 'genblk1[0].dc_2/delay_x1/C1100/Z' has no loads. (LINT-2)
Warning: In design 'fft_N_rad2', net 'genblk1[1].dc_2/delay_x1/net15510' driven by pin 'genblk1[1].dc_2/delay_x1/C585/Z' has no loads. (LINT-2)
Warning: In design 'fft_N_rad2', net 'genblk1[1].dc_2/delay_x1/net15509' driven by pin 'genblk1[1].dc_2/delay_x1/C582/Z' has no loads. (LINT-2)
Warning: In design 'fft_N_rad2', net 'genblk1[2].dc_2/delay_x1/net15560' driven by pin 'genblk1[2].dc_2/delay_x1/C323/Z' has no loads. (LINT-2)
Warning: In design 'fft_N_rad2', net 'genblk1[2].dc_2/delay_x1/net15559' driven by pin 'genblk1[2].dc_2/delay_x1/C320/Z' has no loads. (LINT-2)
Warning: In design 'fft_N_rad2', net 'genblk1[3].dc_2/delay_x1/net15602' driven by pin 'genblk1[3].dc_2/delay_x1/C189/Z' has no loads. (LINT-2)
Warning: In design 'fft_N_rad2', net 'genblk1[3].dc_2/delay_x1/net15601' driven by pin 'genblk1[3].dc_2/delay_x1/C186/Z' has no loads. (LINT-2)
Warning: In design 'input_folding_N64', input port 'data_in[r][31]' is connected directly to output port 'data_out_1[r][31]'. (LINT-29)
Warning: In design 'input_folding_N64', input port 'data_in[r][30]' is connected directly to output port 'data_out_1[r][30]'. (LINT-29)
Warning: In design 'input_folding_N64', input port 'data_in[r][29]' is connected directly to output port 'data_out_1[r][29]'. (LINT-29)
Warning: In design 'input_folding_N64', input port 'data_in[r][28]' is connected directly to output port 'data_out_1[r][28]'. (LINT-29)
Warning: In design 'input_folding_N64', input port 'data_in[r][27]' is connected directly to output port 'data_out_1[r][27]'. (LINT-29)
Warning: In design 'input_folding_N64', input port 'data_in[r][26]' is connected directly to output port 'data_out_1[r][26]'. (LINT-29)
Warning: In design 'input_folding_N64', input port 'data_in[r][25]' is connected directly to output port 'data_out_1[r][25]'. (LINT-29)
Warning: In design 'input_folding_N64', input port 'data_in[r][24]' is connected directly to output port 'data_out_1[r][24]'. (LINT-29)
Warning: In design 'input_folding_N64', input port 'data_in[r][23]' is connected directly to output port 'data_out_1[r][23]'. (LINT-29)
Warning: In design 'input_folding_N64', input port 'data_in[r][22]' is connected directly to output port 'data_out_1[r][22]'. (LINT-29)
Warning: In design 'input_folding_N64', input port 'data_in[r][21]' is connected directly to output port 'data_out_1[r][21]'. (LINT-29)
Warning: In design 'input_folding_N64', input port 'data_in[r][20]' is connected directly to output port 'data_out_1[r][20]'. (LINT-29)
Warning: In design 'input_folding_N64', input port 'data_in[r][19]' is connected directly to output port 'data_out_1[r][19]'. (LINT-29)
Warning: In design 'input_folding_N64', input port 'data_in[r][18]' is connected directly to output port 'data_out_1[r][18]'. (LINT-29)
Warning: In design 'input_folding_N64', input port 'data_in[r][17]' is connected directly to output port 'data_out_1[r][17]'. (LINT-29)
Warning: In design 'input_folding_N64', input port 'data_in[r][16]' is connected directly to output port 'data_out_1[r][16]'. (LINT-29)
Warning: In design 'input_folding_N64', input port 'data_in[r][15]' is connected directly to output port 'data_out_1[r][15]'. (LINT-29)
Warning: In design 'input_folding_N64', input port 'data_in[r][14]' is connected directly to output port 'data_out_1[r][14]'. (LINT-29)
Warning: In design 'input_folding_N64', input port 'data_in[r][13]' is connected directly to output port 'data_out_1[r][13]'. (LINT-29)
Warning: In design 'input_folding_N64', input port 'data_in[r][12]' is connected directly to output port 'data_out_1[r][12]'. (LINT-29)
Warning: In design 'input_folding_N64', input port 'data_in[r][11]' is connected directly to output port 'data_out_1[r][11]'. (LINT-29)
Warning: In design 'input_folding_N64', input port 'data_in[r][10]' is connected directly to output port 'data_out_1[r][10]'. (LINT-29)
Warning: In design 'input_folding_N64', input port 'data_in[r][9]' is connected directly to output port 'data_out_1[r][9]'. (LINT-29)
Warning: In design 'input_folding_N64', input port 'data_in[r][8]' is connected directly to output port 'data_out_1[r][8]'. (LINT-29)
Warning: In design 'input_folding_N64', input port 'data_in[r][7]' is connected directly to output port 'data_out_1[r][7]'. (LINT-29)
Warning: In design 'input_folding_N64', input port 'data_in[r][6]' is connected directly to output port 'data_out_1[r][6]'. (LINT-29)
Warning: In design 'input_folding_N64', input port 'data_in[r][5]' is connected directly to output port 'data_out_1[r][5]'. (LINT-29)
Warning: In design 'input_folding_N64', input port 'data_in[r][4]' is connected directly to output port 'data_out_1[r][4]'. (LINT-29)
Warning: In design 'input_folding_N64', input port 'data_in[r][3]' is connected directly to output port 'data_out_1[r][3]'. (LINT-29)
Warning: In design 'input_folding_N64', input port 'data_in[r][2]' is connected directly to output port 'data_out_1[r][2]'. (LINT-29)
Warning: In design 'input_folding_N64', input port 'data_in[r][1]' is connected directly to output port 'data_out_1[r][1]'. (LINT-29)
Warning: In design 'input_folding_N64', input port 'data_in[r][0]' is connected directly to output port 'data_out_1[r][0]'. (LINT-29)
Warning: In design 'input_folding_N64', input port 'data_in[i][31]' is connected directly to output port 'data_out_1[i][31]'. (LINT-29)
Warning: In design 'input_folding_N64', input port 'data_in[i][30]' is connected directly to output port 'data_out_1[i][30]'. (LINT-29)
Warning: In design 'input_folding_N64', input port 'data_in[i][29]' is connected directly to output port 'data_out_1[i][29]'. (LINT-29)
Warning: In design 'input_folding_N64', input port 'data_in[i][28]' is connected directly to output port 'data_out_1[i][28]'. (LINT-29)
Warning: In design 'input_folding_N64', input port 'data_in[i][27]' is connected directly to output port 'data_out_1[i][27]'. (LINT-29)
Warning: In design 'input_folding_N64', input port 'data_in[i][26]' is connected directly to output port 'data_out_1[i][26]'. (LINT-29)
Warning: In design 'input_folding_N64', input port 'data_in[i][25]' is connected directly to output port 'data_out_1[i][25]'. (LINT-29)
Warning: In design 'input_folding_N64', input port 'data_in[i][24]' is connected directly to output port 'data_out_1[i][24]'. (LINT-29)
Warning: In design 'input_folding_N64', input port 'data_in[i][23]' is connected directly to output port 'data_out_1[i][23]'. (LINT-29)
Warning: In design 'input_folding_N64', input port 'data_in[i][22]' is connected directly to output port 'data_out_1[i][22]'. (LINT-29)
Warning: In design 'input_folding_N64', input port 'data_in[i][21]' is connected directly to output port 'data_out_1[i][21]'. (LINT-29)
Warning: In design 'input_folding_N64', input port 'data_in[i][20]' is connected directly to output port 'data_out_1[i][20]'. (LINT-29)
Warning: In design 'input_folding_N64', input port 'data_in[i][19]' is connected directly to output port 'data_out_1[i][19]'. (LINT-29)
Warning: In design 'input_folding_N64', input port 'data_in[i][18]' is connected directly to output port 'data_out_1[i][18]'. (LINT-29)
Warning: In design 'input_folding_N64', input port 'data_in[i][17]' is connected directly to output port 'data_out_1[i][17]'. (LINT-29)
Warning: In design 'input_folding_N64', input port 'data_in[i][16]' is connected directly to output port 'data_out_1[i][16]'. (LINT-29)
Warning: In design 'input_folding_N64', input port 'data_in[i][15]' is connected directly to output port 'data_out_1[i][15]'. (LINT-29)
Warning: In design 'input_folding_N64', input port 'data_in[i][14]' is connected directly to output port 'data_out_1[i][14]'. (LINT-29)
Warning: In design 'input_folding_N64', input port 'data_in[i][13]' is connected directly to output port 'data_out_1[i][13]'. (LINT-29)
Warning: In design 'input_folding_N64', input port 'data_in[i][12]' is connected directly to output port 'data_out_1[i][12]'. (LINT-29)
Warning: In design 'input_folding_N64', input port 'data_in[i][11]' is connected directly to output port 'data_out_1[i][11]'. (LINT-29)
Warning: In design 'input_folding_N64', input port 'data_in[i][10]' is connected directly to output port 'data_out_1[i][10]'. (LINT-29)
Warning: In design 'input_folding_N64', input port 'data_in[i][9]' is connected directly to output port 'data_out_1[i][9]'. (LINT-29)
Warning: In design 'input_folding_N64', input port 'data_in[i][8]' is connected directly to output port 'data_out_1[i][8]'. (LINT-29)
Warning: In design 'input_folding_N64', input port 'data_in[i][7]' is connected directly to output port 'data_out_1[i][7]'. (LINT-29)
Warning: In design 'input_folding_N64', input port 'data_in[i][6]' is connected directly to output port 'data_out_1[i][6]'. (LINT-29)
Warning: In design 'input_folding_N64', input port 'data_in[i][5]' is connected directly to output port 'data_out_1[i][5]'. (LINT-29)
Warning: In design 'input_folding_N64', input port 'data_in[i][4]' is connected directly to output port 'data_out_1[i][4]'. (LINT-29)
Warning: In design 'input_folding_N64', input port 'data_in[i][3]' is connected directly to output port 'data_out_1[i][3]'. (LINT-29)
Warning: In design 'input_folding_N64', input port 'data_in[i][2]' is connected directly to output port 'data_out_1[i][2]'. (LINT-29)
Warning: In design 'input_folding_N64', input port 'data_in[i][1]' is connected directly to output port 'data_out_1[i][1]'. (LINT-29)
Warning: In design 'input_folding_N64', input port 'data_in[i][0]' is connected directly to output port 'data_out_1[i][0]'. (LINT-29)
Warning: In design 'butterfly', output port 'Y[r][31]' is connected directly to output port 'Y[r][23]'. (LINT-31)
Warning: In design 'butterfly', output port 'Y[r][31]' is connected directly to output port 'Y[r][24]'. (LINT-31)
Warning: In design 'butterfly', output port 'Y[r][31]' is connected directly to output port 'Y[r][25]'. (LINT-31)
Warning: In design 'butterfly', output port 'Y[r][31]' is connected directly to output port 'Y[r][26]'. (LINT-31)
Warning: In design 'butterfly', output port 'Y[r][31]' is connected directly to output port 'Y[r][27]'. (LINT-31)
Warning: In design 'butterfly', output port 'Y[r][31]' is connected directly to output port 'Y[r][28]'. (LINT-31)
Warning: In design 'butterfly', output port 'Y[r][31]' is connected directly to output port 'Y[r][29]'. (LINT-31)
Warning: In design 'butterfly', output port 'Y[r][31]' is connected directly to output port 'Y[r][30]'. (LINT-31)
Warning: In design 'butterfly', output port 'Y[i][31]' is connected directly to output port 'Y[i][23]'. (LINT-31)
Warning: In design 'butterfly', output port 'Y[i][31]' is connected directly to output port 'Y[i][24]'. (LINT-31)
Warning: In design 'butterfly', output port 'Y[i][31]' is connected directly to output port 'Y[i][25]'. (LINT-31)
Warning: In design 'butterfly', output port 'Y[i][31]' is connected directly to output port 'Y[i][26]'. (LINT-31)
Warning: In design 'butterfly', output port 'Y[i][31]' is connected directly to output port 'Y[i][27]'. (LINT-31)
Warning: In design 'butterfly', output port 'Y[i][31]' is connected directly to output port 'Y[i][28]'. (LINT-31)
Warning: In design 'butterfly', output port 'Y[i][31]' is connected directly to output port 'Y[i][29]'. (LINT-31)
Warning: In design 'butterfly', output port 'Y[i][31]' is connected directly to output port 'Y[i][30]'. (LINT-31)
1
