 
****************************************
check_design summary:
Version:     T-2022.03-SP3
Date:        Wed Dec 11 14:40:12 2024
****************************************

                   Name                                            Total
--------------------------------------------------------------------------------
Cells                                                              37
    Cells do not drive (LINT-1)                                     4
    Connected to power or ground (LINT-32)                         32
    Nets connected to multiple pins on same cell (LINT-33)          1

Nets                                                              107
    Unloaded nets (LINT-2)                                        107
--------------------------------------------------------------------------------

Warning: In design 'twiddle_control_pointer_N32_STEP1', cell 'B_1' does not drive any nets. (LINT-1)
Warning: In design 'twiddle_control_pointer_N32_STEP2', cell 'B_1' does not drive any nets. (LINT-1)
Warning: In design 'twiddle_control_pointer_N32_STEP4', cell 'B_1' does not drive any nets. (LINT-1)
Warning: In design 'twiddle_control_pointer_N32_STEP8', cell 'B_1' does not drive any nets. (LINT-1)
Warning: In design 'fft_N_rad2', net 'engine[1].butterfly_inst/net3225' driven by pin 'engine[1].butterfly_inst/sub_91/Z_0' has no loads. (LINT-2)
Warning: In design 'fft_N_rad2', net 'engine[1].butterfly_inst/net3224' driven by pin 'engine[1].butterfly_inst/sub_91/Z_1' has no loads. (LINT-2)
Warning: In design 'fft_N_rad2', net 'engine[1].butterfly_inst/net3223' driven by pin 'engine[1].butterfly_inst/sub_91/Z_2' has no loads. (LINT-2)
Warning: In design 'fft_N_rad2', net 'engine[1].butterfly_inst/net3222' driven by pin 'engine[1].butterfly_inst/sub_91/Z_3' has no loads. (LINT-2)
Warning: In design 'fft_N_rad2', net 'engine[1].butterfly_inst/net3221' driven by pin 'engine[1].butterfly_inst/sub_91/Z_4' has no loads. (LINT-2)
Warning: In design 'fft_N_rad2', net 'engine[1].butterfly_inst/net3220' driven by pin 'engine[1].butterfly_inst/sub_91/Z_5' has no loads. (LINT-2)
Warning: In design 'fft_N_rad2', net 'engine[1].butterfly_inst/net3219' driven by pin 'engine[1].butterfly_inst/sub_91/Z_6' has no loads. (LINT-2)
Warning: In design 'fft_N_rad2', net 'engine[1].butterfly_inst/net3218' driven by pin 'engine[1].butterfly_inst/sub_91/Z_7' has no loads. (LINT-2)
Warning: In design 'fft_N_rad2', net 'engine[1].butterfly_inst/net3217' driven by pin 'engine[1].butterfly_inst/add_92/Z_0' has no loads. (LINT-2)
Warning: In design 'fft_N_rad2', net 'engine[1].butterfly_inst/net3216' driven by pin 'engine[1].butterfly_inst/add_92/Z_1' has no loads. (LINT-2)
Warning: In design 'fft_N_rad2', net 'engine[1].butterfly_inst/net3215' driven by pin 'engine[1].butterfly_inst/add_92/Z_2' has no loads. (LINT-2)
Warning: In design 'fft_N_rad2', net 'engine[1].butterfly_inst/net3214' driven by pin 'engine[1].butterfly_inst/add_92/Z_3' has no loads. (LINT-2)
Warning: In design 'fft_N_rad2', net 'engine[1].butterfly_inst/net3213' driven by pin 'engine[1].butterfly_inst/add_92/Z_4' has no loads. (LINT-2)
Warning: In design 'fft_N_rad2', net 'engine[1].butterfly_inst/net3212' driven by pin 'engine[1].butterfly_inst/add_92/Z_5' has no loads. (LINT-2)
Warning: In design 'fft_N_rad2', net 'engine[1].butterfly_inst/net3211' driven by pin 'engine[1].butterfly_inst/add_92/Z_6' has no loads. (LINT-2)
Warning: In design 'fft_N_rad2', net 'engine[1].butterfly_inst/net3210' driven by pin 'engine[1].butterfly_inst/add_92/Z_7' has no loads. (LINT-2)
Warning: In design 'fft_N_rad2', net 'engine[2].butterfly_inst/net5720' driven by pin 'engine[2].butterfly_inst/sub_91/Z_0' has no loads. (LINT-2)
Warning: In design 'fft_N_rad2', net 'engine[2].butterfly_inst/net5719' driven by pin 'engine[2].butterfly_inst/sub_91/Z_1' has no loads. (LINT-2)
Warning: In design 'fft_N_rad2', net 'engine[2].butterfly_inst/net5718' driven by pin 'engine[2].butterfly_inst/sub_91/Z_2' has no loads. (LINT-2)
Warning: In design 'fft_N_rad2', net 'engine[2].butterfly_inst/net5717' driven by pin 'engine[2].butterfly_inst/sub_91/Z_3' has no loads. (LINT-2)
Warning: In design 'fft_N_rad2', net 'engine[2].butterfly_inst/net5716' driven by pin 'engine[2].butterfly_inst/sub_91/Z_4' has no loads. (LINT-2)
Warning: In design 'fft_N_rad2', net 'engine[2].butterfly_inst/net5715' driven by pin 'engine[2].butterfly_inst/sub_91/Z_5' has no loads. (LINT-2)
Warning: In design 'fft_N_rad2', net 'engine[2].butterfly_inst/net5714' driven by pin 'engine[2].butterfly_inst/sub_91/Z_6' has no loads. (LINT-2)
Warning: In design 'fft_N_rad2', net 'engine[2].butterfly_inst/net5713' driven by pin 'engine[2].butterfly_inst/sub_91/Z_7' has no loads. (LINT-2)
Warning: In design 'fft_N_rad2', net 'engine[2].butterfly_inst/net5712' driven by pin 'engine[2].butterfly_inst/add_92/Z_0' has no loads. (LINT-2)
Warning: In design 'fft_N_rad2', net 'engine[2].butterfly_inst/net5711' driven by pin 'engine[2].butterfly_inst/add_92/Z_1' has no loads. (LINT-2)
Warning: In design 'fft_N_rad2', net 'engine[2].butterfly_inst/net5710' driven by pin 'engine[2].butterfly_inst/add_92/Z_2' has no loads. (LINT-2)
Warning: In design 'fft_N_rad2', net 'engine[2].butterfly_inst/net5709' driven by pin 'engine[2].butterfly_inst/add_92/Z_3' has no loads. (LINT-2)
Warning: In design 'fft_N_rad2', net 'engine[2].butterfly_inst/net5708' driven by pin 'engine[2].butterfly_inst/add_92/Z_4' has no loads. (LINT-2)
Warning: In design 'fft_N_rad2', net 'engine[2].butterfly_inst/net5707' driven by pin 'engine[2].butterfly_inst/add_92/Z_5' has no loads. (LINT-2)
Warning: In design 'fft_N_rad2', net 'engine[2].butterfly_inst/net5706' driven by pin 'engine[2].butterfly_inst/add_92/Z_6' has no loads. (LINT-2)
Warning: In design 'fft_N_rad2', net 'engine[2].butterfly_inst/net5705' driven by pin 'engine[2].butterfly_inst/add_92/Z_7' has no loads. (LINT-2)
Warning: In design 'fft_N_rad2', net 'engine[3].butterfly_inst/net8215' driven by pin 'engine[3].butterfly_inst/sub_91/Z_0' has no loads. (LINT-2)
Warning: In design 'fft_N_rad2', net 'engine[3].butterfly_inst/net8214' driven by pin 'engine[3].butterfly_inst/sub_91/Z_1' has no loads. (LINT-2)
Warning: In design 'fft_N_rad2', net 'engine[3].butterfly_inst/net8213' driven by pin 'engine[3].butterfly_inst/sub_91/Z_2' has no loads. (LINT-2)
Warning: In design 'fft_N_rad2', net 'engine[3].butterfly_inst/net8212' driven by pin 'engine[3].butterfly_inst/sub_91/Z_3' has no loads. (LINT-2)
Warning: In design 'fft_N_rad2', net 'engine[3].butterfly_inst/net8211' driven by pin 'engine[3].butterfly_inst/sub_91/Z_4' has no loads. (LINT-2)
Warning: In design 'fft_N_rad2', net 'engine[3].butterfly_inst/net8210' driven by pin 'engine[3].butterfly_inst/sub_91/Z_5' has no loads. (LINT-2)
Warning: In design 'fft_N_rad2', net 'engine[3].butterfly_inst/net8209' driven by pin 'engine[3].butterfly_inst/sub_91/Z_6' has no loads. (LINT-2)
Warning: In design 'fft_N_rad2', net 'engine[3].butterfly_inst/net8208' driven by pin 'engine[3].butterfly_inst/sub_91/Z_7' has no loads. (LINT-2)
Warning: In design 'fft_N_rad2', net 'engine[3].butterfly_inst/net8207' driven by pin 'engine[3].butterfly_inst/add_92/Z_0' has no loads. (LINT-2)
Warning: In design 'fft_N_rad2', net 'engine[3].butterfly_inst/net8206' driven by pin 'engine[3].butterfly_inst/add_92/Z_1' has no loads. (LINT-2)
Warning: In design 'fft_N_rad2', net 'engine[3].butterfly_inst/net8205' driven by pin 'engine[3].butterfly_inst/add_92/Z_2' has no loads. (LINT-2)
Warning: In design 'fft_N_rad2', net 'engine[3].butterfly_inst/net8204' driven by pin 'engine[3].butterfly_inst/add_92/Z_3' has no loads. (LINT-2)
Warning: In design 'fft_N_rad2', net 'engine[3].butterfly_inst/net8203' driven by pin 'engine[3].butterfly_inst/add_92/Z_4' has no loads. (LINT-2)
Warning: In design 'fft_N_rad2', net 'engine[3].butterfly_inst/net8202' driven by pin 'engine[3].butterfly_inst/add_92/Z_5' has no loads. (LINT-2)
Warning: In design 'fft_N_rad2', net 'engine[3].butterfly_inst/net8201' driven by pin 'engine[3].butterfly_inst/add_92/Z_6' has no loads. (LINT-2)
Warning: In design 'fft_N_rad2', net 'engine[3].butterfly_inst/net8200' driven by pin 'engine[3].butterfly_inst/add_92/Z_7' has no loads. (LINT-2)
Warning: In design 'fft_N_rad2', net 'butterfly_final/net10697' driven by pin 'butterfly_final/sub_91/Z_0' has no loads. (LINT-2)
Warning: In design 'fft_N_rad2', net 'butterfly_final/net10696' driven by pin 'butterfly_final/sub_91/Z_1' has no loads. (LINT-2)
Warning: In design 'fft_N_rad2', net 'butterfly_final/net10695' driven by pin 'butterfly_final/sub_91/Z_2' has no loads. (LINT-2)
Warning: In design 'fft_N_rad2', net 'butterfly_final/net10694' driven by pin 'butterfly_final/sub_91/Z_3' has no loads. (LINT-2)
Warning: In design 'fft_N_rad2', net 'butterfly_final/net10693' driven by pin 'butterfly_final/sub_91/Z_4' has no loads. (LINT-2)
Warning: In design 'fft_N_rad2', net 'butterfly_final/net10692' driven by pin 'butterfly_final/sub_91/Z_5' has no loads. (LINT-2)
Warning: In design 'fft_N_rad2', net 'butterfly_final/net10691' driven by pin 'butterfly_final/sub_91/Z_6' has no loads. (LINT-2)
Warning: In design 'fft_N_rad2', net 'butterfly_final/net10690' driven by pin 'butterfly_final/sub_91/Z_7' has no loads. (LINT-2)
Warning: In design 'fft_N_rad2', net 'butterfly_final/net10689' driven by pin 'butterfly_final/add_92/Z_0' has no loads. (LINT-2)
Warning: In design 'fft_N_rad2', net 'butterfly_final/net10688' driven by pin 'butterfly_final/add_92/Z_1' has no loads. (LINT-2)
Warning: In design 'fft_N_rad2', net 'butterfly_final/net10687' driven by pin 'butterfly_final/add_92/Z_2' has no loads. (LINT-2)
Warning: In design 'fft_N_rad2', net 'butterfly_final/net10686' driven by pin 'butterfly_final/add_92/Z_3' has no loads. (LINT-2)
Warning: In design 'fft_N_rad2', net 'butterfly_final/net10685' driven by pin 'butterfly_final/add_92/Z_4' has no loads. (LINT-2)
Warning: In design 'fft_N_rad2', net 'butterfly_final/net10684' driven by pin 'butterfly_final/add_92/Z_5' has no loads. (LINT-2)
Warning: In design 'fft_N_rad2', net 'butterfly_final/net10683' driven by pin 'butterfly_final/add_92/Z_6' has no loads. (LINT-2)
Warning: In design 'fft_N_rad2', net 'butterfly_final/net10682' driven by pin 'butterfly_final/add_92/Z_7' has no loads. (LINT-2)
Warning: In design 'fft_N_rad2', net 'twiddle_pointers_out_valid[0]' driven by pin 'engine[0].twiddle_control_pointer_inst/out_valid' has no loads. (LINT-2)
Warning: In design 'fft_N_rad2', net 'twiddle_pointers_out_valid[1]' driven by pin 'engine[1].twiddle_control_pointer_inst/out_valid' has no loads. (LINT-2)
Warning: In design 'fft_N_rad2', net 'twiddle_pointers_out_valid[2]' driven by pin 'engine[2].twiddle_control_pointer_inst/out_valid' has no loads. (LINT-2)
Warning: In design 'fft_N_rad2', net 'twiddle_pointers_out_valid[3]' driven by pin 'engine[3].twiddle_control_pointer_inst/out_valid' has no loads. (LINT-2)
Warning: In design 'fft_N_rad2', net 'interleaver_inst/x1_out_valid' driven by pin 'interleaver_inst/fold_x1/out_valid' has no loads. (LINT-2)
Warning: In design 'fft_N_rad2', net 'interleaver_inst/net690' driven by pin 'interleaver_inst/C197/Z' has no loads. (LINT-2)
Warning: In design 'fft_N_rad2', net 'engine[0].butterfly_inst/net730' driven by pin 'engine[0].butterfly_inst/sub_91/Z_0' has no loads. (LINT-2)
Warning: In design 'fft_N_rad2', net 'engine[0].butterfly_inst/net729' driven by pin 'engine[0].butterfly_inst/sub_91/Z_1' has no loads. (LINT-2)
Warning: In design 'fft_N_rad2', net 'engine[0].butterfly_inst/net728' driven by pin 'engine[0].butterfly_inst/sub_91/Z_2' has no loads. (LINT-2)
Warning: In design 'fft_N_rad2', net 'engine[0].butterfly_inst/net727' driven by pin 'engine[0].butterfly_inst/sub_91/Z_3' has no loads. (LINT-2)
Warning: In design 'fft_N_rad2', net 'engine[0].butterfly_inst/net726' driven by pin 'engine[0].butterfly_inst/sub_91/Z_4' has no loads. (LINT-2)
Warning: In design 'fft_N_rad2', net 'engine[0].butterfly_inst/net725' driven by pin 'engine[0].butterfly_inst/sub_91/Z_5' has no loads. (LINT-2)
Warning: In design 'fft_N_rad2', net 'engine[0].butterfly_inst/net724' driven by pin 'engine[0].butterfly_inst/sub_91/Z_6' has no loads. (LINT-2)
Warning: In design 'fft_N_rad2', net 'engine[0].butterfly_inst/net723' driven by pin 'engine[0].butterfly_inst/sub_91/Z_7' has no loads. (LINT-2)
Warning: In design 'fft_N_rad2', net 'engine[0].butterfly_inst/net722' driven by pin 'engine[0].butterfly_inst/add_92/Z_0' has no loads. (LINT-2)
Warning: In design 'fft_N_rad2', net 'engine[0].butterfly_inst/net721' driven by pin 'engine[0].butterfly_inst/add_92/Z_1' has no loads. (LINT-2)
Warning: In design 'fft_N_rad2', net 'engine[0].butterfly_inst/net720' driven by pin 'engine[0].butterfly_inst/add_92/Z_2' has no loads. (LINT-2)
Warning: In design 'fft_N_rad2', net 'engine[0].butterfly_inst/net719' driven by pin 'engine[0].butterfly_inst/add_92/Z_3' has no loads. (LINT-2)
Warning: In design 'fft_N_rad2', net 'engine[0].butterfly_inst/net718' driven by pin 'engine[0].butterfly_inst/add_92/Z_4' has no loads. (LINT-2)
Warning: In design 'fft_N_rad2', net 'engine[0].butterfly_inst/net717' driven by pin 'engine[0].butterfly_inst/add_92/Z_5' has no loads. (LINT-2)
Warning: In design 'fft_N_rad2', net 'engine[0].butterfly_inst/net716' driven by pin 'engine[0].butterfly_inst/add_92/Z_6' has no loads. (LINT-2)
Warning: In design 'fft_N_rad2', net 'engine[0].butterfly_inst/net715' driven by pin 'engine[0].butterfly_inst/add_92/Z_7' has no loads. (LINT-2)
Warning: In design 'fft_N_rad2', net 'engine[0].dc_2/delay_y0/net13264' driven by pin 'engine[0].dc_2/delay_y0/C585/Z' has no loads. (LINT-2)
Warning: In design 'fft_N_rad2', net 'engine[0].dc_2/delay_y0/net13263' driven by pin 'engine[0].dc_2/delay_y0/C582/Z' has no loads. (LINT-2)
Warning: In design 'fft_N_rad2', net 'engine[0].dc_2/out_valid' driven by pin 'engine[0].dc_2/delay_x1/out_valid' has no loads. (LINT-2)
Warning: In design 'fft_N_rad2', net 'engine[1].dc_2/delay_y0/net13310' driven by pin 'engine[1].dc_2/delay_y0/C323/Z' has no loads. (LINT-2)
Warning: In design 'fft_N_rad2', net 'engine[1].dc_2/delay_y0/net13309' driven by pin 'engine[1].dc_2/delay_y0/C320/Z' has no loads. (LINT-2)
Warning: In design 'fft_N_rad2', net 'engine[1].dc_2/out_valid' driven by pin 'engine[1].dc_2/delay_x1/out_valid' has no loads. (LINT-2)
Warning: In design 'fft_N_rad2', net 'engine[2].dc_2/delay_y0/net13348' driven by pin 'engine[2].dc_2/delay_y0/C189/Z' has no loads. (LINT-2)
Warning: In design 'fft_N_rad2', net 'engine[2].dc_2/delay_y0/net13347' driven by pin 'engine[2].dc_2/delay_y0/C186/Z' has no loads. (LINT-2)
Warning: In design 'fft_N_rad2', net 'engine[2].dc_2/out_valid' driven by pin 'engine[2].dc_2/delay_x1/out_valid' has no loads. (LINT-2)
Warning: In design 'fft_N_rad2', net 'engine[3].dc_2/out_valid' driven by pin 'engine[3].dc_2/delay_x1/out_valid' has no loads. (LINT-2)
Warning: In design 'fft_N_rad2', net 'deserializer_inst/net13163' driven by pin 'deserializer_inst/C6487/Z' has no loads. (LINT-2)
Warning: In design 'fft_N_rad2', net 'interleaver_inst/fold_x0/delay_inst/net13367' driven by pin 'interleaver_inst/fold_x0/delay_inst/C1103/Z' has no loads. (LINT-2)
Warning: In design 'fft_N_rad2', net 'interleaver_inst/fold_x0/delay_inst/net13366' driven by pin 'interleaver_inst/fold_x0/delay_inst/C1100/Z' has no loads. (LINT-2)
Warning: In design 'fft_N_rad2', net 'interleaver_inst/delay_x1/net13209' driven by pin 'interleaver_inst/delay_x1/C1103/Z' has no loads. (LINT-2)
Warning: In design 'fft_N_rad2', net 'interleaver_inst/delay_x1/net13208' driven by pin 'interleaver_inst/delay_x1/C1100/Z' has no loads. (LINT-2)
Warning: In design 'fft_N_rad2', net 'engine[0].dc_2/delay_x1/net13239' driven by pin 'engine[0].dc_2/delay_x1/C585/Z' has no loads. (LINT-2)
Warning: In design 'fft_N_rad2', net 'engine[0].dc_2/delay_x1/net13238' driven by pin 'engine[0].dc_2/delay_x1/C582/Z' has no loads. (LINT-2)
Warning: In design 'fft_N_rad2', net 'engine[1].dc_2/delay_x1/net13289' driven by pin 'engine[1].dc_2/delay_x1/C323/Z' has no loads. (LINT-2)
Warning: In design 'fft_N_rad2', net 'engine[1].dc_2/delay_x1/net13288' driven by pin 'engine[1].dc_2/delay_x1/C320/Z' has no loads. (LINT-2)
Warning: In design 'fft_N_rad2', net 'engine[2].dc_2/delay_x1/net13331' driven by pin 'engine[2].dc_2/delay_x1/C189/Z' has no loads. (LINT-2)
Warning: In design 'fft_N_rad2', net 'engine[2].dc_2/delay_x1/net13330' driven by pin 'engine[2].dc_2/delay_x1/C186/Z' has no loads. (LINT-2)
Warning: In design 'fft_N_rad2', a pin on submodule 'butterfly_final' is connected to logic 1 or logic 0. (LINT-32)
   Pin 'W_R[15]' is connected to logic 0. 
Warning: In design 'fft_N_rad2', a pin on submodule 'butterfly_final' is connected to logic 1 or logic 0. (LINT-32)
   Pin 'W_R[14]' is connected to logic 0. 
Warning: In design 'fft_N_rad2', a pin on submodule 'butterfly_final' is connected to logic 1 or logic 0. (LINT-32)
   Pin 'W_R[13]' is connected to logic 0. 
Warning: In design 'fft_N_rad2', a pin on submodule 'butterfly_final' is connected to logic 1 or logic 0. (LINT-32)
   Pin 'W_R[12]' is connected to logic 0. 
Warning: In design 'fft_N_rad2', a pin on submodule 'butterfly_final' is connected to logic 1 or logic 0. (LINT-32)
   Pin 'W_R[11]' is connected to logic 0. 
Warning: In design 'fft_N_rad2', a pin on submodule 'butterfly_final' is connected to logic 1 or logic 0. (LINT-32)
   Pin 'W_R[10]' is connected to logic 0. 
Warning: In design 'fft_N_rad2', a pin on submodule 'butterfly_final' is connected to logic 1 or logic 0. (LINT-32)
   Pin 'W_R[9]' is connected to logic 0. 
Warning: In design 'fft_N_rad2', a pin on submodule 'butterfly_final' is connected to logic 1 or logic 0. (LINT-32)
   Pin 'W_R[8]' is connected to logic 1. 
Warning: In design 'fft_N_rad2', a pin on submodule 'butterfly_final' is connected to logic 1 or logic 0. (LINT-32)
   Pin 'W_R[7]' is connected to logic 0. 
Warning: In design 'fft_N_rad2', a pin on submodule 'butterfly_final' is connected to logic 1 or logic 0. (LINT-32)
   Pin 'W_R[6]' is connected to logic 0. 
Warning: In design 'fft_N_rad2', a pin on submodule 'butterfly_final' is connected to logic 1 or logic 0. (LINT-32)
   Pin 'W_R[5]' is connected to logic 0. 
Warning: In design 'fft_N_rad2', a pin on submodule 'butterfly_final' is connected to logic 1 or logic 0. (LINT-32)
   Pin 'W_R[4]' is connected to logic 0. 
Warning: In design 'fft_N_rad2', a pin on submodule 'butterfly_final' is connected to logic 1 or logic 0. (LINT-32)
   Pin 'W_R[3]' is connected to logic 0. 
Warning: In design 'fft_N_rad2', a pin on submodule 'butterfly_final' is connected to logic 1 or logic 0. (LINT-32)
   Pin 'W_R[2]' is connected to logic 0. 
Warning: In design 'fft_N_rad2', a pin on submodule 'butterfly_final' is connected to logic 1 or logic 0. (LINT-32)
   Pin 'W_R[1]' is connected to logic 0. 
Warning: In design 'fft_N_rad2', a pin on submodule 'butterfly_final' is connected to logic 1 or logic 0. (LINT-32)
   Pin 'W_R[0]' is connected to logic 0. 
Warning: In design 'fft_N_rad2', a pin on submodule 'butterfly_final' is connected to logic 1 or logic 0. (LINT-32)
   Pin 'W_I[15]' is connected to logic 0. 
Warning: In design 'fft_N_rad2', a pin on submodule 'butterfly_final' is connected to logic 1 or logic 0. (LINT-32)
   Pin 'W_I[14]' is connected to logic 0. 
Warning: In design 'fft_N_rad2', a pin on submodule 'butterfly_final' is connected to logic 1 or logic 0. (LINT-32)
   Pin 'W_I[13]' is connected to logic 0. 
Warning: In design 'fft_N_rad2', a pin on submodule 'butterfly_final' is connected to logic 1 or logic 0. (LINT-32)
   Pin 'W_I[12]' is connected to logic 0. 
Warning: In design 'fft_N_rad2', a pin on submodule 'butterfly_final' is connected to logic 1 or logic 0. (LINT-32)
   Pin 'W_I[11]' is connected to logic 0. 
Warning: In design 'fft_N_rad2', a pin on submodule 'butterfly_final' is connected to logic 1 or logic 0. (LINT-32)
   Pin 'W_I[10]' is connected to logic 0. 
Warning: In design 'fft_N_rad2', a pin on submodule 'butterfly_final' is connected to logic 1 or logic 0. (LINT-32)
   Pin 'W_I[9]' is connected to logic 0. 
Warning: In design 'fft_N_rad2', a pin on submodule 'butterfly_final' is connected to logic 1 or logic 0. (LINT-32)
   Pin 'W_I[8]' is connected to logic 0. 
Warning: In design 'fft_N_rad2', a pin on submodule 'butterfly_final' is connected to logic 1 or logic 0. (LINT-32)
   Pin 'W_I[7]' is connected to logic 0. 
Warning: In design 'fft_N_rad2', a pin on submodule 'butterfly_final' is connected to logic 1 or logic 0. (LINT-32)
   Pin 'W_I[6]' is connected to logic 0. 
Warning: In design 'fft_N_rad2', a pin on submodule 'butterfly_final' is connected to logic 1 or logic 0. (LINT-32)
   Pin 'W_I[5]' is connected to logic 0. 
Warning: In design 'fft_N_rad2', a pin on submodule 'butterfly_final' is connected to logic 1 or logic 0. (LINT-32)
   Pin 'W_I[4]' is connected to logic 0. 
Warning: In design 'fft_N_rad2', a pin on submodule 'butterfly_final' is connected to logic 1 or logic 0. (LINT-32)
   Pin 'W_I[3]' is connected to logic 0. 
Warning: In design 'fft_N_rad2', a pin on submodule 'butterfly_final' is connected to logic 1 or logic 0. (LINT-32)
   Pin 'W_I[2]' is connected to logic 0. 
Warning: In design 'fft_N_rad2', a pin on submodule 'butterfly_final' is connected to logic 1 or logic 0. (LINT-32)
   Pin 'W_I[1]' is connected to logic 0. 
Warning: In design 'fft_N_rad2', a pin on submodule 'butterfly_final' is connected to logic 1 or logic 0. (LINT-32)
   Pin 'W_I[0]' is connected to logic 0. 
Warning: In design 'fft_N_rad2', the same net is connected to more than one pin on submodule 'butterfly_final'. (LINT-33)
   Net '*Logic0*' is connected to pins 'W_R[15]', 'W_R[14]'', 'W_R[13]', 'W_R[12]', 'W_R[11]', 'W_R[10]', 'W_R[9]', 'W_R[7]', 'W_R[6]', 'W_R[5]', 'W_R[4]', 'W_R[3]', 'W_R[2]', 'W_R[1]', 'W_R[0]', 'W_I[15]', 'W_I[14]', 'W_I[13]', 'W_I[12]', 'W_I[11]', 'W_I[10]', 'W_I[9]', 'W_I[8]', 'W_I[7]', 'W_I[6]', 'W_I[5]', 'W_I[4]', 'W_I[3]', 'W_I[2]', 'W_I[1]', 'W_I[0]'.
1
