 
****************************************
Report : area
Design : fft_N_rad2
Version: T-2022.03-SP3
Date   : Tue Nov 26 18:56:39 2024
****************************************

Library(s) Used:

    saed32rvt_tt1p05v25c (File: /afs/umich.edu/class/eecs598-002/SAED32/SAED32_EDK/lib/stdcell_rvt/db_ccs/saed32rvt_tt1p05v25c.db)

Number of ports:                        10308
Number of nets:                         81962
Number of cells:                        72036
Number of combinational cells:          54534
Number of sequential cells:             17245
Number of macros/black boxes:               0
Number of buf/inv:                       8687
Number of references:                     100

Combinational area:             142584.696224
Buf/Inv area:                    17135.659139
Noncombinational area:          114598.361962
Macro/Black Box area:                0.000000
Net Interconnect area:          149745.149509

Total cell area:                257183.058187
Total area:                     406928.207696
1
