 
****************************************
Report : timing
        -path full
        -delay max
        -nets
        -max_paths 1
        -transition_time
Design : fft_N_rad2
Version: T-2022.03-SP3
Date   : Tue Nov 26 18:56:38 2024
****************************************

 # A fanout number of 1000 was used for high fanout net computations.

Operating Conditions: tt1p05v25c   Library: saed32rvt_tt1p05v25c
Wire Load Model Mode: enclosed

  Startpoint: twiddle_counter_reg_4_
              (rising edge-triggered flip-flop clocked by core_clk)
  Endpoint: genblk1_0__butterfly_inst_Y_Wout_ir_ff_reg_31_
            (rising edge-triggered flip-flop clocked by core_clk)
  Path Group: core_clk
  Path Type: max

  Des/Clust/Port     Wire Load Model       Library
  ------------------------------------------------
  fft_N_rad2         280000                saed32rvt_tt1p05v25c

Attributes:
    d - dont_touch
    u - dont_use
   mo - map_only
   so - size_only
    i - ideal_net or ideal_network
  inf - infeasible path

  Point                                       Fanout     Trans      Incr       Path      Attributes
  ---------------------------------------------------------------------------------------------------------
  clock core_clk (rise edge)                                        0.00       0.00
  clock network delay (ideal)                                       0.10       0.10
  twiddle_counter_reg_4_/CLK (DFFX2_RVT)                  0.08      0.00 #     0.10 r
  twiddle_counter_reg_4_/QN (DFFX2_RVT)                   0.02      0.09       0.19 r
  n45723 (net)                                  4                   0.00       0.19 r
  U32078/Y (IBUFFX4_RVT)                                  0.08      0.21       0.40 f
  n20362 (net)                                  1                   0.00       0.40 f
  U27884/Y (OR2X2_RVT)                                    0.02      0.74       1.14 f
  n20363 (net)                                  2                   0.00       1.14 f
  U27133/Y (NOR2X4_RVT)                                   0.01      0.76       1.90 r
  n19887 (net)                                  3                   0.00       1.90 r
  U31238/Y (IBUFFX4_RVT)                                  0.00      0.19       2.09 f
  n18705 (net)                                  1                   0.00       2.09 f
  U28434/Y (OR2X2_RVT)                                    0.01      0.66       2.74 f
  n18362 (net)                                  3                   0.00       2.74 f
  U45768/Y (NBUFFX4_RVT)                                  0.00      0.24       2.98 f
  n24169 (net)                                  6                   0.00       2.98 f
  U30187/Y (IBUFFX4_RVT)                                  0.00      0.24       3.22 r
  n15535 (net)                                 11                   0.00       3.22 r
  U30616/Y (NBUFFX4_RVT)                                  0.01      0.45       3.67 r
  n12873 (net)                                  4                   0.00       3.67 r
  U55427/Y (AO22X1_RVT)                                   0.01      0.20       3.87 r
  n29347 (net)                                  1                   0.00       3.87 r
  U28182/Y (NOR2X2_RVT)                                   0.01      0.19       4.07 f
  n13873 (net)                                  1                   0.00       4.07 f
  U32782/Y (NAND4X1_RVT)                                  0.06      0.46       4.53 r
  n20472 (net)                                  1                   0.00       4.53 r
  U30081/Y (NOR4X1_RVT)                                   0.04      0.23       4.76 f
  n16944 (net)                                  4                   0.00       4.76 f
  U34858/Y (OR2X4_RVT)                                    0.05      1.06       5.82 f
  n33694 (net)                                 24                   0.00       5.82 f
  U26523/Y (INVX0_RVT)                                    0.02      4.00       9.82 r
  n15206 (net)                                  3                   0.00       9.82 r
  U26065/Y (AO22X1_RVT)                                   0.01      0.18      10.00 r
  n34158 (net)                                  1                   0.00      10.00 r
  U25958/Y (AO21X1_RVT)                                   0.01      0.14      10.14 r
  n42092 (net)                                  2                   0.00      10.14 r
  U25932/Y (INVX0_RVT)                                    0.02      0.17      10.32 f
  n25332 (net)                                  1                   0.00      10.32 f
  U41242/Y (OR2X1_RVT)                                    0.05      0.71      11.03 f
  intadd_314_B_1_ (net)                         4                   0.00      11.03 f
  U25603/Y (OR2X1_RVT)                                    0.01      0.97      12.00 f
  n24950 (net)                                  1                   0.00      12.00 f
  U29022/Y (AO22X1_RVT)                                   0.04      0.64      12.64 f
  intadd_314_n3 (net)                           2                   0.00      12.64 f
  U29021/CO (FADDX1_RVT)                                  0.04      1.65      14.29 f
  n17123 (net)                                  3                   0.00      14.29 f
  U31419/Y (OR2X2_RVT)                                    0.01      0.87      15.16 f
  n17122 (net)                                  1                   0.00      15.16 f
  U32366/Y (AO22X2_RVT)                                   0.02      0.61      15.77 f
  intadd_314_n1 (net)                           3                   0.00      15.77 f
  U31064/Y (OR2X2_RVT)                                    0.01      0.87      16.64 f
  n19184 (net)                                  2                   0.00      16.64 f
  U27608/Y (NAND3X2_RVT)                                  0.01      0.69      17.33 r
  n18903 (net)                                  2                   0.00      17.33 r
  U28064/Y (NAND3X1_RVT)                                  0.01      0.17      17.50 f
  n13586 (net)                                  1                   0.00      17.50 f
  U27646/Y (AO22X1_RVT)                                   0.02      0.60      18.10 f
  n17330 (net)                                  2                   0.00      18.10 f
  U27064/Y (AO22X1_RVT)                                   0.01      0.70      18.79 f
  n18209 (net)                                  1                   0.00      18.79 f
  U30751/Y (AO22X2_RVT)                                   0.02      0.59      19.38 f
  intadd_46_n5 (net)                            1                   0.00      19.38 f
  intadd_46_U5/CO (FADDX1_RVT)                            0.02      1.39      20.77 f    mo 
  intadd_46_n4 (net)                            2                   0.00      20.77 f
  U27986/Y (AO21X1_RVT)                                   0.02      0.62      21.40 f
  n23449 (net)                                  2                   0.00      21.40 f
  U27062/Y (AO22X1_RVT)                                   0.03      0.71      22.11 f
  intadd_46_n2 (net)                            1                   0.00      22.11 f
  intadd_46_U2/CO (FADDX2_RVT)                            0.02      1.40      23.50 f    mo 
  intadd_46_n1 (net)                            2                   0.00      23.50 f
  U47341/Y (NAND2X0_RVT)                                  0.01      0.55      24.06 r
  n19206 (net)                                  1                   0.00      24.06 r
  U30170/Y (AND2X1_RVT)                                   0.01      0.15      24.21 r
  n16067 (net)                                  3                   0.00      24.21 r
  U27260/Y (OR2X4_RVT)                                    0.01      0.21      24.41 r
  n27810 (net)                                  1                   0.00      24.41 r
  U29028/Y (OAI21X1_RVT)                                  0.01      0.16      24.57 f
  intadd_154_n1 (net)                           3                   0.00      24.57 f
  U53740/Y (IBUFFX4_RVT)                                  0.01      0.19      24.76 r
  n27667 (net)                                  1                   0.00      24.76 r
  U30753/Y (OAI222X1_RVT)                                 0.02      0.19      24.95 f
  n32726 (net)                                  2                   0.00      24.95 f
  U27311/Y (NOR2X2_RVT)                                   0.01      0.77      25.72 r
  n15587 (net)                                  3                   0.00      25.72 r
  U27065/Y (OR2X4_RVT)                                    0.01      0.21      25.92 r
  n18904 (net)                                  2                   0.00      25.92 r
  U27091/Y (AND3X2_RVT)                                   0.01      0.16      26.08 r
  n24440 (net)                                  1                   0.00      26.08 r
  U27061/Y (OR2X4_RVT)                                    0.01      0.17      26.25 r
  n22948 (net)                                  4                   0.00      26.25 r
  U51449/Y (NAND2X0_RVT)                                  0.05      0.22      26.47 f
  n24711 (net)                                  2                   0.00      26.47 f
  U52538/Y (NAND2X0_RVT)                                  0.02      0.67      27.14 r
  n28821 (net)                                  2                   0.00      27.14 r
  U24301/Y (AO21X1_RVT)                                   0.01      0.17      27.32 r
  n19805 (net)                                  2                   0.00      27.32 r
  U33497/Y (OA22X2_RVT)                                   0.01      0.17      27.49 r
  n19329 (net)                                  1                   0.00      27.49 r
  U46035/Y (XNOR2X1_RVT)                                  0.02      0.29      27.78 f
  n18425 (net)                                  1                   0.00      27.78 f
  U33496/Y (NOR2X4_RVT)                                   0.01      0.76      28.54 r
  genblk1_0__butterfly_inst_N327 (net)          1                   0.00      28.54 r
  genblk1_0__butterfly_inst_Y_Wout_ir_ff_reg_31_/D (DFFX1_RVT)     0.01     0.12    28.66 r
  data arrival time                                                           28.66

  clock core_clk (rise edge)                                       15.00      15.00
  clock network delay (ideal)                                       0.10      15.10
  clock uncertainty                                                -1.50      13.60
  genblk1_0__butterfly_inst_Y_Wout_ir_ff_reg_31_/CLK (DFFX1_RVT)     0.00     13.60 r
  library setup time                                               -0.02      13.58
  data required time                                                          13.58
  ---------------------------------------------------------------------------------------------------------
  data required time                                                          13.58
  data arrival time                                                          -28.66
  ---------------------------------------------------------------------------------------------------------
  slack (VIOLATED)                                                           -15.08


1
