Information: Checking out the license 'DesignWare'. (SEC-104)
Information: Changed wire load model for 'input_reorder_N8' from '(none)' to 'ForQA'. (OPT-170)
Information: Changed wire load model for 'deserializer_N8' from '(none)' to 'ForQA'. (OPT-170)
Information: Changed wire load model for 'butterfly' from '(none)' to 'ForQA'. (OPT-170)
Information: Changed wire load model for 'delay_DELAY1' from '(none)' to 'ForQA'. (OPT-170)
Information: Changed wire load model for 'delay_DELAY1' from '(none)' to 'ForQA'. (OPT-170)
Information: Changed wire load model for 'delay_commutator_DELAY1' from '(none)' to 'ForQA'. (OPT-170)
Information: Changed wire load model for 'butterfly' from '(none)' to 'ForQA'. (OPT-170)
Information: Changed wire load model for 'twiddle_control_pointer_N8_STEP2' from '(none)' to 'ForQA'. (OPT-170)
Information: Changed wire load model for 'delay_DELAY2' from '(none)' to 'ForQA'. (OPT-170)
Information: Changed wire load model for 'delay_DELAY2' from '(none)' to 'ForQA'. (OPT-170)
Information: Changed wire load model for 'delay_commutator_DELAY2' from '(none)' to 'ForQA'. (OPT-170)
Information: Changed wire load model for 'butterfly' from '(none)' to 'ForQA'. (OPT-170)
Information: Changed wire load model for 'twiddle_control_pointer_N8_STEP1' from '(none)' to 'ForQA'. (OPT-170)
Information: Changed wire load model for 'delay_DELAY4' from '(none)' to 'ForQA'. (OPT-170)
Information: Changed wire load model for 'input_folding_N8' from '(none)' to 'ForQA'. (OPT-170)
Information: Changed wire load model for 'delay_DELAY4' from '(none)' to 'ForQA'. (OPT-170)
Information: Changed wire load model for 'delay_DELAY4' from '(none)' to 'ForQA'. (OPT-170)
Information: Changed wire load model for 'input_folding_N8' from '(none)' to 'ForQA'. (OPT-170)
Information: Changed wire load model for 'interleaver_N8' from '(none)' to 'ForQA'. (OPT-170)
Information: Changed wire load model for 'alt1' from '(none)' to 'ForQA'. (OPT-170)
Information: Changed wire load model for 'apparch' from '(none)' to 'ForQA'. (OPT-170)
Information: Changed wire load model for 'DW01_sub_width3' from '(none)' to 'ForQA'. (OPT-170)
Information: Changed wire load model for '*SUB_UNS_OP_3_2_3' from '(none)' to 'ForQA'. (OPT-170)
Information: Changed wire load model for 'DW01_dec_width4' from '(none)' to 'ForQA'. (OPT-170)
Information: Changed wire load model for '*SUB_UNS_OP_3_1_4' from '(none)' to 'ForQA'. (OPT-170)
Information: Changed wire load model for 'DW01_add_width32' from '(none)' to 'ForQA'. (OPT-170)
Information: Changed wire load model for '*ADD_TC_OP_32_32_32' from '(none)' to 'ForQA'. (OPT-170)
Information: Changed wire load model for 'DW01_sub_width32' from '(none)' to 'ForQA'. (OPT-170)
Information: Changed wire load model for '*SUB_TC_OP_32_32_32' from '(none)' to 'ForQA'. (OPT-170)
Information: Changed wire load model for 'DW02_mult' from '(none)' to 'ForQA'. (OPT-170)
Information: Changed wire load model for '*MULT_TC_OP_32_16_32' from '(none)' to 'ForQA'. (OPT-170)
Information: Changed wire load model for 'DW02_mult' from '(none)' to 'ForQA'. (OPT-170)
Information: Changed wire load model for '*MULT_TC_OP_32_16_32' from '(none)' to 'ForQA'. (OPT-170)
Information: Changed wire load model for 'DW02_mult' from '(none)' to 'ForQA'. (OPT-170)
Information: Changed wire load model for '*MULT_TC_OP_32_16_32' from '(none)' to 'ForQA'. (OPT-170)
Information: Changed wire load model for 'DW02_mult' from '(none)' to 'ForQA'. (OPT-170)
Information: Changed wire load model for '*MULT_TC_OP_32_16_32' from '(none)' to 'ForQA'. (OPT-170)
Information: Changed wire load model for 'DW01_sub_width32' from '(none)' to 'ForQA'. (OPT-170)
Information: Changed wire load model for '*SUB_TC_OP_32_32_32' from '(none)' to 'ForQA'. (OPT-170)
Information: Changed wire load model for 'DW01_sub_width32' from '(none)' to 'ForQA'. (OPT-170)
Information: Changed wire load model for '*SUB_TC_OP_32_32_32' from '(none)' to 'ForQA'. (OPT-170)
Information: Changed wire load model for 'DW01_add_width32' from '(none)' to 'ForQA'. (OPT-170)
Information: Changed wire load model for '*ADD_TC_OP_32_32_32' from '(none)' to 'ForQA'. (OPT-170)
Information: Changed wire load model for 'DW01_add_width32' from '(none)' to 'ForQA'. (OPT-170)
Information: Changed wire load model for '*ADD_TC_OP_32_32_32' from '(none)' to 'ForQA'. (OPT-170)
Information: Changed wire load model for 'DW01_add_width32' from '(none)' to 'ForQA'. (OPT-170)
Information: Changed wire load model for '*ADD_TC_OP_32_32_32' from '(none)' to 'ForQA'. (OPT-170)
Information: Changed wire load model for 'DW01_sub_width32' from '(none)' to 'ForQA'. (OPT-170)
Information: Changed wire load model for '*SUB_TC_OP_32_32_32' from '(none)' to 'ForQA'. (OPT-170)
Information: Changed wire load model for 'DW02_mult' from '(none)' to 'ForQA'. (OPT-170)
Information: Changed wire load model for '*MULT_TC_OP_32_16_32' from '(none)' to 'ForQA'. (OPT-170)
Information: Changed wire load model for 'DW02_mult' from '(none)' to 'ForQA'. (OPT-170)
Information: Changed wire load model for '*MULT_TC_OP_32_16_32' from '(none)' to 'ForQA'. (OPT-170)
Information: Changed wire load model for 'DW02_mult' from '(none)' to 'ForQA'. (OPT-170)
Information: Changed wire load model for '*MULT_TC_OP_32_16_32' from '(none)' to 'ForQA'. (OPT-170)
Information: Changed wire load model for 'DW02_mult' from '(none)' to 'ForQA'. (OPT-170)
Information: Changed wire load model for '*MULT_TC_OP_32_16_32' from '(none)' to 'ForQA'. (OPT-170)
Information: Changed wire load model for 'DW01_sub_width32' from '(none)' to 'ForQA'. (OPT-170)
Information: Changed wire load model for '*SUB_TC_OP_32_32_32' from '(none)' to 'ForQA'. (OPT-170)
Information: Changed wire load model for 'DW01_sub_width32' from '(none)' to 'ForQA'. (OPT-170)
Information: Changed wire load model for '*SUB_TC_OP_32_32_32' from '(none)' to 'ForQA'. (OPT-170)
Information: Changed wire load model for 'DW01_add_width32' from '(none)' to 'ForQA'. (OPT-170)
Information: Changed wire load model for '*ADD_TC_OP_32_32_32' from '(none)' to 'ForQA'. (OPT-170)
Information: Changed wire load model for 'DW01_add_width32' from '(none)' to 'ForQA'. (OPT-170)
Information: Changed wire load model for '*ADD_TC_OP_32_32_32' from '(none)' to 'ForQA'. (OPT-170)
Information: Changed wire load model for 'DW01_add_width2' from '(none)' to 'ForQA'. (OPT-170)
Information: Changed wire load model for '*ADD_UNS_OP_2_2_2' from '(none)' to 'ForQA'. (OPT-170)
Information: Changed wire load model for 'DW01_inc_width2' from '(none)' to 'ForQA'. (OPT-170)
Information: Changed wire load model for '*ADD_UNS_OP_2_1_2' from '(none)' to 'ForQA'. (OPT-170)
Information: Changed wire load model for 'DW01_inc_width2' from '(none)' to 'ForQA'. (OPT-170)
Information: Changed wire load model for '*ADD_UNS_OP_2_1_2' from '(none)' to 'ForQA'. (OPT-170)
Information: Changed wire load model for 'DW01_inc_width2' from '(none)' to 'ForQA'. (OPT-170)
Information: Changed wire load model for '*ADD_UNS_OP_2_1_2' from '(none)' to 'ForQA'. (OPT-170)
Information: Changed wire load model for 'DW01_inc_width2' from '(none)' to 'ForQA'. (OPT-170)
Information: Changed wire load model for '*ADD_UNS_OP_2_1_2' from '(none)' to 'ForQA'. (OPT-170)
Information: Changed wire load model for 'DW01_add_width32' from '(none)' to 'ForQA'. (OPT-170)
Information: Changed wire load model for '*ADD_TC_OP_32_32_32' from '(none)' to 'ForQA'. (OPT-170)
Information: Changed wire load model for 'DW01_sub_width32' from '(none)' to 'ForQA'. (OPT-170)
Information: Changed wire load model for '*SUB_TC_OP_32_32_32' from '(none)' to 'ForQA'. (OPT-170)
Information: Changed wire load model for 'DW02_mult' from '(none)' to 'ForQA'. (OPT-170)
Information: Changed wire load model for '*MULT_TC_OP_32_16_32' from '(none)' to 'ForQA'. (OPT-170)
Information: Changed wire load model for 'DW02_mult' from '(none)' to 'ForQA'. (OPT-170)
Information: Changed wire load model for '*MULT_TC_OP_32_16_32' from '(none)' to 'ForQA'. (OPT-170)
Information: Changed wire load model for 'DW02_mult' from '(none)' to 'ForQA'. (OPT-170)
Information: Changed wire load model for '*MULT_TC_OP_32_16_32' from '(none)' to 'ForQA'. (OPT-170)
Information: Changed wire load model for 'DW02_mult' from '(none)' to 'ForQA'. (OPT-170)
Information: Changed wire load model for '*MULT_TC_OP_32_16_32' from '(none)' to 'ForQA'. (OPT-170)
Information: Changed wire load model for 'DW01_sub_width32' from '(none)' to 'ForQA'. (OPT-170)
Information: Changed wire load model for '*SUB_TC_OP_32_32_32' from '(none)' to 'ForQA'. (OPT-170)
Information: Changed wire load model for 'DW01_sub_width32' from '(none)' to 'ForQA'. (OPT-170)
Information: Changed wire load model for '*SUB_TC_OP_32_32_32' from '(none)' to 'ForQA'. (OPT-170)
Information: Changed wire load model for 'DW01_add_width32' from '(none)' to 'ForQA'. (OPT-170)
Information: Changed wire load model for '*ADD_TC_OP_32_32_32' from '(none)' to 'ForQA'. (OPT-170)
Information: Changed wire load model for 'DW01_add_width32' from '(none)' to 'ForQA'. (OPT-170)
Information: Changed wire load model for '*ADD_TC_OP_32_32_32' from '(none)' to 'ForQA'. (OPT-170)
Information: Changed wire load model for 'DW01_inc_width2' from '(none)' to 'ForQA'. (OPT-170)
Information: Changed wire load model for '*ADD_UNS_OP_2_1_2' from '(none)' to 'ForQA'. (OPT-170)
Information: Changed wire load model for 'DW01_inc_width2' from '(none)' to 'ForQA'. (OPT-170)
Information: Changed wire load model for '*ADD_UNS_OP_2_1_2' from '(none)' to 'ForQA'. (OPT-170)
Information: Changed wire load model for 'DW01_inc_width3' from '(none)' to 'ForQA'. (OPT-170)
Information: Changed wire load model for '*ADD_UNS_OP_3_1_3' from '(none)' to 'ForQA'. (OPT-170)
Information: Changed wire load model for 'DW01_inc_width3' from '(none)' to 'ForQA'. (OPT-170)
Information: Changed wire load model for '*ADD_UNS_OP_3_1_3' from '(none)' to 'ForQA'. (OPT-170)
Information: Changed wire load model for 'DW01_inc_width3' from '(none)' to 'ForQA'. (OPT-170)
Information: Changed wire load model for '*ADD_UNS_OP_3_1_3' from '(none)' to 'ForQA'. (OPT-170)
Information: Changed wire load model for 'DW01_inc_width3' from '(none)' to 'ForQA'. (OPT-170)
Information: Changed wire load model for '*ADD_UNS_OP_3_1_3' from '(none)' to 'ForQA'. (OPT-170)
Information: Changed wire load model for 'DW01_inc_width3' from '(none)' to 'ForQA'. (OPT-170)
Information: Changed wire load model for '*ADD_UNS_OP_3_1_3' from '(none)' to 'ForQA'. (OPT-170)
Information: Changed wire load model for 'DW01_inc_width3' from '(none)' to 'ForQA'. (OPT-170)
Information: Changed wire load model for '*ADD_UNS_OP_3_1_3' from '(none)' to 'ForQA'. (OPT-170)
Information: Updating design information... (UID-85)
Warning: Design 'fft_N_rad2' contains 15 high-fanout nets. A fanout number of 1000 will be used for delay calculations involving these nets. (TIM-134)

Information: Checking generated_clocks...

Information: Checking loops...

Information: Checking no_input_delay...

Information: Checking unconstrained_endpoints...

Warning: The following end-points are not constrained for maximum delay.

End point
---------------
output_mode

Information: Checking pulse_clock_cell_type...

Information: Checking no_driving_cell...

Information: Checking partial_input_delay...
Warning: there are 131 input ports that only have partial input delay specified. (TIM-212)
--------------------
clk
reset
enable
data_in_0[r][31]
data_in_0[r][30]
data_in_0[r][29]
data_in_0[r][28]
data_in_0[r][27]
data_in_0[r][26]
data_in_0[r][25]
data_in_0[r][24]
data_in_0[r][23]
data_in_0[r][22]
data_in_0[r][21]
data_in_0[r][20]
data_in_0[r][19]
data_in_0[r][18]
data_in_0[r][17]
data_in_0[r][16]
data_in_0[r][15]
data_in_0[r][14]
data_in_0[r][13]
data_in_0[r][12]
data_in_0[r][11]
data_in_0[r][10]
data_in_0[r][9]
data_in_0[r][8]
data_in_0[r][7]
data_in_0[r][6]
data_in_0[r][5]
data_in_0[r][4]
data_in_0[r][3]
data_in_0[r][2]
data_in_0[r][1]
data_in_0[r][0]
data_in_0[i][31]
data_in_0[i][30]
data_in_0[i][29]
data_in_0[i][28]
data_in_0[i][27]
data_in_0[i][26]
data_in_0[i][25]
data_in_0[i][24]
data_in_0[i][23]
data_in_0[i][22]
data_in_0[i][21]
data_in_0[i][20]
data_in_0[i][19]
data_in_0[i][18]
data_in_0[i][17]
data_in_0[i][16]
data_in_0[i][15]
data_in_0[i][14]
data_in_0[i][13]
data_in_0[i][12]
data_in_0[i][11]
data_in_0[i][10]
data_in_0[i][9]
data_in_0[i][8]
data_in_0[i][7]
data_in_0[i][6]
data_in_0[i][5]
data_in_0[i][4]
data_in_0[i][3]
data_in_0[i][2]
data_in_0[i][1]
data_in_0[i][0]
data_in_1[r][31]
data_in_1[r][30]
data_in_1[r][29]
data_in_1[r][28]
data_in_1[r][27]
data_in_1[r][26]
data_in_1[r][25]
data_in_1[r][24]
data_in_1[r][23]
data_in_1[r][22]
data_in_1[r][21]
data_in_1[r][20]
data_in_1[r][19]
data_in_1[r][18]
data_in_1[r][17]
data_in_1[r][16]
data_in_1[r][15]
data_in_1[r][14]
data_in_1[r][13]
data_in_1[r][12]
data_in_1[r][11]
data_in_1[r][10]
data_in_1[r][9]
data_in_1[r][8]
data_in_1[r][7]
data_in_1[r][6]
data_in_1[r][5]
data_in_1[r][4]
data_in_1[r][3]
data_in_1[r][2]
data_in_1[r][1]
data_in_1[r][0]
data_in_1[i][31]
data_in_1[i][30]
data_in_1[i][29]
data_in_1[i][28]
data_in_1[i][27]
data_in_1[i][26]
data_in_1[i][25]
data_in_1[i][24]
data_in_1[i][23]
data_in_1[i][22]
data_in_1[i][21]
data_in_1[i][20]
data_in_1[i][19]
data_in_1[i][18]
data_in_1[i][17]
data_in_1[i][16]
data_in_1[i][15]
data_in_1[i][14]
data_in_1[i][13]
data_in_1[i][12]
data_in_1[i][11]
data_in_1[i][10]
data_in_1[i][9]
data_in_1[i][8]
data_in_1[i][7]
data_in_1[i][6]
data_in_1[i][5]
data_in_1[i][4]
data_in_1[i][3]
data_in_1[i][2]
data_in_1[i][1]
data_in_1[i][0]
1
