
Design          Type    Object                  New Name
--------------------------------------------------------------------------------
fp_mul          cell    idataA_exp_ff_reg[7]    idataA_exp_ff_reg_7_
fp_mul          cell    idataA_exp_ff_reg[6]    idataA_exp_ff_reg_6_
fp_mul          cell    idataA_exp_ff_reg[5]    idataA_exp_ff_reg_5_
fp_mul          cell    idataA_exp_ff_reg[4]    idataA_exp_ff_reg_4_
fp_mul          cell    idataA_exp_ff_reg[3]    idataA_exp_ff_reg_3_
fp_mul          cell    idataA_exp_ff_reg[2]    idataA_exp_ff_reg_2_
fp_mul          cell    idataA_exp_ff_reg[1]    idataA_exp_ff_reg_1_
fp_mul          cell    idataA_mat_ff_reg[9]    idataA_mat_ff_reg_9_
fp_mul          cell    idataA_mat_ff_reg[4]    idataA_mat_ff_reg_4_
fp_mul          cell    idataA_mat_ff_reg[0]    idataA_mat_ff_reg_0_
fp_mul          cell    idataB_exp_ff_reg[7]    idataB_exp_ff_reg_7_
fp_mul          cell    idataB_exp_ff_reg[6]    idataB_exp_ff_reg_6_
fp_mul          cell    idataB_exp_ff_reg[5]    idataB_exp_ff_reg_5_
fp_mul          cell    idataB_exp_ff_reg[4]    idataB_exp_ff_reg_4_
fp_mul          cell    idataB_exp_ff_reg[3]    idataB_exp_ff_reg_3_
fp_mul          cell    idataB_exp_ff_reg[2]    idataB_exp_ff_reg_2_
fp_mul          cell    idataB_exp_ff_reg[1]    idataB_exp_ff_reg_1_
fp_mul          cell    idataB_exp_ff_reg[0]    idataB_exp_ff_reg_0_
fp_mul          cell    idataB_mat_ff_reg[9]    idataB_mat_ff_reg_9_
fp_mul          cell    idataB_mat_ff_reg[6]    idataB_mat_ff_reg_6_
fp_mul          cell    idataB_mat_ff_reg[5]    idataB_mat_ff_reg_5_
fp_mul          cell    idataB_mat_ff_reg[4]    idataB_mat_ff_reg_4_
fp_mul          cell    idataB_mat_ff_reg[1]    idataB_mat_ff_reg_1_
fp_mul          cell    product_exp_ff_reg[7]   product_exp_ff_reg_7_
fp_mul          cell    product_exp_ff_reg[6]   product_exp_ff_reg_6_
fp_mul          cell    product_exp_ff_reg[5]   product_exp_ff_reg_5_
fp_mul          cell    product_exp_ff_reg[4]   product_exp_ff_reg_4_
fp_mul          cell    product_exp_ff_reg[3]   product_exp_ff_reg_3_
fp_mul          cell    product_exp_ff_reg[2]   product_exp_ff_reg_2_
fp_mul          cell    product_exp_ff_reg[1]   product_exp_ff_reg_1_
fp_mul          cell    product_exp_ff_reg[0]   product_exp_ff_reg_0_
fp_mul          cell    product_mat_ff_reg[46]  product_mat_ff_reg_46_
fp_mul          cell    product_mat_ff_reg[45]  product_mat_ff_reg_45_
fp_mul          cell    product_mat_ff_reg[44]  product_mat_ff_reg_44_
fp_mul          cell    product_mat_ff_reg[43]  product_mat_ff_reg_43_
fp_mul          cell    product_mat_ff_reg[39]  product_mat_ff_reg_39_
fp_mul          cell    product_mat_ff_reg[37]  product_mat_ff_reg_37_
fp_mul          cell    product_mat_ff_reg[36]  product_mat_ff_reg_36_
fp_mul          cell    product_mat_ff_reg[35]  product_mat_ff_reg_35_
fp_mul          cell    product_mat_ff_reg[34]  product_mat_ff_reg_34_
fp_mul          cell    product_mat_ff_reg[33]  product_mat_ff_reg_33_
fp_mul          cell    product_mat_ff_reg[32]  product_mat_ff_reg_32_
fp_mul          cell    product_mat_ff_reg[28]  product_mat_ff_reg_28_
fp_mul          cell    product_mat_ff_reg[27]  product_mat_ff_reg_27_
fp_mul          cell    odata_exp_ff_reg[7]     odata_exp_ff_reg_7_
fp_mul          cell    odata_exp_ff_reg[6]     odata_exp_ff_reg_6_
fp_mul          cell    odata_exp_ff_reg[5]     odata_exp_ff_reg_5_
fp_mul          cell    odata_exp_ff_reg[4]     odata_exp_ff_reg_4_
fp_mul          cell    odata_exp_ff_reg[3]     odata_exp_ff_reg_3_
fp_mul          cell    odata_exp_ff_reg[2]     odata_exp_ff_reg_2_
fp_mul          cell    odata_exp_ff_reg[1]     odata_exp_ff_reg_1_
fp_mul          cell    odata_exp_ff_reg[0]     odata_exp_ff_reg_0_
fp_mul          cell    odata_mat_ff_reg[22]    odata_mat_ff_reg_22_
fp_mul          cell    odata_mat_ff_reg[21]    odata_mat_ff_reg_21_
fp_mul          cell    odata_mat_ff_reg[20]    odata_mat_ff_reg_20_
fp_mul          cell    odata_mat_ff_reg[19]    odata_mat_ff_reg_19_
fp_mul          cell    odata_mat_ff_reg[18]    odata_mat_ff_reg_18_
fp_mul          cell    odata_mat_ff_reg[17]    odata_mat_ff_reg_17_
fp_mul          cell    odata_mat_ff_reg[16]    odata_mat_ff_reg_16_
fp_mul          cell    odata_mat_ff_reg[15]    odata_mat_ff_reg_15_
fp_mul          cell    odata_mat_ff_reg[14]    odata_mat_ff_reg_14_
fp_mul          cell    odata_mat_ff_reg[13]    odata_mat_ff_reg_13_
fp_mul          cell    odata_mat_ff_reg[12]    odata_mat_ff_reg_12_
fp_mul          cell    odata_mat_ff_reg[11]    odata_mat_ff_reg_11_
fp_mul          cell    odata_mat_ff_reg[10]    odata_mat_ff_reg_10_
fp_mul          cell    odata_mat_ff_reg[9]     odata_mat_ff_reg_9_
fp_mul          cell    odata_mat_ff_reg[8]     odata_mat_ff_reg_8_
fp_mul          cell    odata_mat_ff_reg[7]     odata_mat_ff_reg_7_
fp_mul          cell    odata_mat_ff_reg[6]     odata_mat_ff_reg_6_
fp_mul          cell    odata_mat_ff_reg[5]     odata_mat_ff_reg_5_
fp_mul          cell    odata_mat_ff_reg[4]     odata_mat_ff_reg_4_
fp_mul          cell    odata_mat_ff_reg[3]     odata_mat_ff_reg_3_
fp_mul          cell    odata_mat_ff_reg[2]     odata_mat_ff_reg_2_
fp_mul          cell    odata_mat_ff_reg[1]     odata_mat_ff_reg_1_
fp_mul          cell    odata_mat_ff_reg[0]     odata_mat_ff_reg_0_
fp_mul          cell    idataB_mat_ff_reg[22]   idataB_mat_ff_reg_22_
fp_mul          cell    idataB_mat_ff_reg[8]    idataB_mat_ff_reg_8_
fp_mul          cell    idataA_exp_ff_reg[0]    idataA_exp_ff_reg_0_
fp_mul          cell    idataA_mat_ff_reg[6]    idataA_mat_ff_reg_6_
fp_mul          cell    idataA_mat_ff_reg[16]   idataA_mat_ff_reg_16_
fp_mul          cell    idataA_mat_ff_reg[11]   idataA_mat_ff_reg_11_
fp_mul          cell    idataA_mat_ff_reg[17]   idataA_mat_ff_reg_17_
fp_mul          cell    idataA_mat_ff_reg[12]   idataA_mat_ff_reg_12_
fp_mul          cell    idataA_mat_ff_reg[10]   idataA_mat_ff_reg_10_
fp_mul          cell    product_exp_ff_reg[8]   product_exp_ff_reg_8_
fp_mul          cell    product_mat_ff_reg[26]  product_mat_ff_reg_26_
fp_mul          cell    product_mat_ff_reg[24]  product_mat_ff_reg_24_
fp_mul          cell    product_mat_ff_reg[23]  product_mat_ff_reg_23_
fp_mul          cell    product_mat_ff_reg[30]  product_mat_ff_reg_30_
fp_mul          cell    product_mat_ff_reg[40]  product_mat_ff_reg_40_
fp_mul          cell    product_mat_ff_reg[31]  product_mat_ff_reg_31_
fp_mul          cell    product_mat_ff_reg[38]  product_mat_ff_reg_38_
fp_mul          cell    product_mat_ff_reg[25]  product_mat_ff_reg_25_
fp_mul          cell    product_mat_ff_reg[29]  product_mat_ff_reg_29_
fp_mul          cell    product_mat_ff_reg[41]  product_mat_ff_reg_41_
fp_mul          cell    product_mat_ff_reg[42]  product_mat_ff_reg_42_
fp_mul          cell    product_mat_ff_reg[47]  product_mat_ff_reg_47_
fp_mul          cell    idataA_mat_ff_reg[15]   idataA_mat_ff_reg_15_
fp_mul          cell    idataB_mat_ff_reg[16]   idataB_mat_ff_reg_16_
fp_mul          cell    idataA_mat_ff_reg[13]   idataA_mat_ff_reg_13_
fp_mul          cell    idataA_mat_ff_reg[18]   idataA_mat_ff_reg_18_
fp_mul          cell    idataA_mat_ff_reg[22]   idataA_mat_ff_reg_22_
fp_mul          cell    idataB_mat_ff_reg[15]   idataB_mat_ff_reg_15_
fp_mul          cell    idataB_mat_ff_reg[0]    idataB_mat_ff_reg_0_
fp_mul          cell    idataB_mat_ff_reg[2]    idataB_mat_ff_reg_2_
fp_mul          cell    idataB_mat_ff_reg[7]    idataB_mat_ff_reg_7_
fp_mul          cell    idataB_mat_ff_reg[17]   idataB_mat_ff_reg_17_
fp_mul          cell    idataB_mat_ff_reg[3]    idataB_mat_ff_reg_3_
fp_mul          cell    idataA_mat_ff_reg[23]   idataA_mat_ff_reg_23_
fp_mul          cell    idataA_mat_ff_reg[21]   idataA_mat_ff_reg_21_
fp_mul          cell    idataA_mat_ff_reg[19]   idataA_mat_ff_reg_19_
fp_mul          cell    idataA_mat_ff_reg[1]    idataA_mat_ff_reg_1_
fp_mul          cell    idataA_mat_ff_reg[8]    idataA_mat_ff_reg_8_
fp_mul          cell    idataA_mat_ff_reg[7]    idataA_mat_ff_reg_7_
fp_mul          cell    idataB_mat_ff_reg[18]   idataB_mat_ff_reg_18_
fp_mul          cell    idataA_mat_ff_reg[5]    idataA_mat_ff_reg_5_
fp_mul          cell    idataA_mat_ff_reg[3]    idataA_mat_ff_reg_3_
fp_mul          cell    idataA_mat_ff_reg[14]   idataA_mat_ff_reg_14_
fp_mul          cell    idataA_mat_ff_reg[20]   idataA_mat_ff_reg_20_
fp_mul          cell    idataA_mat_ff_reg[2]    idataA_mat_ff_reg_2_
fp_mul          cell    idataB_mat_ff_reg[14]   idataB_mat_ff_reg_14_
fp_mul          cell    idataB_mat_ff_reg[19]   idataB_mat_ff_reg_19_
fp_mul          cell    idataB_mat_ff_reg[12]   idataB_mat_ff_reg_12_
fp_mul          cell    idataB_mat_ff_reg[21]   idataB_mat_ff_reg_21_
fp_mul          cell    idataB_mat_ff_reg[13]   idataB_mat_ff_reg_13_
fp_mul          cell    idataB_mat_ff_reg[10]   idataB_mat_ff_reg_10_
fp_mul          cell    idataB_mat_ff_reg[11]   idataB_mat_ff_reg_11_
fp_mul          cell    idataB_mat_ff_reg[20]   idataB_mat_ff_reg_20_
fp_mul          net     product_mat_ff[47]      product_mat_ff_47_
fp_mul          net     intadd_0/n1             intadd_0_n1
fp_mul          net     n18                     n18010
fp_mul          net     n19                     n1906
fp_mul          net     n20                     n20010
fp_mul          net     n23                     n2300
fp_mul          net     n24                     n2400
fp_mul          net     n27                     n2700
fp_mul          net     n29                     n2900
fp_mul          net     n30                     n3000
fp_mul          net     n31                     n310
fp_mul          net     n32                     n3200
fp_mul          net     n34                     n3400
fp_mul          net     n35                     n3500
fp_mul          net     n36                     n3600
fp_mul          net     n38                     n3800
fp_mul          net     n39                     n3900
fp_mul          net     n40                     n4000
fp_mul          net     n41                     n4100
fp_mul          net     n42                     n4200
fp_mul          net     n43                     n4300
fp_mul          net     n45                     n4500
fp_mul          net     n46                     n4600
fp_mul          net     n47                     n4700
fp_mul          net     n49                     n4900
fp_mul          net     n50                     n5000
fp_mul          net     n51                     n5100
fp_mul          net     n56                     n5600
fp_mul          net     n57                     n5700
fp_mul          net     n61                     n6100
fp_mul          net     n62                     n6200
fp_mul          net     n63                     n6300
fp_mul          net     n64                     n6400
fp_mul          net     n65                     n6500
fp_mul          net     n66                     n6600
fp_mul          net     n67                     n6700
fp_mul          net     n68                     n6800
fp_mul          net     n69                     n6900
fp_mul          net     n70                     n7000
fp_mul          net     n72                     n7200
fp_mul          net     n73                     n7300
fp_mul          net     n74                     n7400
fp_mul          net     n76                     n7600
fp_mul          net     n77                     n7700
fp_mul          net     n78                     n7800
fp_mul          net     n84                     n8400
fp_mul          net     n85                     n8500
fp_mul          net     n90                     n9000
fp_mul          net     n91                     n9100
fp_mul          net     n92                     n9200
fp_mul          net     n93                     n9300
fp_mul          net     n96                     n9600
fp_mul          net     n100                    n10000
fp_mul          net     n101                    n10100
fp_mul          net     n103                    n10300
fp_mul          net     n104                    n10400
fp_mul          net     n105                    n10500
fp_mul          net     n131                    n13100
fp_mul          net     n132                    n13200
fp_mul          net     n134                    n13400
fp_mul          net     n135                    n13500
fp_mul          net     n136                    n13600
fp_mul          net     n137                    n13700
fp_mul          net     n138                    n13800
fp_mul          net     n139                    n13900
fp_mul          net     n140                    n14000
fp_mul          net     n141                    n14100
fp_mul          net     n142                    n14200
fp_mul          net     n143                    n14300
fp_mul          net     n146                    n14600
fp_mul          net     n147                    n14700
fp_mul          net     n148                    n14800
fp_mul          net     n149                    n14900
fp_mul          net     n150                    n15000
fp_mul          net     n151                    n15100
fp_mul          net     n152                    n15200
fp_mul          net     n153                    n15300
fp_mul          net     n154                    n15400
fp_mul          net     n155                    n15500
fp_mul          net     n156                    n15600
fp_mul          net     n157                    n15700
fp_mul          net     n158                    n15800
fp_mul          net     n159                    n15900
fp_mul          net     n160                    n16000
fp_mul          net     n161                    n16100
fp_mul          net     n162                    n16200
fp_mul          net     n180                    n18000
fp_mul          net     n190                    n19000
fp_mul          net     n200                    n20000
fp_mul          net     n230                    n2301
fp_mul          net     n240                    n2401
fp_mul          net     n270                    n2701
fp_mul          net     n290                    n2901
fp_mul          net     n300                    n3001
fp_mul          net     n320                    n3201
fp_mul          net     n340                    n3401
fp_mul          net     n350                    n3501
fp_mul          net     n360                    n3601
fp_mul          net     n380                    n3801
fp_mul          net     n390                    n3901
fp_mul          net     n400                    n4001
fp_mul          net     n410                    n4101
fp_mul          net     n420                    n4201
fp_mul          net     n430                    n4301
fp_mul          net     n450                    n4501
fp_mul          net     n460                    n4601
fp_mul          net     n470                    n4701
fp_mul          net     n490                    n4901
fp_mul          net     n500                    n5001
fp_mul          net     n510                    n5101
fp_mul          net     n560                    n5601
fp_mul          net     n570                    n5701
fp_mul          net     n610                    n6101
fp_mul          net     n620                    n6201
fp_mul          net     n630                    n6301
fp_mul          net     n640                    n6401
fp_mul          net     n650                    n6501
fp_mul          net     n660                    n6601
fp_mul          net     n670                    n6701
fp_mul          net     n680                    n6801
fp_mul          net     n690                    n6901
fp_mul          net     n700                    n7001
fp_mul          net     n720                    n7201
fp_mul          net     n730                    n7301
fp_mul          net     n740                    n7401
fp_mul          net     n760                    n7601
fp_mul          net     n770                    n7701
fp_mul          net     n780                    n7801
fp_mul          net     n840                    n8401
fp_mul          net     n850                    n8501
fp_mul          net     n900                    n9001
fp_mul          net     n910                    n9101
fp_mul          net     n920                    n9201
fp_mul          net     n930                    n9301
fp_mul          net     n960                    n9601
fp_mul          net     n1000                   n10001
fp_mul          net     n1010                   n10101
fp_mul          net     n1030                   n10301
fp_mul          net     n1040                   n10401
fp_mul          net     n1050                   n10501
fp_mul          net     n1310                   n13101
fp_mul          net     n1320                   n13201
fp_mul          net     n1340                   n13401
fp_mul          net     n1350                   n13501
fp_mul          net     n1360                   n13601
fp_mul          net     n1370                   n13701
fp_mul          net     n1380                   n13801
fp_mul          net     n1390                   n13901
fp_mul          net     n1400                   n14001
fp_mul          net     n1410                   n14101
fp_mul          net     n1420                   n14201
fp_mul          net     n1430                   n14301
fp_mul          net     n1460                   n14601
fp_mul          net     n1470                   n14701
fp_mul          net     n1480                   n14801
fp_mul          net     n1490                   n14901
fp_mul          net     n1500                   n15001
fp_mul          net     n1510                   n15101
fp_mul          net     n1520                   n15201
fp_mul          net     n1530                   n15301
fp_mul          net     n1540                   n15401
fp_mul          net     n1550                   n15501
fp_mul          net     n1560                   n15601
fp_mul          net     n1570                   n15701
fp_mul          net     n1580                   n15801
fp_mul          net     n1590                   n15901
fp_mul          net     n1600                   n16001
fp_mul          net     n1610                   n16101
fp_mul          net     n1620                   n16201
fp_mul          net     n1800                   n18001
fp_mul          net     n1900                   n19001
fp_mul          net     n2000                   n20001
1
