 
****************************************
Report : timing
        -path full
        -delay max
        -nets
        -max_paths 1
        -transition_time
Design : fp_mul
Version: V-2023.12-SP5
Date   : Tue Nov 12 13:34:59 2024
****************************************

 # A fanout number of 1000 was used for high fanout net computations.

Operating Conditions: nom_pvt   Library: dw_foundation.sldb
Wire Load Model Mode: top

  Startpoint: product_exp_ff_reg_0_
              (rising edge-triggered flip-flop clocked by core_clk)
  Endpoint: odata_exp_ff_reg_0_
            (rising edge-triggered flip-flop clocked by core_clk)
  Path Group: core_clk
  Path Type: max

Attributes:
    d - dont_touch
    u - dont_use
   mo - map_only
   so - size_only
    i - ideal_net or ideal_network
  inf - infeasible path

  Point                                  Fanout     Trans      Incr       Path      Attributes
  ----------------------------------------------------------------------------------------------------
  clock core_clk (rise edge)                                   0.00       0.00
  clock network delay (ideal)                                  0.10       0.10
  product_exp_ff_reg_0_/clocked_on (**SEQGEN**)      0.08      0.00       0.10 r
  product_exp_ff_reg_0_/Q (**SEQGEN**)               0.00      0.00       0.10 f
  product_exp_ff[0] (net)                  4                   0.00       0.10 f
  sub_87_2/A_0 (*SUB_UNS_OP_8_7_8)                             0.00       0.10 f
  sub_87_2/net1079 (net)                                       0.00       0.10 f
  sub_87_2/*cell*34/A[0] (DW01_sub_width8)                     0.00       0.10 f
  sub_87_2/*cell*34/A[0] (net)                                 0.00       0.10 f
  ...
  sub_87_2/*cell*34/DIFF[0] (DW01_sub_width8)                  0.00       0.10 r
  sub_87_2/net1089 (net)                                       0.00       0.10 r
  sub_87_2/Z_0 (*SUB_UNS_OP_8_7_8)                             0.00       0.10 r
  N123 (net)                                                   0.00       0.10 r
  C301/Z_0 (*SELECT_OP_2.8_2.1_8)                    0.00      0.00       0.10 r
  odata_exp[0] (net)                       1                   0.00       0.10 r
  C304/Z_0 (*SELECT_OP_2.8_2.1_8)                    0.00      0.00       0.10 r
  N132 (net)                               1                   0.00       0.10 r
  odata_exp_ff_reg_0_/next_state (**SEQGEN**)        0.00      0.00       0.10 r
  data arrival time                                                       0.10

  clock core_clk (rise edge)                                   9.80       9.80
  clock network delay (ideal)                                  0.10       9.90
  clock uncertainty                                           -0.98       8.92
  odata_exp_ff_reg_0_/clocked_on (**SEQGEN**)                  0.00       8.92 r
  library setup time                                           0.00       8.92
  data required time                                                      8.92
  ----------------------------------------------------------------------------------------------------
  data required time                                                      8.92
  data arrival time                                                      -0.10
  ----------------------------------------------------------------------------------------------------
  slack (MET)                                                             8.82


1
