
Design          Type    Object                  New Name
--------------------------------------------------------------------------------
Warning: The specified replacement character (_) is conflicting with the specified allowed or restricted character.   (UCN-4)
fp_mul          cell    idataA_exp_ff_reg[7]    idataA_exp_ff_reg_7_
fp_mul          cell    idataA_exp_ff_reg[6]    idataA_exp_ff_reg_6_
fp_mul          cell    idataA_exp_ff_reg[5]    idataA_exp_ff_reg_5_
fp_mul          cell    idataA_exp_ff_reg[4]    idataA_exp_ff_reg_4_
fp_mul          cell    idataA_exp_ff_reg[3]    idataA_exp_ff_reg_3_
fp_mul          cell    idataA_exp_ff_reg[2]    idataA_exp_ff_reg_2_
fp_mul          cell    idataA_exp_ff_reg[1]    idataA_exp_ff_reg_1_
fp_mul          cell    idataA_exp_ff_reg[0]    idataA_exp_ff_reg_0_
fp_mul          cell    idataA_mat_ff_reg[23]   idataA_mat_ff_reg_23_
fp_mul          cell    idataA_mat_ff_reg[22]   idataA_mat_ff_reg_22_
fp_mul          cell    idataA_mat_ff_reg[21]   idataA_mat_ff_reg_21_
fp_mul          cell    idataA_mat_ff_reg[20]   idataA_mat_ff_reg_20_
fp_mul          cell    idataA_mat_ff_reg[19]   idataA_mat_ff_reg_19_
fp_mul          cell    idataA_mat_ff_reg[18]   idataA_mat_ff_reg_18_
fp_mul          cell    idataA_mat_ff_reg[17]   idataA_mat_ff_reg_17_
fp_mul          cell    idataA_mat_ff_reg[16]   idataA_mat_ff_reg_16_
fp_mul          cell    idataA_mat_ff_reg[15]   idataA_mat_ff_reg_15_
fp_mul          cell    idataA_mat_ff_reg[14]   idataA_mat_ff_reg_14_
fp_mul          cell    idataA_mat_ff_reg[13]   idataA_mat_ff_reg_13_
fp_mul          cell    idataA_mat_ff_reg[12]   idataA_mat_ff_reg_12_
fp_mul          cell    idataA_mat_ff_reg[11]   idataA_mat_ff_reg_11_
fp_mul          cell    idataA_mat_ff_reg[10]   idataA_mat_ff_reg_10_
fp_mul          cell    idataA_mat_ff_reg[9]    idataA_mat_ff_reg_9_
fp_mul          cell    idataA_mat_ff_reg[8]    idataA_mat_ff_reg_8_
fp_mul          cell    idataA_mat_ff_reg[7]    idataA_mat_ff_reg_7_
fp_mul          cell    idataA_mat_ff_reg[6]    idataA_mat_ff_reg_6_
fp_mul          cell    idataA_mat_ff_reg[5]    idataA_mat_ff_reg_5_
fp_mul          cell    idataA_mat_ff_reg[4]    idataA_mat_ff_reg_4_
fp_mul          cell    idataA_mat_ff_reg[3]    idataA_mat_ff_reg_3_
fp_mul          cell    idataA_mat_ff_reg[2]    idataA_mat_ff_reg_2_
fp_mul          cell    idataA_mat_ff_reg[1]    idataA_mat_ff_reg_1_
fp_mul          cell    idataA_mat_ff_reg[0]    idataA_mat_ff_reg_0_
fp_mul          cell    idataB_exp_ff_reg[7]    idataB_exp_ff_reg_7_
fp_mul          cell    idataB_exp_ff_reg[6]    idataB_exp_ff_reg_6_
fp_mul          cell    idataB_exp_ff_reg[5]    idataB_exp_ff_reg_5_
fp_mul          cell    idataB_exp_ff_reg[4]    idataB_exp_ff_reg_4_
fp_mul          cell    idataB_exp_ff_reg[3]    idataB_exp_ff_reg_3_
fp_mul          cell    idataB_exp_ff_reg[2]    idataB_exp_ff_reg_2_
fp_mul          cell    idataB_exp_ff_reg[1]    idataB_exp_ff_reg_1_
fp_mul          cell    idataB_exp_ff_reg[0]    idataB_exp_ff_reg_0_
fp_mul          cell    idataB_mat_ff_reg[23]   idataB_mat_ff_reg_23_
fp_mul          cell    idataB_mat_ff_reg[22]   idataB_mat_ff_reg_22_
fp_mul          cell    idataB_mat_ff_reg[21]   idataB_mat_ff_reg_21_
fp_mul          cell    idataB_mat_ff_reg[20]   idataB_mat_ff_reg_20_
fp_mul          cell    idataB_mat_ff_reg[19]   idataB_mat_ff_reg_19_
fp_mul          cell    idataB_mat_ff_reg[18]   idataB_mat_ff_reg_18_
fp_mul          cell    idataB_mat_ff_reg[17]   idataB_mat_ff_reg_17_
fp_mul          cell    idataB_mat_ff_reg[16]   idataB_mat_ff_reg_16_
fp_mul          cell    idataB_mat_ff_reg[15]   idataB_mat_ff_reg_15_
fp_mul          cell    idataB_mat_ff_reg[14]   idataB_mat_ff_reg_14_
fp_mul          cell    idataB_mat_ff_reg[13]   idataB_mat_ff_reg_13_
fp_mul          cell    idataB_mat_ff_reg[12]   idataB_mat_ff_reg_12_
fp_mul          cell    idataB_mat_ff_reg[11]   idataB_mat_ff_reg_11_
fp_mul          cell    idataB_mat_ff_reg[10]   idataB_mat_ff_reg_10_
fp_mul          cell    idataB_mat_ff_reg[9]    idataB_mat_ff_reg_9_
fp_mul          cell    idataB_mat_ff_reg[8]    idataB_mat_ff_reg_8_
fp_mul          cell    idataB_mat_ff_reg[7]    idataB_mat_ff_reg_7_
fp_mul          cell    idataB_mat_ff_reg[6]    idataB_mat_ff_reg_6_
fp_mul          cell    idataB_mat_ff_reg[5]    idataB_mat_ff_reg_5_
fp_mul          cell    idataB_mat_ff_reg[4]    idataB_mat_ff_reg_4_
fp_mul          cell    idataB_mat_ff_reg[3]    idataB_mat_ff_reg_3_
fp_mul          cell    idataB_mat_ff_reg[2]    idataB_mat_ff_reg_2_
fp_mul          cell    idataB_mat_ff_reg[1]    idataB_mat_ff_reg_1_
fp_mul          cell    idataB_mat_ff_reg[0]    idataB_mat_ff_reg_0_
fp_mul          cell    product_exp_ff_reg[8]   product_exp_ff_reg_8_
fp_mul          cell    product_exp_ff_reg[7]   product_exp_ff_reg_7_
fp_mul          cell    product_exp_ff_reg[6]   product_exp_ff_reg_6_
fp_mul          cell    product_exp_ff_reg[5]   product_exp_ff_reg_5_
fp_mul          cell    product_exp_ff_reg[4]   product_exp_ff_reg_4_
fp_mul          cell    product_exp_ff_reg[3]   product_exp_ff_reg_3_
fp_mul          cell    product_exp_ff_reg[2]   product_exp_ff_reg_2_
fp_mul          cell    product_exp_ff_reg[1]   product_exp_ff_reg_1_
fp_mul          cell    product_exp_ff_reg[0]   product_exp_ff_reg_0_
fp_mul          cell    product_mat_ff_reg[47]  product_mat_ff_reg_47_
fp_mul          cell    product_mat_ff_reg[46]  product_mat_ff_reg_46_
fp_mul          cell    product_mat_ff_reg[45]  product_mat_ff_reg_45_
fp_mul          cell    product_mat_ff_reg[44]  product_mat_ff_reg_44_
fp_mul          cell    product_mat_ff_reg[43]  product_mat_ff_reg_43_
fp_mul          cell    product_mat_ff_reg[42]  product_mat_ff_reg_42_
fp_mul          cell    product_mat_ff_reg[41]  product_mat_ff_reg_41_
fp_mul          cell    product_mat_ff_reg[40]  product_mat_ff_reg_40_
fp_mul          cell    product_mat_ff_reg[39]  product_mat_ff_reg_39_
fp_mul          cell    product_mat_ff_reg[38]  product_mat_ff_reg_38_
fp_mul          cell    product_mat_ff_reg[37]  product_mat_ff_reg_37_
fp_mul          cell    product_mat_ff_reg[36]  product_mat_ff_reg_36_
fp_mul          cell    product_mat_ff_reg[35]  product_mat_ff_reg_35_
fp_mul          cell    product_mat_ff_reg[34]  product_mat_ff_reg_34_
fp_mul          cell    product_mat_ff_reg[33]  product_mat_ff_reg_33_
fp_mul          cell    product_mat_ff_reg[32]  product_mat_ff_reg_32_
fp_mul          cell    product_mat_ff_reg[31]  product_mat_ff_reg_31_
fp_mul          cell    product_mat_ff_reg[30]  product_mat_ff_reg_30_
fp_mul          cell    product_mat_ff_reg[29]  product_mat_ff_reg_29_
fp_mul          cell    product_mat_ff_reg[28]  product_mat_ff_reg_28_
fp_mul          cell    product_mat_ff_reg[27]  product_mat_ff_reg_27_
fp_mul          cell    product_mat_ff_reg[26]  product_mat_ff_reg_26_
fp_mul          cell    product_mat_ff_reg[25]  product_mat_ff_reg_25_
fp_mul          cell    product_mat_ff_reg[24]  product_mat_ff_reg_24_
fp_mul          cell    product_mat_ff_reg[23]  product_mat_ff_reg_23_
fp_mul          cell    odata_exp_ff_reg[7]     odata_exp_ff_reg_7_
fp_mul          cell    odata_exp_ff_reg[6]     odata_exp_ff_reg_6_
fp_mul          cell    odata_exp_ff_reg[5]     odata_exp_ff_reg_5_
fp_mul          cell    odata_exp_ff_reg[4]     odata_exp_ff_reg_4_
fp_mul          cell    odata_exp_ff_reg[3]     odata_exp_ff_reg_3_
fp_mul          cell    odata_exp_ff_reg[2]     odata_exp_ff_reg_2_
fp_mul          cell    odata_exp_ff_reg[1]     odata_exp_ff_reg_1_
fp_mul          cell    odata_exp_ff_reg[0]     odata_exp_ff_reg_0_
fp_mul          cell    odata_mat_ff_reg[22]    odata_mat_ff_reg_22_
fp_mul          cell    odata_mat_ff_reg[21]    odata_mat_ff_reg_21_
fp_mul          cell    odata_mat_ff_reg[20]    odata_mat_ff_reg_20_
fp_mul          cell    odata_mat_ff_reg[19]    odata_mat_ff_reg_19_
fp_mul          cell    odata_mat_ff_reg[18]    odata_mat_ff_reg_18_
fp_mul          cell    odata_mat_ff_reg[17]    odata_mat_ff_reg_17_
fp_mul          cell    odata_mat_ff_reg[16]    odata_mat_ff_reg_16_
fp_mul          cell    odata_mat_ff_reg[15]    odata_mat_ff_reg_15_
fp_mul          cell    odata_mat_ff_reg[14]    odata_mat_ff_reg_14_
fp_mul          cell    odata_mat_ff_reg[13]    odata_mat_ff_reg_13_
fp_mul          cell    odata_mat_ff_reg[12]    odata_mat_ff_reg_12_
fp_mul          cell    odata_mat_ff_reg[11]    odata_mat_ff_reg_11_
fp_mul          cell    odata_mat_ff_reg[10]    odata_mat_ff_reg_10_
fp_mul          cell    odata_mat_ff_reg[9]     odata_mat_ff_reg_9_
fp_mul          cell    odata_mat_ff_reg[8]     odata_mat_ff_reg_8_
fp_mul          cell    odata_mat_ff_reg[7]     odata_mat_ff_reg_7_
fp_mul          cell    odata_mat_ff_reg[6]     odata_mat_ff_reg_6_
fp_mul          cell    odata_mat_ff_reg[5]     odata_mat_ff_reg_5_
fp_mul          cell    odata_mat_ff_reg[4]     odata_mat_ff_reg_4_
fp_mul          cell    odata_mat_ff_reg[3]     odata_mat_ff_reg_3_
fp_mul          cell    odata_mat_ff_reg[2]     odata_mat_ff_reg_2_
fp_mul          cell    odata_mat_ff_reg[1]     odata_mat_ff_reg_1_
fp_mul          cell    odata_mat_ff_reg[0]     odata_mat_ff_reg_0_
fp_mul          net     *Logic1*                n_Logic1_
fp_mul          net     *Logic0*                n_Logic0_
1
