Warning: Main library 'dw_foundation.sldb' does not specify the following units required for power: 'Leakage Power, Capacitance, Voltage, Time'. (PWR-424)
Information: Propagating switching activity (low effort zero delay simulation). (PWR-6)
Warning: Design has unannotated primary inputs. (PWR-414)
Warning: Design has unannotated sequential cell outputs. (PWR-415)
 
****************************************
Report : power
        -analysis_effort low
Design : fp_mul
Version: V-2023.12-SP5
Date   : Tue Nov 12 13:34:59 2024
****************************************


Library(s) Used:

    gtech (File: /usr/caen/synopsys-synth-2023.12-SP5/libraries/syn/gtech.db)


Operating Conditions: nom_pvt   Library: dw_foundation.sldb
Wire Load Model Mode: top


Global Operating Voltage = 5    
Power-specific unit information :
    Voltage Units = Unitless
    Capacitance Units = Unitless
    Time Units = Unitless
    Dynamic Power Units = Unitless    (derived from V,C,T units)
    Leakage Power Units = Unitless


Attributes
----------
i - Including register clock pin internal power


  Cell Internal Power  =   0.0000     (0%)
  Net Switching Power  =   0.9751   (100%)
                         ---------
Total Dynamic Power    =   0.9751   (100%)

Cell Leakage Power     =   0.0000 

Error: Either dynamic power or leakage power, in the library, is unitless. Unable to display complete power group summary. (PWR-799)

                 Internal         Switching           Leakage            Total
Power Group      Power            Power               Power              Power   (   %    )  Attrs
--------------------------------------------------------------------------------------------------
io_pad             0.0000            0.0000            0.0000               NA   (     N/A)
memory             0.0000            0.0000            0.0000               NA   (     N/A)
black_box          0.0000            0.0000            0.0000               NA   (     N/A)
clock_network      0.0000            0.0000            0.0000               NA   (     N/A)  i
register           0.0000        2.3729e-02            0.0000               NA   (     N/A)
sequential         0.0000            0.0000            0.0000               NA   (     N/A)
combinational      0.0000            0.9514            0.0000               NA   (     N/A)
--------------------------------------------------------------------------------------------------
Total              0.0000            0.9751            0.0000               NA        
1
