Information: Checking out the license 'DesignWare'. (SEC-104)
Information: Updating graph... (UID-83)
Warning: Design 'input_reorder' contains 1 high-fanout nets. A fanout number of 1000 will be used for delay calculations involving these nets. (TIM-134)
Information: Updating design information... (UID-85)
Warning: Design 'input_reorder' contains 1 high-fanout nets. A fanout number of 1000 will be used for delay calculations involving these nets. (TIM-134)

Information: Checking generated_clocks...

Information: Checking loops...

Information: Checking no_input_delay...
Warning: The following input ports have no clock_relative delay specified, the command set_input_delay without -clock option will be ignored. (TIM-216)
--------------------
reset
enable
input_array[3][r][31]
input_array[3][r][30]
input_array[3][r][29]
input_array[3][r][28]
input_array[3][r][27]
input_array[3][r][26]
input_array[3][r][25]
input_array[3][r][24]
input_array[3][r][23]
input_array[3][r][22]
input_array[3][r][21]
input_array[3][r][20]
input_array[3][r][19]
input_array[3][r][18]
input_array[3][r][17]
input_array[3][r][16]
input_array[3][r][15]
input_array[3][r][14]
input_array[3][r][13]
input_array[3][r][12]
input_array[3][r][11]
input_array[3][r][10]
input_array[3][r][9]
input_array[3][r][8]
input_array[3][r][7]
input_array[3][r][6]
input_array[3][r][5]
input_array[3][r][4]
input_array[3][r][3]
input_array[3][r][2]
input_array[3][r][1]
input_array[3][r][0]
input_array[3][i][31]
input_array[3][i][30]
input_array[3][i][29]
input_array[3][i][28]
input_array[3][i][27]
input_array[3][i][26]
input_array[3][i][25]
input_array[3][i][24]
input_array[3][i][23]
input_array[3][i][22]
input_array[3][i][21]
input_array[3][i][20]
input_array[3][i][19]
input_array[3][i][18]
input_array[3][i][17]
input_array[3][i][16]
input_array[3][i][15]
input_array[3][i][14]
input_array[3][i][13]
input_array[3][i][12]
input_array[3][i][11]
input_array[3][i][10]
input_array[3][i][9]
input_array[3][i][8]
input_array[3][i][7]
input_array[3][i][6]
input_array[3][i][5]
input_array[3][i][4]
input_array[3][i][3]
input_array[3][i][2]
input_array[3][i][1]
input_array[3][i][0]
input_array[2][r][31]
input_array[2][r][30]
input_array[2][r][29]
input_array[2][r][28]
input_array[2][r][27]
input_array[2][r][26]
input_array[2][r][25]
input_array[2][r][24]
input_array[2][r][23]
input_array[2][r][22]
input_array[2][r][21]
input_array[2][r][20]
input_array[2][r][19]
input_array[2][r][18]
input_array[2][r][17]
input_array[2][r][16]
input_array[2][r][15]
input_array[2][r][14]
input_array[2][r][13]
input_array[2][r][12]
input_array[2][r][11]
input_array[2][r][10]
input_array[2][r][9]
input_array[2][r][8]
input_array[2][r][7]
input_array[2][r][6]
input_array[2][r][5]
input_array[2][r][4]
input_array[2][r][3]
input_array[2][r][2]
input_array[2][r][1]
input_array[2][r][0]
input_array[2][i][31]
input_array[2][i][30]
input_array[2][i][29]
input_array[2][i][28]
input_array[2][i][27]
input_array[2][i][26]
input_array[2][i][25]
input_array[2][i][24]
input_array[2][i][23]
input_array[2][i][22]
input_array[2][i][21]
input_array[2][i][20]
input_array[2][i][19]
input_array[2][i][18]
input_array[2][i][17]
input_array[2][i][16]
input_array[2][i][15]
input_array[2][i][14]
input_array[2][i][13]
input_array[2][i][12]
input_array[2][i][11]
input_array[2][i][10]
input_array[2][i][9]
input_array[2][i][8]
input_array[2][i][7]
input_array[2][i][6]
input_array[2][i][5]
input_array[2][i][4]
input_array[2][i][3]
input_array[2][i][2]
input_array[2][i][1]
input_array[2][i][0]
input_array[1][r][31]
input_array[1][r][30]
input_array[1][r][29]
input_array[1][r][28]
input_array[1][r][27]
input_array[1][r][26]
input_array[1][r][25]
input_array[1][r][24]
input_array[1][r][23]
input_array[1][r][22]
input_array[1][r][21]
input_array[1][r][20]
input_array[1][r][19]
input_array[1][r][18]
input_array[1][r][17]
input_array[1][r][16]
input_array[1][r][15]
input_array[1][r][14]
input_array[1][r][13]
input_array[1][r][12]
input_array[1][r][11]
input_array[1][r][10]
input_array[1][r][9]
input_array[1][r][8]
input_array[1][r][7]
input_array[1][r][6]
input_array[1][r][5]
input_array[1][r][4]
input_array[1][r][3]
input_array[1][r][2]
input_array[1][r][1]
input_array[1][r][0]
input_array[1][i][31]
input_array[1][i][30]
input_array[1][i][29]
input_array[1][i][28]
input_array[1][i][27]
input_array[1][i][26]
input_array[1][i][25]
input_array[1][i][24]
input_array[1][i][23]
input_array[1][i][22]
input_array[1][i][21]
input_array[1][i][20]
input_array[1][i][19]
input_array[1][i][18]
input_array[1][i][17]
input_array[1][i][16]
input_array[1][i][15]
input_array[1][i][14]
input_array[1][i][13]
input_array[1][i][12]
input_array[1][i][11]
input_array[1][i][10]
input_array[1][i][9]
input_array[1][i][8]
input_array[1][i][7]
input_array[1][i][6]
input_array[1][i][5]
input_array[1][i][4]
input_array[1][i][3]
input_array[1][i][2]
input_array[1][i][1]
input_array[1][i][0]
input_array[0][r][31]
input_array[0][r][30]
input_array[0][r][29]
input_array[0][r][28]
input_array[0][r][27]
input_array[0][r][26]
input_array[0][r][25]
input_array[0][r][24]
input_array[0][r][23]
input_array[0][r][22]
input_array[0][r][21]
input_array[0][r][20]
input_array[0][r][19]
input_array[0][r][18]
input_array[0][r][17]
input_array[0][r][16]
input_array[0][r][15]
input_array[0][r][14]
input_array[0][r][13]
input_array[0][r][12]
input_array[0][r][11]
input_array[0][r][10]
input_array[0][r][9]
input_array[0][r][8]
input_array[0][r][7]
input_array[0][r][6]
input_array[0][r][5]
input_array[0][r][4]
input_array[0][r][3]
input_array[0][r][2]
input_array[0][r][1]
input_array[0][r][0]
input_array[0][i][31]
input_array[0][i][30]
input_array[0][i][29]
input_array[0][i][28]
input_array[0][i][27]
input_array[0][i][26]
input_array[0][i][25]
input_array[0][i][24]
input_array[0][i][23]
input_array[0][i][22]
input_array[0][i][21]
input_array[0][i][20]
input_array[0][i][19]
input_array[0][i][18]
input_array[0][i][17]
input_array[0][i][16]
input_array[0][i][15]
input_array[0][i][14]
input_array[0][i][13]
input_array[0][i][12]
input_array[0][i][11]
input_array[0][i][10]
input_array[0][i][9]
input_array[0][i][8]
input_array[0][i][7]
input_array[0][i][6]
input_array[0][i][5]
input_array[0][i][4]
input_array[0][i][3]
input_array[0][i][2]
input_array[0][i][1]
input_array[0][i][0]

Information: Checking unconstrained_endpoints...

Warning: The following end-points are not constrained for maximum delay.

End point
---------------
out_valid
out_valid_reg/next_state
output_array[0][i][0]
output_array[0][i][1]
output_array[0][i][2]
output_array[0][i][3]
output_array[0][i][4]
output_array[0][i][5]
output_array[0][i][6]
output_array[0][i][7]
output_array[0][i][8]
output_array[0][i][9]
output_array[0][i][10]
output_array[0][i][11]
output_array[0][i][12]
output_array[0][i][13]
output_array[0][i][14]
output_array[0][i][15]
output_array[0][i][16]
output_array[0][i][17]
output_array[0][i][18]
output_array[0][i][19]
output_array[0][i][20]
output_array[0][i][21]
output_array[0][i][22]
output_array[0][i][23]
output_array[0][i][24]
output_array[0][i][25]
output_array[0][i][26]
output_array[0][i][27]
output_array[0][i][28]
output_array[0][i][29]
output_array[0][i][30]
output_array[0][i][31]
output_array[0][r][0]
output_array[0][r][1]
output_array[0][r][2]
output_array[0][r][3]
output_array[0][r][4]
output_array[0][r][5]
output_array[0][r][6]
output_array[0][r][7]
output_array[0][r][8]
output_array[0][r][9]
output_array[0][r][10]
output_array[0][r][11]
output_array[0][r][12]
output_array[0][r][13]
output_array[0][r][14]
output_array[0][r][15]
output_array[0][r][16]
output_array[0][r][17]
output_array[0][r][18]
output_array[0][r][19]
output_array[0][r][20]
output_array[0][r][21]
output_array[0][r][22]
output_array[0][r][23]
output_array[0][r][24]
output_array[0][r][25]
output_array[0][r][26]
output_array[0][r][27]
output_array[0][r][28]
output_array[0][r][29]
output_array[0][r][30]
output_array[0][r][31]
output_array[1][i][0]
output_array[1][i][1]
output_array[1][i][2]
output_array[1][i][3]
output_array[1][i][4]
output_array[1][i][5]
output_array[1][i][6]
output_array[1][i][7]
output_array[1][i][8]
output_array[1][i][9]
output_array[1][i][10]
output_array[1][i][11]
output_array[1][i][12]
output_array[1][i][13]
output_array[1][i][14]
output_array[1][i][15]
output_array[1][i][16]
output_array[1][i][17]
output_array[1][i][18]
output_array[1][i][19]
output_array[1][i][20]
output_array[1][i][21]
output_array[1][i][22]
output_array[1][i][23]
output_array[1][i][24]
output_array[1][i][25]
output_array[1][i][26]
output_array[1][i][27]
output_array[1][i][28]
output_array[1][i][29]
output_array[1][i][30]
output_array[1][i][31]
output_array[1][r][0]
output_array[1][r][1]
output_array[1][r][2]
output_array[1][r][3]
output_array[1][r][4]
output_array[1][r][5]
output_array[1][r][6]
output_array[1][r][7]
output_array[1][r][8]
output_array[1][r][9]
output_array[1][r][10]
output_array[1][r][11]
output_array[1][r][12]
output_array[1][r][13]
output_array[1][r][14]
output_array[1][r][15]
output_array[1][r][16]
output_array[1][r][17]
output_array[1][r][18]
output_array[1][r][19]
output_array[1][r][20]
output_array[1][r][21]
output_array[1][r][22]
output_array[1][r][23]
output_array[1][r][24]
output_array[1][r][25]
output_array[1][r][26]
output_array[1][r][27]
output_array[1][r][28]
output_array[1][r][29]
output_array[1][r][30]
output_array[1][r][31]
output_array[2][i][0]
output_array[2][i][1]
output_array[2][i][2]
output_array[2][i][3]
output_array[2][i][4]
output_array[2][i][5]
output_array[2][i][6]
output_array[2][i][7]
output_array[2][i][8]
output_array[2][i][9]
output_array[2][i][10]
output_array[2][i][11]
output_array[2][i][12]
output_array[2][i][13]
output_array[2][i][14]
output_array[2][i][15]
output_array[2][i][16]
output_array[2][i][17]
output_array[2][i][18]
output_array[2][i][19]
output_array[2][i][20]
output_array[2][i][21]
output_array[2][i][22]
output_array[2][i][23]
output_array[2][i][24]
output_array[2][i][25]
output_array[2][i][26]
output_array[2][i][27]
output_array[2][i][28]
output_array[2][i][29]
output_array[2][i][30]
output_array[2][i][31]
output_array[2][r][0]
output_array[2][r][1]
output_array[2][r][2]
output_array[2][r][3]
output_array[2][r][4]
output_array[2][r][5]
output_array[2][r][6]
output_array[2][r][7]
output_array[2][r][8]
output_array[2][r][9]
output_array[2][r][10]
output_array[2][r][11]
output_array[2][r][12]
output_array[2][r][13]
output_array[2][r][14]
output_array[2][r][15]
output_array[2][r][16]
output_array[2][r][17]
output_array[2][r][18]
output_array[2][r][19]
output_array[2][r][20]
output_array[2][r][21]
output_array[2][r][22]
output_array[2][r][23]
output_array[2][r][24]
output_array[2][r][25]
output_array[2][r][26]
output_array[2][r][27]
output_array[2][r][28]
output_array[2][r][29]
output_array[2][r][30]
output_array[2][r][31]
output_array[3][i][0]
output_array[3][i][1]
output_array[3][i][2]
output_array[3][i][3]
output_array[3][i][4]
output_array[3][i][5]
output_array[3][i][6]
output_array[3][i][7]
output_array[3][i][8]
output_array[3][i][9]
output_array[3][i][10]
output_array[3][i][11]
output_array[3][i][12]
output_array[3][i][13]
output_array[3][i][14]
output_array[3][i][15]
output_array[3][i][16]
output_array[3][i][17]
output_array[3][i][18]
output_array[3][i][19]
output_array[3][i][20]
output_array[3][i][21]
output_array[3][i][22]
output_array[3][i][23]
output_array[3][i][24]
output_array[3][i][25]
output_array[3][i][26]
output_array[3][i][27]
output_array[3][i][28]
output_array[3][i][29]
output_array[3][i][30]
output_array[3][i][31]
output_array[3][r][0]
output_array[3][r][1]
output_array[3][r][2]
output_array[3][r][3]
output_array[3][r][4]
output_array[3][r][5]
output_array[3][r][6]
output_array[3][r][7]
output_array[3][r][8]
output_array[3][r][9]
output_array[3][r][10]
output_array[3][r][11]
output_array[3][r][12]
output_array[3][r][13]
output_array[3][r][14]
output_array[3][r][15]
output_array[3][r][16]
output_array[3][r][17]
output_array[3][r][18]
output_array[3][r][19]
output_array[3][r][20]
output_array[3][r][21]
output_array[3][r][22]
output_array[3][r][23]
output_array[3][r][24]
output_array[3][r][25]
output_array[3][r][26]
output_array[3][r][27]
output_array[3][r][28]
output_array[3][r][29]
output_array[3][r][30]
output_array[3][r][31]
output_array_reg[0][i][0]/next_state
output_array_reg[0][i][1]/next_state
output_array_reg[0][i][2]/next_state
output_array_reg[0][i][3]/next_state
output_array_reg[0][i][4]/next_state
output_array_reg[0][i][5]/next_state
output_array_reg[0][i][6]/next_state
output_array_reg[0][i][7]/next_state
output_array_reg[0][i][8]/next_state
output_array_reg[0][i][9]/next_state
output_array_reg[0][i][10]/next_state
output_array_reg[0][i][11]/next_state
output_array_reg[0][i][12]/next_state
output_array_reg[0][i][13]/next_state
output_array_reg[0][i][14]/next_state
output_array_reg[0][i][15]/next_state
output_array_reg[0][i][16]/next_state
output_array_reg[0][i][17]/next_state
output_array_reg[0][i][18]/next_state
output_array_reg[0][i][19]/next_state
output_array_reg[0][i][20]/next_state
output_array_reg[0][i][21]/next_state
output_array_reg[0][i][22]/next_state
output_array_reg[0][i][23]/next_state
output_array_reg[0][i][24]/next_state
output_array_reg[0][i][25]/next_state
output_array_reg[0][i][26]/next_state
output_array_reg[0][i][27]/next_state
output_array_reg[0][i][28]/next_state
output_array_reg[0][i][29]/next_state
output_array_reg[0][i][30]/next_state
output_array_reg[0][i][31]/next_state
output_array_reg[0][r][0]/next_state
output_array_reg[0][r][1]/next_state
output_array_reg[0][r][2]/next_state
output_array_reg[0][r][3]/next_state
output_array_reg[0][r][4]/next_state
output_array_reg[0][r][5]/next_state
output_array_reg[0][r][6]/next_state
output_array_reg[0][r][7]/next_state
output_array_reg[0][r][8]/next_state
output_array_reg[0][r][9]/next_state
output_array_reg[0][r][10]/next_state
output_array_reg[0][r][11]/next_state
output_array_reg[0][r][12]/next_state
output_array_reg[0][r][13]/next_state
output_array_reg[0][r][14]/next_state
output_array_reg[0][r][15]/next_state
output_array_reg[0][r][16]/next_state
output_array_reg[0][r][17]/next_state
output_array_reg[0][r][18]/next_state
output_array_reg[0][r][19]/next_state
output_array_reg[0][r][20]/next_state
output_array_reg[0][r][21]/next_state
output_array_reg[0][r][22]/next_state
output_array_reg[0][r][23]/next_state
output_array_reg[0][r][24]/next_state
output_array_reg[0][r][25]/next_state
output_array_reg[0][r][26]/next_state
output_array_reg[0][r][27]/next_state
output_array_reg[0][r][28]/next_state
output_array_reg[0][r][29]/next_state
output_array_reg[0][r][30]/next_state
output_array_reg[0][r][31]/next_state
output_array_reg[1][i][0]/next_state
output_array_reg[1][i][1]/next_state
output_array_reg[1][i][2]/next_state
output_array_reg[1][i][3]/next_state
output_array_reg[1][i][4]/next_state
output_array_reg[1][i][5]/next_state
output_array_reg[1][i][6]/next_state
output_array_reg[1][i][7]/next_state
output_array_reg[1][i][8]/next_state
output_array_reg[1][i][9]/next_state
output_array_reg[1][i][10]/next_state
output_array_reg[1][i][11]/next_state
output_array_reg[1][i][12]/next_state
output_array_reg[1][i][13]/next_state
output_array_reg[1][i][14]/next_state
output_array_reg[1][i][15]/next_state
output_array_reg[1][i][16]/next_state
output_array_reg[1][i][17]/next_state
output_array_reg[1][i][18]/next_state
output_array_reg[1][i][19]/next_state
output_array_reg[1][i][20]/next_state
output_array_reg[1][i][21]/next_state
output_array_reg[1][i][22]/next_state
output_array_reg[1][i][23]/next_state
output_array_reg[1][i][24]/next_state
output_array_reg[1][i][25]/next_state
output_array_reg[1][i][26]/next_state
output_array_reg[1][i][27]/next_state
output_array_reg[1][i][28]/next_state
output_array_reg[1][i][29]/next_state
output_array_reg[1][i][30]/next_state
output_array_reg[1][i][31]/next_state
output_array_reg[1][r][0]/next_state
output_array_reg[1][r][1]/next_state
output_array_reg[1][r][2]/next_state
output_array_reg[1][r][3]/next_state
output_array_reg[1][r][4]/next_state
output_array_reg[1][r][5]/next_state
output_array_reg[1][r][6]/next_state
output_array_reg[1][r][7]/next_state
output_array_reg[1][r][8]/next_state
output_array_reg[1][r][9]/next_state
output_array_reg[1][r][10]/next_state
output_array_reg[1][r][11]/next_state
output_array_reg[1][r][12]/next_state
output_array_reg[1][r][13]/next_state
output_array_reg[1][r][14]/next_state
output_array_reg[1][r][15]/next_state
output_array_reg[1][r][16]/next_state
output_array_reg[1][r][17]/next_state
output_array_reg[1][r][18]/next_state
output_array_reg[1][r][19]/next_state
output_array_reg[1][r][20]/next_state
output_array_reg[1][r][21]/next_state
output_array_reg[1][r][22]/next_state
output_array_reg[1][r][23]/next_state
output_array_reg[1][r][24]/next_state
output_array_reg[1][r][25]/next_state
output_array_reg[1][r][26]/next_state
output_array_reg[1][r][27]/next_state
output_array_reg[1][r][28]/next_state
output_array_reg[1][r][29]/next_state
output_array_reg[1][r][30]/next_state
output_array_reg[1][r][31]/next_state
output_array_reg[2][i][0]/next_state
output_array_reg[2][i][1]/next_state
output_array_reg[2][i][2]/next_state
output_array_reg[2][i][3]/next_state
output_array_reg[2][i][4]/next_state
output_array_reg[2][i][5]/next_state
output_array_reg[2][i][6]/next_state
output_array_reg[2][i][7]/next_state
output_array_reg[2][i][8]/next_state
output_array_reg[2][i][9]/next_state
output_array_reg[2][i][10]/next_state
output_array_reg[2][i][11]/next_state
output_array_reg[2][i][12]/next_state
output_array_reg[2][i][13]/next_state
output_array_reg[2][i][14]/next_state
output_array_reg[2][i][15]/next_state
output_array_reg[2][i][16]/next_state
output_array_reg[2][i][17]/next_state
output_array_reg[2][i][18]/next_state
output_array_reg[2][i][19]/next_state
output_array_reg[2][i][20]/next_state
output_array_reg[2][i][21]/next_state
output_array_reg[2][i][22]/next_state
output_array_reg[2][i][23]/next_state
output_array_reg[2][i][24]/next_state
output_array_reg[2][i][25]/next_state
output_array_reg[2][i][26]/next_state
output_array_reg[2][i][27]/next_state
output_array_reg[2][i][28]/next_state
output_array_reg[2][i][29]/next_state
output_array_reg[2][i][30]/next_state
output_array_reg[2][i][31]/next_state
output_array_reg[2][r][0]/next_state
output_array_reg[2][r][1]/next_state
output_array_reg[2][r][2]/next_state
output_array_reg[2][r][3]/next_state
output_array_reg[2][r][4]/next_state
output_array_reg[2][r][5]/next_state
output_array_reg[2][r][6]/next_state
output_array_reg[2][r][7]/next_state
output_array_reg[2][r][8]/next_state
output_array_reg[2][r][9]/next_state
output_array_reg[2][r][10]/next_state
output_array_reg[2][r][11]/next_state
output_array_reg[2][r][12]/next_state
output_array_reg[2][r][13]/next_state
output_array_reg[2][r][14]/next_state
output_array_reg[2][r][15]/next_state
output_array_reg[2][r][16]/next_state
output_array_reg[2][r][17]/next_state
output_array_reg[2][r][18]/next_state
output_array_reg[2][r][19]/next_state
output_array_reg[2][r][20]/next_state
output_array_reg[2][r][21]/next_state
output_array_reg[2][r][22]/next_state
output_array_reg[2][r][23]/next_state
output_array_reg[2][r][24]/next_state
output_array_reg[2][r][25]/next_state
output_array_reg[2][r][26]/next_state
output_array_reg[2][r][27]/next_state
output_array_reg[2][r][28]/next_state
output_array_reg[2][r][29]/next_state
output_array_reg[2][r][30]/next_state
output_array_reg[2][r][31]/next_state
output_array_reg[3][i][0]/next_state
output_array_reg[3][i][1]/next_state
output_array_reg[3][i][2]/next_state
output_array_reg[3][i][3]/next_state
output_array_reg[3][i][4]/next_state
output_array_reg[3][i][5]/next_state
output_array_reg[3][i][6]/next_state
output_array_reg[3][i][7]/next_state
output_array_reg[3][i][8]/next_state
output_array_reg[3][i][9]/next_state
output_array_reg[3][i][10]/next_state
output_array_reg[3][i][11]/next_state
output_array_reg[3][i][12]/next_state
output_array_reg[3][i][13]/next_state
output_array_reg[3][i][14]/next_state
output_array_reg[3][i][15]/next_state
output_array_reg[3][i][16]/next_state
output_array_reg[3][i][17]/next_state
output_array_reg[3][i][18]/next_state
output_array_reg[3][i][19]/next_state
output_array_reg[3][i][20]/next_state
output_array_reg[3][i][21]/next_state
output_array_reg[3][i][22]/next_state
output_array_reg[3][i][23]/next_state
output_array_reg[3][i][24]/next_state
output_array_reg[3][i][25]/next_state
output_array_reg[3][i][26]/next_state
output_array_reg[3][i][27]/next_state
output_array_reg[3][i][28]/next_state
output_array_reg[3][i][29]/next_state
output_array_reg[3][i][30]/next_state
output_array_reg[3][i][31]/next_state
output_array_reg[3][r][0]/next_state
output_array_reg[3][r][1]/next_state
output_array_reg[3][r][2]/next_state
output_array_reg[3][r][3]/next_state
output_array_reg[3][r][4]/next_state
output_array_reg[3][r][5]/next_state
output_array_reg[3][r][6]/next_state
output_array_reg[3][r][7]/next_state
output_array_reg[3][r][8]/next_state
output_array_reg[3][r][9]/next_state
output_array_reg[3][r][10]/next_state
output_array_reg[3][r][11]/next_state
output_array_reg[3][r][12]/next_state
output_array_reg[3][r][13]/next_state
output_array_reg[3][r][14]/next_state
output_array_reg[3][r][15]/next_state
output_array_reg[3][r][16]/next_state
output_array_reg[3][r][17]/next_state
output_array_reg[3][r][18]/next_state
output_array_reg[3][r][19]/next_state
output_array_reg[3][r][20]/next_state
output_array_reg[3][r][21]/next_state
output_array_reg[3][r][22]/next_state
output_array_reg[3][r][23]/next_state
output_array_reg[3][r][24]/next_state
output_array_reg[3][r][25]/next_state
output_array_reg[3][r][26]/next_state
output_array_reg[3][r][27]/next_state
output_array_reg[3][r][28]/next_state
output_array_reg[3][r][29]/next_state
output_array_reg[3][r][30]/next_state
output_array_reg[3][r][31]/next_state

Information: Checking pulse_clock_cell_type...

Information: Checking no_driving_cell...

Information: Checking partial_input_delay...
1
