Information: Checking out the license 'DesignWare'. (SEC-104)
Information: Changed wire load model for 'matmulfixed' from '(none)' to 'ForQA'. (OPT-170)
Information: Changed wire load model for 'matmulfixed' from '(none)' to 'ForQA'. (OPT-170)
Information: Changed wire load model for 'alt1' from '(none)' to 'ForQA'. (OPT-170)
Information: Changed wire load model for 'apparch' from '(none)' to 'ForQA'. (OPT-170)
Information: Changed wire load model for 'DW01_add_width32' from '(none)' to 'ForQA'. (OPT-170)
Information: Changed wire load model for '*ADD_UNS_OP_32_32_32' from '(none)' to 'ForQA'. (OPT-170)
Information: Changed wire load model for 'DW01_add_width32' from '(none)' to 'ForQA'. (OPT-170)
Information: Changed wire load model for '*ADD_UNS_OP_32_32_32' from '(none)' to 'ForQA'. (OPT-170)
Information: Changed wire load model for 'DW01_add_width32' from '(none)' to 'ForQA'. (OPT-170)
Information: Changed wire load model for '*ADD_UNS_OP_32_32_32' from '(none)' to 'ForQA'. (OPT-170)
Information: Changed wire load model for 'DW01_add_width32' from '(none)' to 'ForQA'. (OPT-170)
Information: Changed wire load model for '*ADD_UNS_OP_32_32_32' from '(none)' to 'ForQA'. (OPT-170)
Information: Changed wire load model for 'DW01_add_width27' from '(none)' to 'ForQA'. (OPT-170)
Information: Changed wire load model for '*ADD_TC_OP_27_27_27' from '(none)' to 'ForQA'. (OPT-170)
Information: Changed wire load model for 'DW01_add_width27' from '(none)' to 'ForQA'. (OPT-170)
Information: Changed wire load model for '*ADD_TC_OP_27_27_27' from '(none)' to 'ForQA'. (OPT-170)
Information: Changed wire load model for 'DW01_add_width27' from '(none)' to 'ForQA'. (OPT-170)
Information: Changed wire load model for '*ADD_TC_OP_27_27_27' from '(none)' to 'ForQA'. (OPT-170)
Information: Changed wire load model for 'DW01_add_width27' from '(none)' to 'ForQA'. (OPT-170)
Information: Changed wire load model for '*ADD_TC_OP_27_27_27' from '(none)' to 'ForQA'. (OPT-170)
Information: Changed wire load model for 'DW01_add_width27' from '(none)' to 'ForQA'. (OPT-170)
Information: Changed wire load model for '*ADD_TC_OP_27_27_27' from '(none)' to 'ForQA'. (OPT-170)
Information: Changed wire load model for 'DW01_add_width27' from '(none)' to 'ForQA'. (OPT-170)
Information: Changed wire load model for '*ADD_TC_OP_27_27_27' from '(none)' to 'ForQA'. (OPT-170)
Information: Changed wire load model for 'DW01_add_width27' from '(none)' to 'ForQA'. (OPT-170)
Information: Changed wire load model for '*ADD_TC_OP_27_27_27' from '(none)' to 'ForQA'. (OPT-170)
Information: Changed wire load model for 'DW01_add_width27' from '(none)' to 'ForQA'. (OPT-170)
Information: Changed wire load model for '*ADD_TC_OP_27_27_27' from '(none)' to 'ForQA'. (OPT-170)
Information: Changed wire load model for 'DW01_add_width27' from '(none)' to 'ForQA'. (OPT-170)
Information: Changed wire load model for '*ADD_TC_OP_27_27_27' from '(none)' to 'ForQA'. (OPT-170)
Information: Changed wire load model for 'DW01_add_width27' from '(none)' to 'ForQA'. (OPT-170)
Information: Changed wire load model for '*ADD_TC_OP_27_27_27' from '(none)' to 'ForQA'. (OPT-170)
Information: Changed wire load model for 'DW01_add_width27' from '(none)' to 'ForQA'. (OPT-170)
Information: Changed wire load model for '*ADD_TC_OP_27_27_27' from '(none)' to 'ForQA'. (OPT-170)
Information: Changed wire load model for 'DW01_add_width27' from '(none)' to 'ForQA'. (OPT-170)
Information: Changed wire load model for '*ADD_TC_OP_27_27_27' from '(none)' to 'ForQA'. (OPT-170)
Information: Changed wire load model for 'DW01_add_width27' from '(none)' to 'ForQA'. (OPT-170)
Information: Changed wire load model for '*ADD_TC_OP_27_27_27' from '(none)' to 'ForQA'. (OPT-170)
Information: Changed wire load model for 'DW01_add_width27' from '(none)' to 'ForQA'. (OPT-170)
Information: Changed wire load model for '*ADD_TC_OP_27_27_27' from '(none)' to 'ForQA'. (OPT-170)
Information: Changed wire load model for 'DW01_add_width27' from '(none)' to 'ForQA'. (OPT-170)
Information: Changed wire load model for '*ADD_TC_OP_27_27_27' from '(none)' to 'ForQA'. (OPT-170)
Information: Changed wire load model for 'DW01_add_width27' from '(none)' to 'ForQA'. (OPT-170)
Information: Changed wire load model for '*ADD_TC_OP_27_27_27' from '(none)' to 'ForQA'. (OPT-170)
Information: Changed wire load model for 'DW01_add_width27' from '(none)' to 'ForQA'. (OPT-170)
Information: Changed wire load model for '*ADD_TC_OP_27_27_27' from '(none)' to 'ForQA'. (OPT-170)
Information: Changed wire load model for 'DW01_add_width27' from '(none)' to 'ForQA'. (OPT-170)
Information: Changed wire load model for '*ADD_TC_OP_27_27_27' from '(none)' to 'ForQA'. (OPT-170)
Information: Changed wire load model for 'DW01_add_width27' from '(none)' to 'ForQA'. (OPT-170)
Information: Changed wire load model for '*ADD_TC_OP_27_27_27' from '(none)' to 'ForQA'. (OPT-170)
Information: Changed wire load model for 'DW01_add_width27' from '(none)' to 'ForQA'. (OPT-170)
Information: Changed wire load model for '*ADD_TC_OP_27_27_27' from '(none)' to 'ForQA'. (OPT-170)
Information: Changed wire load model for 'DW01_add_width27' from '(none)' to 'ForQA'. (OPT-170)
Information: Changed wire load model for '*ADD_TC_OP_27_27_27' from '(none)' to 'ForQA'. (OPT-170)
Information: Changed wire load model for 'DW01_add_width27' from '(none)' to 'ForQA'. (OPT-170)
Information: Changed wire load model for '*ADD_TC_OP_27_27_27' from '(none)' to 'ForQA'. (OPT-170)
Information: Changed wire load model for 'DW01_add_width27' from '(none)' to 'ForQA'. (OPT-170)
Information: Changed wire load model for '*ADD_TC_OP_27_27_27' from '(none)' to 'ForQA'. (OPT-170)
Information: Changed wire load model for 'DW01_add_width27' from '(none)' to 'ForQA'. (OPT-170)
Information: Changed wire load model for '*ADD_TC_OP_27_27_27' from '(none)' to 'ForQA'. (OPT-170)
Information: Changed wire load model for 'DW01_add_width27' from '(none)' to 'ForQA'. (OPT-170)
Information: Changed wire load model for '*ADD_TC_OP_27_27_27' from '(none)' to 'ForQA'. (OPT-170)
Information: Changed wire load model for 'DW01_add_width27' from '(none)' to 'ForQA'. (OPT-170)
Information: Changed wire load model for '*ADD_TC_OP_27_27_27' from '(none)' to 'ForQA'. (OPT-170)
Information: Changed wire load model for 'DW01_add_width27' from '(none)' to 'ForQA'. (OPT-170)
Information: Changed wire load model for '*ADD_TC_OP_27_27_27' from '(none)' to 'ForQA'. (OPT-170)
Information: Changed wire load model for 'DW01_add_width27' from '(none)' to 'ForQA'. (OPT-170)
Information: Changed wire load model for '*ADD_TC_OP_27_27_27' from '(none)' to 'ForQA'. (OPT-170)
Information: Changed wire load model for 'DW01_add_width27' from '(none)' to 'ForQA'. (OPT-170)
Information: Changed wire load model for '*ADD_TC_OP_27_27_27' from '(none)' to 'ForQA'. (OPT-170)
Information: Changed wire load model for 'DW01_add_width27' from '(none)' to 'ForQA'. (OPT-170)
Information: Changed wire load model for '*ADD_TC_OP_27_27_27' from '(none)' to 'ForQA'. (OPT-170)
Information: Changed wire load model for 'DW01_add_width27' from '(none)' to 'ForQA'. (OPT-170)
Information: Changed wire load model for '*ADD_TC_OP_27_27_27' from '(none)' to 'ForQA'. (OPT-170)
Information: Changed wire load model for 'DW01_add_width27' from '(none)' to 'ForQA'. (OPT-170)
Information: Changed wire load model for '*ADD_TC_OP_27_27_27' from '(none)' to 'ForQA'. (OPT-170)
Information: Changed wire load model for 'DW01_add_width27' from '(none)' to 'ForQA'. (OPT-170)
Information: Changed wire load model for '*ADD_TC_OP_27_27_27' from '(none)' to 'ForQA'. (OPT-170)
Information: Changed wire load model for 'DW01_add_width27' from '(none)' to 'ForQA'. (OPT-170)
Information: Changed wire load model for '*ADD_TC_OP_27_27_27' from '(none)' to 'ForQA'. (OPT-170)
Information: Changed wire load model for 'DW01_add_width27' from '(none)' to 'ForQA'. (OPT-170)
Information: Changed wire load model for '*ADD_TC_OP_27_27_27' from '(none)' to 'ForQA'. (OPT-170)
Information: Changed wire load model for 'DW01_add_width27' from '(none)' to 'ForQA'. (OPT-170)
Information: Changed wire load model for '*ADD_TC_OP_27_27_27' from '(none)' to 'ForQA'. (OPT-170)
Information: Changed wire load model for 'DW01_add_width27' from '(none)' to 'ForQA'. (OPT-170)
Information: Changed wire load model for '*ADD_TC_OP_27_27_27' from '(none)' to 'ForQA'. (OPT-170)
Information: Changed wire load model for 'DW01_add_width27' from '(none)' to 'ForQA'. (OPT-170)
Information: Changed wire load model for '*ADD_TC_OP_27_27_27' from '(none)' to 'ForQA'. (OPT-170)
Information: Changed wire load model for 'DW01_add_width27' from '(none)' to 'ForQA'. (OPT-170)
Information: Changed wire load model for '*ADD_TC_OP_27_27_27' from '(none)' to 'ForQA'. (OPT-170)
Information: Changed wire load model for 'DW01_add_width27' from '(none)' to 'ForQA'. (OPT-170)
Information: Changed wire load model for '*ADD_TC_OP_27_27_27' from '(none)' to 'ForQA'. (OPT-170)
Information: Changed wire load model for 'DW01_add_width27' from '(none)' to 'ForQA'. (OPT-170)
Information: Changed wire load model for '*ADD_TC_OP_27_27_27' from '(none)' to 'ForQA'. (OPT-170)
Information: Changed wire load model for 'DW01_add_width27' from '(none)' to 'ForQA'. (OPT-170)
Information: Changed wire load model for '*ADD_TC_OP_27_27_27' from '(none)' to 'ForQA'. (OPT-170)
Information: Changed wire load model for 'DW01_add_width27' from '(none)' to 'ForQA'. (OPT-170)
Information: Changed wire load model for '*ADD_TC_OP_27_27_27' from '(none)' to 'ForQA'. (OPT-170)
Information: Changed wire load model for 'DW01_add_width27' from '(none)' to 'ForQA'. (OPT-170)
Information: Changed wire load model for '*ADD_TC_OP_27_27_27' from '(none)' to 'ForQA'. (OPT-170)
Information: Changed wire load model for 'DW01_add_width27' from '(none)' to 'ForQA'. (OPT-170)
Information: Changed wire load model for '*ADD_TC_OP_27_27_27' from '(none)' to 'ForQA'. (OPT-170)
Information: Changed wire load model for 'DW01_add_width27' from '(none)' to 'ForQA'. (OPT-170)
Information: Changed wire load model for '*ADD_TC_OP_27_27_27' from '(none)' to 'ForQA'. (OPT-170)
Information: Changed wire load model for 'DW01_add_width27' from '(none)' to 'ForQA'. (OPT-170)
Information: Changed wire load model for '*ADD_TC_OP_27_27_27' from '(none)' to 'ForQA'. (OPT-170)
Information: Changed wire load model for 'DW01_add_width27' from '(none)' to 'ForQA'. (OPT-170)
Information: Changed wire load model for '*ADD_TC_OP_27_27_27' from '(none)' to 'ForQA'. (OPT-170)
Information: Changed wire load model for 'DW02_mult' from '(none)' to 'ForQA'. (OPT-170)
Information: Changed wire load model for '*MULT_TC_OP_27_27_27' from '(none)' to 'ForQA'. (OPT-170)
Information: Changed wire load model for 'DW02_mult' from '(none)' to 'ForQA'. (OPT-170)
Information: Changed wire load model for '*MULT_TC_OP_27_27_27' from '(none)' to 'ForQA'. (OPT-170)
Information: Changed wire load model for 'DW02_mult' from '(none)' to 'ForQA'. (OPT-170)
Information: Changed wire load model for '*MULT_TC_OP_27_27_27' from '(none)' to 'ForQA'. (OPT-170)
Information: Changed wire load model for 'DW02_mult' from '(none)' to 'ForQA'. (OPT-170)
Information: Changed wire load model for '*MULT_TC_OP_27_27_27' from '(none)' to 'ForQA'. (OPT-170)
Information: Changed wire load model for 'DW02_mult' from '(none)' to 'ForQA'. (OPT-170)
Information: Changed wire load model for '*MULT_TC_OP_27_27_27' from '(none)' to 'ForQA'. (OPT-170)
Information: Changed wire load model for 'DW02_mult' from '(none)' to 'ForQA'. (OPT-170)
Information: Changed wire load model for '*MULT_TC_OP_27_27_27' from '(none)' to 'ForQA'. (OPT-170)
Information: Changed wire load model for 'DW02_mult' from '(none)' to 'ForQA'. (OPT-170)
Information: Changed wire load model for '*MULT_TC_OP_27_27_27' from '(none)' to 'ForQA'. (OPT-170)
Information: Changed wire load model for 'DW02_mult' from '(none)' to 'ForQA'. (OPT-170)
Information: Changed wire load model for '*MULT_TC_OP_27_27_27' from '(none)' to 'ForQA'. (OPT-170)
Information: Changed wire load model for 'DW02_mult' from '(none)' to 'ForQA'. (OPT-170)
Information: Changed wire load model for '*MULT_TC_OP_27_27_27' from '(none)' to 'ForQA'. (OPT-170)
Information: Changed wire load model for 'DW02_mult' from '(none)' to 'ForQA'. (OPT-170)
Information: Changed wire load model for '*MULT_TC_OP_27_27_27' from '(none)' to 'ForQA'. (OPT-170)
Information: Changed wire load model for 'DW02_mult' from '(none)' to 'ForQA'. (OPT-170)
Information: Changed wire load model for '*MULT_TC_OP_27_27_27' from '(none)' to 'ForQA'. (OPT-170)
Information: Changed wire load model for 'DW02_mult' from '(none)' to 'ForQA'. (OPT-170)
Information: Changed wire load model for '*MULT_TC_OP_27_27_27' from '(none)' to 'ForQA'. (OPT-170)
Information: Changed wire load model for 'DW02_mult' from '(none)' to 'ForQA'. (OPT-170)
Information: Changed wire load model for '*MULT_TC_OP_27_27_27' from '(none)' to 'ForQA'. (OPT-170)
Information: Changed wire load model for 'DW02_mult' from '(none)' to 'ForQA'. (OPT-170)
Information: Changed wire load model for '*MULT_TC_OP_27_27_27' from '(none)' to 'ForQA'. (OPT-170)
Information: Changed wire load model for 'DW02_mult' from '(none)' to 'ForQA'. (OPT-170)
Information: Changed wire load model for '*MULT_TC_OP_27_27_27' from '(none)' to 'ForQA'. (OPT-170)
Information: Changed wire load model for 'DW02_mult' from '(none)' to 'ForQA'. (OPT-170)
Information: Changed wire load model for '*MULT_TC_OP_27_27_27' from '(none)' to 'ForQA'. (OPT-170)
Information: Changed wire load model for 'DW02_mult' from '(none)' to 'ForQA'. (OPT-170)
Information: Changed wire load model for '*MULT_TC_OP_27_27_27' from '(none)' to 'ForQA'. (OPT-170)
Information: Changed wire load model for 'DW02_mult' from '(none)' to 'ForQA'. (OPT-170)
Information: Changed wire load model for '*MULT_TC_OP_27_27_27' from '(none)' to 'ForQA'. (OPT-170)
Information: Changed wire load model for 'DW02_mult' from '(none)' to 'ForQA'. (OPT-170)
Information: Changed wire load model for '*MULT_TC_OP_27_27_27' from '(none)' to 'ForQA'. (OPT-170)
Information: Changed wire load model for 'DW02_mult' from '(none)' to 'ForQA'. (OPT-170)
Information: Changed wire load model for '*MULT_TC_OP_27_27_27' from '(none)' to 'ForQA'. (OPT-170)
Information: Changed wire load model for 'DW02_mult' from '(none)' to 'ForQA'. (OPT-170)
Information: Changed wire load model for '*MULT_TC_OP_27_27_27' from '(none)' to 'ForQA'. (OPT-170)
Information: Changed wire load model for 'DW02_mult' from '(none)' to 'ForQA'. (OPT-170)
Information: Changed wire load model for '*MULT_TC_OP_27_27_27' from '(none)' to 'ForQA'. (OPT-170)
Information: Changed wire load model for 'DW02_mult' from '(none)' to 'ForQA'. (OPT-170)
Information: Changed wire load model for '*MULT_TC_OP_27_27_27' from '(none)' to 'ForQA'. (OPT-170)
Information: Changed wire load model for 'DW02_mult' from '(none)' to 'ForQA'. (OPT-170)
Information: Changed wire load model for '*MULT_TC_OP_27_27_27' from '(none)' to 'ForQA'. (OPT-170)
Information: Changed wire load model for 'DW02_mult' from '(none)' to 'ForQA'. (OPT-170)
Information: Changed wire load model for '*MULT_TC_OP_27_27_27' from '(none)' to 'ForQA'. (OPT-170)
Information: Changed wire load model for 'DW02_mult' from '(none)' to 'ForQA'. (OPT-170)
Information: Changed wire load model for '*MULT_TC_OP_27_27_27' from '(none)' to 'ForQA'. (OPT-170)
Information: Changed wire load model for 'DW02_mult' from '(none)' to 'ForQA'. (OPT-170)
Information: Changed wire load model for '*MULT_TC_OP_27_27_27' from '(none)' to 'ForQA'. (OPT-170)
Information: Changed wire load model for 'DW02_mult' from '(none)' to 'ForQA'. (OPT-170)
Information: Changed wire load model for '*MULT_TC_OP_27_27_27' from '(none)' to 'ForQA'. (OPT-170)
Information: Changed wire load model for 'DW02_mult' from '(none)' to 'ForQA'. (OPT-170)
Information: Changed wire load model for '*MULT_TC_OP_27_27_27' from '(none)' to 'ForQA'. (OPT-170)
Information: Changed wire load model for 'DW02_mult' from '(none)' to 'ForQA'. (OPT-170)
Information: Changed wire load model for '*MULT_TC_OP_27_27_27' from '(none)' to 'ForQA'. (OPT-170)
Information: Changed wire load model for 'DW02_mult' from '(none)' to 'ForQA'. (OPT-170)
Information: Changed wire load model for '*MULT_TC_OP_27_27_27' from '(none)' to 'ForQA'. (OPT-170)
Information: Changed wire load model for 'DW02_mult' from '(none)' to 'ForQA'. (OPT-170)
Information: Changed wire load model for '*MULT_TC_OP_27_27_27' from '(none)' to 'ForQA'. (OPT-170)
Information: Changed wire load model for 'DW02_mult' from '(none)' to 'ForQA'. (OPT-170)
Information: Changed wire load model for '*MULT_TC_OP_27_27_27' from '(none)' to 'ForQA'. (OPT-170)
Information: Changed wire load model for 'DW02_mult' from '(none)' to 'ForQA'. (OPT-170)
Information: Changed wire load model for '*MULT_TC_OP_27_27_27' from '(none)' to 'ForQA'. (OPT-170)
Information: Changed wire load model for 'DW02_mult' from '(none)' to 'ForQA'. (OPT-170)
Information: Changed wire load model for '*MULT_TC_OP_27_27_27' from '(none)' to 'ForQA'. (OPT-170)
Information: Changed wire load model for 'DW02_mult' from '(none)' to 'ForQA'. (OPT-170)
Information: Changed wire load model for '*MULT_TC_OP_27_27_27' from '(none)' to 'ForQA'. (OPT-170)
Information: Changed wire load model for 'DW02_mult' from '(none)' to 'ForQA'. (OPT-170)
Information: Changed wire load model for '*MULT_TC_OP_27_27_27' from '(none)' to 'ForQA'. (OPT-170)
Information: Changed wire load model for 'DW02_mult' from '(none)' to 'ForQA'. (OPT-170)
Information: Changed wire load model for '*MULT_TC_OP_27_27_27' from '(none)' to 'ForQA'. (OPT-170)
Information: Changed wire load model for 'DW02_mult' from '(none)' to 'ForQA'. (OPT-170)
Information: Changed wire load model for '*MULT_TC_OP_27_27_27' from '(none)' to 'ForQA'. (OPT-170)
Information: Changed wire load model for 'DW02_mult' from '(none)' to 'ForQA'. (OPT-170)
Information: Changed wire load model for '*MULT_TC_OP_27_27_27' from '(none)' to 'ForQA'. (OPT-170)
Information: Changed wire load model for 'DW02_mult' from '(none)' to 'ForQA'. (OPT-170)
Information: Changed wire load model for '*MULT_TC_OP_27_27_27' from '(none)' to 'ForQA'. (OPT-170)
Information: Changed wire load model for 'DW02_mult' from '(none)' to 'ForQA'. (OPT-170)
Information: Changed wire load model for '*MULT_TC_OP_27_27_27' from '(none)' to 'ForQA'. (OPT-170)
Information: Changed wire load model for 'DW02_mult' from '(none)' to 'ForQA'. (OPT-170)
Information: Changed wire load model for '*MULT_TC_OP_27_27_27' from '(none)' to 'ForQA'. (OPT-170)
Information: Changed wire load model for 'DW02_mult' from '(none)' to 'ForQA'. (OPT-170)
Information: Changed wire load model for '*MULT_TC_OP_27_27_27' from '(none)' to 'ForQA'. (OPT-170)
Information: Changed wire load model for 'DW02_mult' from '(none)' to 'ForQA'. (OPT-170)
Information: Changed wire load model for '*MULT_TC_OP_27_27_27' from '(none)' to 'ForQA'. (OPT-170)
Information: Changed wire load model for 'DW02_mult' from '(none)' to 'ForQA'. (OPT-170)
Information: Changed wire load model for '*MULT_TC_OP_27_27_27' from '(none)' to 'ForQA'. (OPT-170)
Information: Changed wire load model for 'DW02_mult' from '(none)' to 'ForQA'. (OPT-170)
Information: Changed wire load model for '*MULT_TC_OP_27_27_27' from '(none)' to 'ForQA'. (OPT-170)
Information: Changed wire load model for 'DW02_mult' from '(none)' to 'ForQA'. (OPT-170)
Information: Changed wire load model for '*MULT_TC_OP_27_27_27' from '(none)' to 'ForQA'. (OPT-170)
Information: Changed wire load model for 'DW02_mult' from '(none)' to 'ForQA'. (OPT-170)
Information: Changed wire load model for '*MULT_TC_OP_27_27_27' from '(none)' to 'ForQA'. (OPT-170)
Information: Changed wire load model for 'DW02_mult' from '(none)' to 'ForQA'. (OPT-170)
Information: Changed wire load model for '*MULT_TC_OP_27_27_27' from '(none)' to 'ForQA'. (OPT-170)
Information: Changed wire load model for 'DW02_mult' from '(none)' to 'ForQA'. (OPT-170)
Information: Changed wire load model for '*MULT_TC_OP_27_27_27' from '(none)' to 'ForQA'. (OPT-170)
Information: Changed wire load model for 'DW02_mult' from '(none)' to 'ForQA'. (OPT-170)
Information: Changed wire load model for '*MULT_TC_OP_27_27_27' from '(none)' to 'ForQA'. (OPT-170)
Information: Changed wire load model for 'DW02_mult' from '(none)' to 'ForQA'. (OPT-170)
Information: Changed wire load model for '*MULT_TC_OP_27_27_27' from '(none)' to 'ForQA'. (OPT-170)
Information: Changed wire load model for 'DW02_mult' from '(none)' to 'ForQA'. (OPT-170)
Information: Changed wire load model for '*MULT_TC_OP_27_27_27' from '(none)' to 'ForQA'. (OPT-170)
Information: Changed wire load model for 'DW02_mult' from '(none)' to 'ForQA'. (OPT-170)
Information: Changed wire load model for '*MULT_TC_OP_27_27_27' from '(none)' to 'ForQA'. (OPT-170)
Information: Changed wire load model for 'DW02_mult' from '(none)' to 'ForQA'. (OPT-170)
Information: Changed wire load model for '*MULT_TC_OP_27_27_27' from '(none)' to 'ForQA'. (OPT-170)
Information: Changed wire load model for 'DW02_mult' from '(none)' to 'ForQA'. (OPT-170)
Information: Changed wire load model for '*MULT_TC_OP_27_27_27' from '(none)' to 'ForQA'. (OPT-170)
Information: Changed wire load model for 'DW02_mult' from '(none)' to 'ForQA'. (OPT-170)
Information: Changed wire load model for '*MULT_TC_OP_27_27_27' from '(none)' to 'ForQA'. (OPT-170)
Information: Changed wire load model for 'DW02_mult' from '(none)' to 'ForQA'. (OPT-170)
Information: Changed wire load model for '*MULT_TC_OP_27_27_27' from '(none)' to 'ForQA'. (OPT-170)
Information: Changed wire load model for 'DW02_mult' from '(none)' to 'ForQA'. (OPT-170)
Information: Changed wire load model for '*MULT_TC_OP_27_27_27' from '(none)' to 'ForQA'. (OPT-170)
Information: Changed wire load model for 'DW02_mult' from '(none)' to 'ForQA'. (OPT-170)
Information: Changed wire load model for '*MULT_TC_OP_27_27_27' from '(none)' to 'ForQA'. (OPT-170)
Information: Changed wire load model for 'DW02_mult' from '(none)' to 'ForQA'. (OPT-170)
Information: Changed wire load model for '*MULT_TC_OP_27_27_27' from '(none)' to 'ForQA'. (OPT-170)
Information: Changed wire load model for 'DW02_mult' from '(none)' to 'ForQA'. (OPT-170)
Information: Changed wire load model for '*MULT_TC_OP_27_27_27' from '(none)' to 'ForQA'. (OPT-170)
Information: Changed wire load model for 'DW02_mult' from '(none)' to 'ForQA'. (OPT-170)
Information: Changed wire load model for '*MULT_TC_OP_27_27_27' from '(none)' to 'ForQA'. (OPT-170)
Information: Changed wire load model for 'DW01_add_width27' from '(none)' to 'ForQA'. (OPT-170)
Information: Changed wire load model for '*ADD_TC_OP_27_27_27' from '(none)' to 'ForQA'. (OPT-170)
Information: Changed wire load model for 'DW01_add_width27' from '(none)' to 'ForQA'. (OPT-170)
Information: Changed wire load model for '*ADD_TC_OP_27_27_27' from '(none)' to 'ForQA'. (OPT-170)
Information: Changed wire load model for 'DW01_add_width27' from '(none)' to 'ForQA'. (OPT-170)
Information: Changed wire load model for '*ADD_TC_OP_27_27_27' from '(none)' to 'ForQA'. (OPT-170)
Information: Changed wire load model for 'DW01_add_width27' from '(none)' to 'ForQA'. (OPT-170)
Information: Changed wire load model for '*ADD_TC_OP_27_27_27' from '(none)' to 'ForQA'. (OPT-170)
Information: Changed wire load model for 'DW01_add_width27' from '(none)' to 'ForQA'. (OPT-170)
Information: Changed wire load model for '*ADD_TC_OP_27_27_27' from '(none)' to 'ForQA'. (OPT-170)
Information: Changed wire load model for 'DW01_add_width27' from '(none)' to 'ForQA'. (OPT-170)
Information: Changed wire load model for '*ADD_TC_OP_27_27_27' from '(none)' to 'ForQA'. (OPT-170)
Information: Changed wire load model for 'DW01_add_width27' from '(none)' to 'ForQA'. (OPT-170)
Information: Changed wire load model for '*ADD_TC_OP_27_27_27' from '(none)' to 'ForQA'. (OPT-170)
Information: Changed wire load model for 'DW01_add_width27' from '(none)' to 'ForQA'. (OPT-170)
Information: Changed wire load model for '*ADD_TC_OP_27_27_27' from '(none)' to 'ForQA'. (OPT-170)
Information: Changed wire load model for 'DW01_add_width27' from '(none)' to 'ForQA'. (OPT-170)
Information: Changed wire load model for '*ADD_TC_OP_27_27_27' from '(none)' to 'ForQA'. (OPT-170)
Information: Changed wire load model for 'DW01_add_width27' from '(none)' to 'ForQA'. (OPT-170)
Information: Changed wire load model for '*ADD_TC_OP_27_27_27' from '(none)' to 'ForQA'. (OPT-170)
Information: Changed wire load model for 'DW01_add_width27' from '(none)' to 'ForQA'. (OPT-170)
Information: Changed wire load model for '*ADD_TC_OP_27_27_27' from '(none)' to 'ForQA'. (OPT-170)
Information: Changed wire load model for 'DW01_add_width27' from '(none)' to 'ForQA'. (OPT-170)
Information: Changed wire load model for '*ADD_TC_OP_27_27_27' from '(none)' to 'ForQA'. (OPT-170)
Information: Changed wire load model for 'DW01_add_width27' from '(none)' to 'ForQA'. (OPT-170)
Information: Changed wire load model for '*ADD_TC_OP_27_27_27' from '(none)' to 'ForQA'. (OPT-170)
Information: Changed wire load model for 'DW01_add_width27' from '(none)' to 'ForQA'. (OPT-170)
Information: Changed wire load model for '*ADD_TC_OP_27_27_27' from '(none)' to 'ForQA'. (OPT-170)
Information: Changed wire load model for 'DW01_add_width27' from '(none)' to 'ForQA'. (OPT-170)
Information: Changed wire load model for '*ADD_TC_OP_27_27_27' from '(none)' to 'ForQA'. (OPT-170)
Information: Changed wire load model for 'DW01_add_width27' from '(none)' to 'ForQA'. (OPT-170)
Information: Changed wire load model for '*ADD_TC_OP_27_27_27' from '(none)' to 'ForQA'. (OPT-170)
Information: Changed wire load model for 'DW01_add_width27' from '(none)' to 'ForQA'. (OPT-170)
Information: Changed wire load model for '*ADD_TC_OP_27_27_27' from '(none)' to 'ForQA'. (OPT-170)
Information: Changed wire load model for 'DW01_add_width27' from '(none)' to 'ForQA'. (OPT-170)
Information: Changed wire load model for '*ADD_TC_OP_27_27_27' from '(none)' to 'ForQA'. (OPT-170)
Information: Changed wire load model for 'DW01_add_width27' from '(none)' to 'ForQA'. (OPT-170)
Information: Changed wire load model for '*ADD_TC_OP_27_27_27' from '(none)' to 'ForQA'. (OPT-170)
Information: Changed wire load model for 'DW01_add_width27' from '(none)' to 'ForQA'. (OPT-170)
Information: Changed wire load model for '*ADD_TC_OP_27_27_27' from '(none)' to 'ForQA'. (OPT-170)
Information: Changed wire load model for 'DW01_add_width27' from '(none)' to 'ForQA'. (OPT-170)
Information: Changed wire load model for '*ADD_TC_OP_27_27_27' from '(none)' to 'ForQA'. (OPT-170)
Information: Changed wire load model for 'DW01_add_width27' from '(none)' to 'ForQA'. (OPT-170)
Information: Changed wire load model for '*ADD_TC_OP_27_27_27' from '(none)' to 'ForQA'. (OPT-170)
Information: Changed wire load model for 'DW01_add_width27' from '(none)' to 'ForQA'. (OPT-170)
Information: Changed wire load model for '*ADD_TC_OP_27_27_27' from '(none)' to 'ForQA'. (OPT-170)
Information: Changed wire load model for 'DW01_add_width27' from '(none)' to 'ForQA'. (OPT-170)
Information: Changed wire load model for '*ADD_TC_OP_27_27_27' from '(none)' to 'ForQA'. (OPT-170)
Information: Changed wire load model for 'DW01_add_width27' from '(none)' to 'ForQA'. (OPT-170)
Information: Changed wire load model for '*ADD_TC_OP_27_27_27' from '(none)' to 'ForQA'. (OPT-170)
Information: Changed wire load model for 'DW01_add_width27' from '(none)' to 'ForQA'. (OPT-170)
Information: Changed wire load model for '*ADD_TC_OP_27_27_27' from '(none)' to 'ForQA'. (OPT-170)
Information: Changed wire load model for 'DW01_add_width27' from '(none)' to 'ForQA'. (OPT-170)
Information: Changed wire load model for '*ADD_TC_OP_27_27_27' from '(none)' to 'ForQA'. (OPT-170)
Information: Changed wire load model for 'DW01_add_width27' from '(none)' to 'ForQA'. (OPT-170)
Information: Changed wire load model for '*ADD_TC_OP_27_27_27' from '(none)' to 'ForQA'. (OPT-170)
Information: Changed wire load model for 'DW01_add_width27' from '(none)' to 'ForQA'. (OPT-170)
Information: Changed wire load model for '*ADD_TC_OP_27_27_27' from '(none)' to 'ForQA'. (OPT-170)
Information: Changed wire load model for 'DW01_add_width27' from '(none)' to 'ForQA'. (OPT-170)
Information: Changed wire load model for '*ADD_TC_OP_27_27_27' from '(none)' to 'ForQA'. (OPT-170)
Information: Changed wire load model for 'DW01_add_width27' from '(none)' to 'ForQA'. (OPT-170)
Information: Changed wire load model for '*ADD_TC_OP_27_27_27' from '(none)' to 'ForQA'. (OPT-170)
Information: Changed wire load model for 'DW01_add_width27' from '(none)' to 'ForQA'. (OPT-170)
Information: Changed wire load model for '*ADD_TC_OP_27_27_27' from '(none)' to 'ForQA'. (OPT-170)
Information: Changed wire load model for 'DW01_add_width27' from '(none)' to 'ForQA'. (OPT-170)
Information: Changed wire load model for '*ADD_TC_OP_27_27_27' from '(none)' to 'ForQA'. (OPT-170)
Information: Changed wire load model for 'DW01_add_width27' from '(none)' to 'ForQA'. (OPT-170)
Information: Changed wire load model for '*ADD_TC_OP_27_27_27' from '(none)' to 'ForQA'. (OPT-170)
Information: Changed wire load model for 'DW01_add_width27' from '(none)' to 'ForQA'. (OPT-170)
Information: Changed wire load model for '*ADD_TC_OP_27_27_27' from '(none)' to 'ForQA'. (OPT-170)
Information: Changed wire load model for 'DW01_add_width27' from '(none)' to 'ForQA'. (OPT-170)
Information: Changed wire load model for '*ADD_TC_OP_27_27_27' from '(none)' to 'ForQA'. (OPT-170)
Information: Changed wire load model for 'DW01_add_width27' from '(none)' to 'ForQA'. (OPT-170)
Information: Changed wire load model for '*ADD_TC_OP_27_27_27' from '(none)' to 'ForQA'. (OPT-170)
Information: Changed wire load model for 'DW01_add_width27' from '(none)' to 'ForQA'. (OPT-170)
Information: Changed wire load model for '*ADD_TC_OP_27_27_27' from '(none)' to 'ForQA'. (OPT-170)
Information: Changed wire load model for 'DW01_add_width27' from '(none)' to 'ForQA'. (OPT-170)
Information: Changed wire load model for '*ADD_TC_OP_27_27_27' from '(none)' to 'ForQA'. (OPT-170)
Information: Changed wire load model for 'DW01_add_width27' from '(none)' to 'ForQA'. (OPT-170)
Information: Changed wire load model for '*ADD_TC_OP_27_27_27' from '(none)' to 'ForQA'. (OPT-170)
Information: Changed wire load model for 'DW01_add_width27' from '(none)' to 'ForQA'. (OPT-170)
Information: Changed wire load model for '*ADD_TC_OP_27_27_27' from '(none)' to 'ForQA'. (OPT-170)
Information: Changed wire load model for 'DW01_add_width27' from '(none)' to 'ForQA'. (OPT-170)
Information: Changed wire load model for '*ADD_TC_OP_27_27_27' from '(none)' to 'ForQA'. (OPT-170)
Information: Changed wire load model for 'DW01_add_width27' from '(none)' to 'ForQA'. (OPT-170)
Information: Changed wire load model for '*ADD_TC_OP_27_27_27' from '(none)' to 'ForQA'. (OPT-170)
Information: Changed wire load model for 'DW01_add_width27' from '(none)' to 'ForQA'. (OPT-170)
Information: Changed wire load model for '*ADD_TC_OP_27_27_27' from '(none)' to 'ForQA'. (OPT-170)
Information: Changed wire load model for 'DW01_add_width27' from '(none)' to 'ForQA'. (OPT-170)
Information: Changed wire load model for '*ADD_TC_OP_27_27_27' from '(none)' to 'ForQA'. (OPT-170)
Information: Changed wire load model for 'DW01_add_width27' from '(none)' to 'ForQA'. (OPT-170)
Information: Changed wire load model for '*ADD_TC_OP_27_27_27' from '(none)' to 'ForQA'. (OPT-170)
Information: Changed wire load model for 'DW01_add_width27' from '(none)' to 'ForQA'. (OPT-170)
Information: Changed wire load model for '*ADD_TC_OP_27_27_27' from '(none)' to 'ForQA'. (OPT-170)
Information: Changed wire load model for 'DW01_add_width27' from '(none)' to 'ForQA'. (OPT-170)
Information: Changed wire load model for '*ADD_TC_OP_27_27_27' from '(none)' to 'ForQA'. (OPT-170)
Information: Changed wire load model for 'DW02_mult' from '(none)' to 'ForQA'. (OPT-170)
Information: Changed wire load model for '*MULT_TC_OP_27_27_27' from '(none)' to 'ForQA'. (OPT-170)
Information: Changed wire load model for 'DW02_mult' from '(none)' to 'ForQA'. (OPT-170)
Information: Changed wire load model for '*MULT_TC_OP_27_27_27' from '(none)' to 'ForQA'. (OPT-170)
Information: Changed wire load model for 'DW02_mult' from '(none)' to 'ForQA'. (OPT-170)
Information: Changed wire load model for '*MULT_TC_OP_27_27_27' from '(none)' to 'ForQA'. (OPT-170)
Information: Changed wire load model for 'DW02_mult' from '(none)' to 'ForQA'. (OPT-170)
Information: Changed wire load model for '*MULT_TC_OP_27_27_27' from '(none)' to 'ForQA'. (OPT-170)
Information: Changed wire load model for 'DW02_mult' from '(none)' to 'ForQA'. (OPT-170)
Information: Changed wire load model for '*MULT_TC_OP_27_27_27' from '(none)' to 'ForQA'. (OPT-170)
Information: Changed wire load model for 'DW02_mult' from '(none)' to 'ForQA'. (OPT-170)
Information: Changed wire load model for '*MULT_TC_OP_27_27_27' from '(none)' to 'ForQA'. (OPT-170)
Information: Changed wire load model for 'DW02_mult' from '(none)' to 'ForQA'. (OPT-170)
Information: Changed wire load model for '*MULT_TC_OP_27_27_27' from '(none)' to 'ForQA'. (OPT-170)
Information: Changed wire load model for 'DW02_mult' from '(none)' to 'ForQA'. (OPT-170)
Information: Changed wire load model for '*MULT_TC_OP_27_27_27' from '(none)' to 'ForQA'. (OPT-170)
Information: Changed wire load model for 'DW02_mult' from '(none)' to 'ForQA'. (OPT-170)
Information: Changed wire load model for '*MULT_TC_OP_27_27_27' from '(none)' to 'ForQA'. (OPT-170)
Information: Changed wire load model for 'DW02_mult' from '(none)' to 'ForQA'. (OPT-170)
Information: Changed wire load model for '*MULT_TC_OP_27_27_27' from '(none)' to 'ForQA'. (OPT-170)
Information: Changed wire load model for 'DW02_mult' from '(none)' to 'ForQA'. (OPT-170)
Information: Changed wire load model for '*MULT_TC_OP_27_27_27' from '(none)' to 'ForQA'. (OPT-170)
Information: Changed wire load model for 'DW02_mult' from '(none)' to 'ForQA'. (OPT-170)
Information: Changed wire load model for '*MULT_TC_OP_27_27_27' from '(none)' to 'ForQA'. (OPT-170)
Information: Changed wire load model for 'DW02_mult' from '(none)' to 'ForQA'. (OPT-170)
Information: Changed wire load model for '*MULT_TC_OP_27_27_27' from '(none)' to 'ForQA'. (OPT-170)
Information: Changed wire load model for 'DW02_mult' from '(none)' to 'ForQA'. (OPT-170)
Information: Changed wire load model for '*MULT_TC_OP_27_27_27' from '(none)' to 'ForQA'. (OPT-170)
Information: Changed wire load model for 'DW02_mult' from '(none)' to 'ForQA'. (OPT-170)
Information: Changed wire load model for '*MULT_TC_OP_27_27_27' from '(none)' to 'ForQA'. (OPT-170)
Information: Changed wire load model for 'DW02_mult' from '(none)' to 'ForQA'. (OPT-170)
Information: Changed wire load model for '*MULT_TC_OP_27_27_27' from '(none)' to 'ForQA'. (OPT-170)
Information: Changed wire load model for 'DW02_mult' from '(none)' to 'ForQA'. (OPT-170)
Information: Changed wire load model for '*MULT_TC_OP_27_27_27' from '(none)' to 'ForQA'. (OPT-170)
Information: Changed wire load model for 'DW02_mult' from '(none)' to 'ForQA'. (OPT-170)
Information: Changed wire load model for '*MULT_TC_OP_27_27_27' from '(none)' to 'ForQA'. (OPT-170)
Information: Changed wire load model for 'DW02_mult' from '(none)' to 'ForQA'. (OPT-170)
Information: Changed wire load model for '*MULT_TC_OP_27_27_27' from '(none)' to 'ForQA'. (OPT-170)
Information: Changed wire load model for 'DW02_mult' from '(none)' to 'ForQA'. (OPT-170)
Information: Changed wire load model for '*MULT_TC_OP_27_27_27' from '(none)' to 'ForQA'. (OPT-170)
Information: Changed wire load model for 'DW02_mult' from '(none)' to 'ForQA'. (OPT-170)
Information: Changed wire load model for '*MULT_TC_OP_27_27_27' from '(none)' to 'ForQA'. (OPT-170)
Information: Changed wire load model for 'DW02_mult' from '(none)' to 'ForQA'. (OPT-170)
Information: Changed wire load model for '*MULT_TC_OP_27_27_27' from '(none)' to 'ForQA'. (OPT-170)
Information: Changed wire load model for 'DW02_mult' from '(none)' to 'ForQA'. (OPT-170)
Information: Changed wire load model for '*MULT_TC_OP_27_27_27' from '(none)' to 'ForQA'. (OPT-170)
Information: Changed wire load model for 'DW02_mult' from '(none)' to 'ForQA'. (OPT-170)
Information: Changed wire load model for '*MULT_TC_OP_27_27_27' from '(none)' to 'ForQA'. (OPT-170)
Information: Changed wire load model for 'DW02_mult' from '(none)' to 'ForQA'. (OPT-170)
Information: Changed wire load model for '*MULT_TC_OP_27_27_27' from '(none)' to 'ForQA'. (OPT-170)
Information: Changed wire load model for 'DW02_mult' from '(none)' to 'ForQA'. (OPT-170)
Information: Changed wire load model for '*MULT_TC_OP_27_27_27' from '(none)' to 'ForQA'. (OPT-170)
Information: Changed wire load model for 'DW02_mult' from '(none)' to 'ForQA'. (OPT-170)
Information: Changed wire load model for '*MULT_TC_OP_27_27_27' from '(none)' to 'ForQA'. (OPT-170)
Information: Changed wire load model for 'DW02_mult' from '(none)' to 'ForQA'. (OPT-170)
Information: Changed wire load model for '*MULT_TC_OP_27_27_27' from '(none)' to 'ForQA'. (OPT-170)
Information: Changed wire load model for 'DW02_mult' from '(none)' to 'ForQA'. (OPT-170)
Information: Changed wire load model for '*MULT_TC_OP_27_27_27' from '(none)' to 'ForQA'. (OPT-170)
Information: Changed wire load model for 'DW02_mult' from '(none)' to 'ForQA'. (OPT-170)
Information: Changed wire load model for '*MULT_TC_OP_27_27_27' from '(none)' to 'ForQA'. (OPT-170)
Information: Changed wire load model for 'DW02_mult' from '(none)' to 'ForQA'. (OPT-170)
Information: Changed wire load model for '*MULT_TC_OP_27_27_27' from '(none)' to 'ForQA'. (OPT-170)
Information: Changed wire load model for 'DW02_mult' from '(none)' to 'ForQA'. (OPT-170)
Information: Changed wire load model for '*MULT_TC_OP_27_27_27' from '(none)' to 'ForQA'. (OPT-170)
Information: Changed wire load model for 'DW02_mult' from '(none)' to 'ForQA'. (OPT-170)
Information: Changed wire load model for '*MULT_TC_OP_27_27_27' from '(none)' to 'ForQA'. (OPT-170)
Information: Changed wire load model for 'DW02_mult' from '(none)' to 'ForQA'. (OPT-170)
Information: Changed wire load model for '*MULT_TC_OP_27_27_27' from '(none)' to 'ForQA'. (OPT-170)
Information: Changed wire load model for 'DW02_mult' from '(none)' to 'ForQA'. (OPT-170)
Information: Changed wire load model for '*MULT_TC_OP_27_27_27' from '(none)' to 'ForQA'. (OPT-170)
Information: Changed wire load model for 'DW02_mult' from '(none)' to 'ForQA'. (OPT-170)
Information: Changed wire load model for '*MULT_TC_OP_27_27_27' from '(none)' to 'ForQA'. (OPT-170)
Information: Changed wire load model for 'DW02_mult' from '(none)' to 'ForQA'. (OPT-170)
Information: Changed wire load model for '*MULT_TC_OP_27_27_27' from '(none)' to 'ForQA'. (OPT-170)
Information: Changed wire load model for 'DW02_mult' from '(none)' to 'ForQA'. (OPT-170)
Information: Changed wire load model for '*MULT_TC_OP_27_27_27' from '(none)' to 'ForQA'. (OPT-170)
Information: Changed wire load model for 'DW02_mult' from '(none)' to 'ForQA'. (OPT-170)
Information: Changed wire load model for '*MULT_TC_OP_27_27_27' from '(none)' to 'ForQA'. (OPT-170)
Information: Changed wire load model for 'DW02_mult' from '(none)' to 'ForQA'. (OPT-170)
Information: Changed wire load model for '*MULT_TC_OP_27_27_27' from '(none)' to 'ForQA'. (OPT-170)
Information: Changed wire load model for 'DW02_mult' from '(none)' to 'ForQA'. (OPT-170)
Information: Changed wire load model for '*MULT_TC_OP_27_27_27' from '(none)' to 'ForQA'. (OPT-170)
Information: Changed wire load model for 'DW02_mult' from '(none)' to 'ForQA'. (OPT-170)
Information: Changed wire load model for '*MULT_TC_OP_27_27_27' from '(none)' to 'ForQA'. (OPT-170)
Information: Changed wire load model for 'DW02_mult' from '(none)' to 'ForQA'. (OPT-170)
Information: Changed wire load model for '*MULT_TC_OP_27_27_27' from '(none)' to 'ForQA'. (OPT-170)
Information: Changed wire load model for 'DW02_mult' from '(none)' to 'ForQA'. (OPT-170)
Information: Changed wire load model for '*MULT_TC_OP_27_27_27' from '(none)' to 'ForQA'. (OPT-170)
Information: Changed wire load model for 'DW02_mult' from '(none)' to 'ForQA'. (OPT-170)
Information: Changed wire load model for '*MULT_TC_OP_27_27_27' from '(none)' to 'ForQA'. (OPT-170)
Information: Changed wire load model for 'DW02_mult' from '(none)' to 'ForQA'. (OPT-170)
Information: Changed wire load model for '*MULT_TC_OP_27_27_27' from '(none)' to 'ForQA'. (OPT-170)
Information: Changed wire load model for 'DW02_mult' from '(none)' to 'ForQA'. (OPT-170)
Information: Changed wire load model for '*MULT_TC_OP_27_27_27' from '(none)' to 'ForQA'. (OPT-170)
Information: Changed wire load model for 'DW02_mult' from '(none)' to 'ForQA'. (OPT-170)
Information: Changed wire load model for '*MULT_TC_OP_27_27_27' from '(none)' to 'ForQA'. (OPT-170)
Information: Changed wire load model for 'DW02_mult' from '(none)' to 'ForQA'. (OPT-170)
Information: Changed wire load model for '*MULT_TC_OP_27_27_27' from '(none)' to 'ForQA'. (OPT-170)
Information: Changed wire load model for 'DW02_mult' from '(none)' to 'ForQA'. (OPT-170)
Information: Changed wire load model for '*MULT_TC_OP_27_27_27' from '(none)' to 'ForQA'. (OPT-170)
Information: Changed wire load model for 'DW02_mult' from '(none)' to 'ForQA'. (OPT-170)
Information: Changed wire load model for '*MULT_TC_OP_27_27_27' from '(none)' to 'ForQA'. (OPT-170)
Information: Changed wire load model for 'DW02_mult' from '(none)' to 'ForQA'. (OPT-170)
Information: Changed wire load model for '*MULT_TC_OP_27_27_27' from '(none)' to 'ForQA'. (OPT-170)
Information: Changed wire load model for 'DW02_mult' from '(none)' to 'ForQA'. (OPT-170)
Information: Changed wire load model for '*MULT_TC_OP_27_27_27' from '(none)' to 'ForQA'. (OPT-170)
Information: Changed wire load model for 'DW02_mult' from '(none)' to 'ForQA'. (OPT-170)
Information: Changed wire load model for '*MULT_TC_OP_27_27_27' from '(none)' to 'ForQA'. (OPT-170)
Information: Changed wire load model for 'DW02_mult' from '(none)' to 'ForQA'. (OPT-170)
Information: Changed wire load model for '*MULT_TC_OP_27_27_27' from '(none)' to 'ForQA'. (OPT-170)
Information: Changed wire load model for 'DW02_mult' from '(none)' to 'ForQA'. (OPT-170)
Information: Changed wire load model for '*MULT_TC_OP_27_27_27' from '(none)' to 'ForQA'. (OPT-170)
Information: Changed wire load model for 'DW02_mult' from '(none)' to 'ForQA'. (OPT-170)
Information: Changed wire load model for '*MULT_TC_OP_27_27_27' from '(none)' to 'ForQA'. (OPT-170)
Information: Changed wire load model for 'DW02_mult' from '(none)' to 'ForQA'. (OPT-170)
Information: Changed wire load model for '*MULT_TC_OP_27_27_27' from '(none)' to 'ForQA'. (OPT-170)
Information: Changed wire load model for 'DW02_mult' from '(none)' to 'ForQA'. (OPT-170)
Information: Changed wire load model for '*MULT_TC_OP_27_27_27' from '(none)' to 'ForQA'. (OPT-170)
Information: Changed wire load model for 'DW02_mult' from '(none)' to 'ForQA'. (OPT-170)
Information: Changed wire load model for '*MULT_TC_OP_27_27_27' from '(none)' to 'ForQA'. (OPT-170)
Information: Changed wire load model for 'DW02_mult' from '(none)' to 'ForQA'. (OPT-170)
Information: Changed wire load model for '*MULT_TC_OP_27_27_27' from '(none)' to 'ForQA'. (OPT-170)
Information: Changed wire load model for 'DW02_mult' from '(none)' to 'ForQA'. (OPT-170)
Information: Changed wire load model for '*MULT_TC_OP_27_27_27' from '(none)' to 'ForQA'. (OPT-170)
Information: Changed wire load model for 'DW02_mult' from '(none)' to 'ForQA'. (OPT-170)
Information: Changed wire load model for '*MULT_TC_OP_27_27_27' from '(none)' to 'ForQA'. (OPT-170)
Information: Changed wire load model for 'DW02_mult' from '(none)' to 'ForQA'. (OPT-170)
Information: Changed wire load model for '*MULT_TC_OP_27_27_27' from '(none)' to 'ForQA'. (OPT-170)
Information: Updating design information... (UID-85)
Warning: Design 'pre_calfixed' contains 1 high-fanout nets. A fanout number of 1000 will be used for delay calculations involving these nets. (TIM-134)

Information: Checking generated_clocks...

Information: Checking loops...

Information: Checking no_input_delay...

Information: Checking unconstrained_endpoints...

Information: Checking pulse_clock_cell_type...

Information: Checking no_driving_cell...

Information: Checking partial_input_delay...
1
